Archive member included to satisfy reference by file (symbol)

/home/arch/infosec/club/magpieCTF-2024/challenges/binary-exploitation/freedom_of_thought/src/build/elf/rtld-libc.a(rtld-check_fds.os)
                              /home/arch/infosec/club/magpieCTF-2024/challenges/binary-exploitation/freedom_of_thought/src/build/elf/dl-allobjs.os (__libc_check_standard_fds)
/home/arch/infosec/club/magpieCTF-2024/challenges/binary-exploitation/freedom_of_thought/src/build/elf/rtld-libc.a(rtld-errno.os)
                              /home/arch/infosec/club/magpieCTF-2024/challenges/binary-exploitation/freedom_of_thought/src/build/elf/dl-allobjs.os (rtld_errno)
/home/arch/infosec/club/magpieCTF-2024/challenges/binary-exploitation/freedom_of_thought/src/build/elf/rtld-libc.a(rtld-closedir.os)
                              /home/arch/infosec/club/magpieCTF-2024/challenges/binary-exploitation/freedom_of_thought/src/build/elf/dl-allobjs.os (__closedir)
/home/arch/infosec/club/magpieCTF-2024/challenges/binary-exploitation/freedom_of_thought/src/build/elf/rtld-libc.a(rtld-readdir.os)
                              /home/arch/infosec/club/magpieCTF-2024/challenges/binary-exploitation/freedom_of_thought/src/build/elf/dl-allobjs.os (__readdir)
/home/arch/infosec/club/magpieCTF-2024/challenges/binary-exploitation/freedom_of_thought/src/build/elf/rtld-libc.a(rtld-rewinddir.os)
                              /home/arch/infosec/club/magpieCTF-2024/challenges/binary-exploitation/freedom_of_thought/src/build/elf/dl-allobjs.os (__rewinddir)
/home/arch/infosec/club/magpieCTF-2024/challenges/binary-exploitation/freedom_of_thought/src/build/elf/rtld-libc.a(rtld-getdents.os)
                              /home/arch/infosec/club/magpieCTF-2024/challenges/binary-exploitation/freedom_of_thought/src/build/elf/rtld-libc.a(rtld-readdir.os) (__getdents)
/home/arch/infosec/club/magpieCTF-2024/challenges/binary-exploitation/freedom_of_thought/src/build/elf/rtld-libc.a(rtld-fdopendir.os)
                              /home/arch/infosec/club/magpieCTF-2024/challenges/binary-exploitation/freedom_of_thought/src/build/elf/dl-allobjs.os (__fdopendir)
/home/arch/infosec/club/magpieCTF-2024/challenges/binary-exploitation/freedom_of_thought/src/build/elf/rtld-libc.a(rtld-dl-addr-obj.os)
                              /home/arch/infosec/club/magpieCTF-2024/challenges/binary-exploitation/freedom_of_thought/src/build/elf/dl-allobjs.os (_dl_addr_inside_object)
/home/arch/infosec/club/magpieCTF-2024/challenges/binary-exploitation/freedom_of_thought/src/build/elf/rtld-libc.a(rtld-profil.os)
                              /home/arch/infosec/club/magpieCTF-2024/challenges/binary-exploitation/freedom_of_thought/src/build/elf/dl-allobjs.os (__profil)
/home/arch/infosec/club/magpieCTF-2024/challenges/binary-exploitation/freedom_of_thought/src/build/elf/rtld-libc.a(rtld-prof-freq.os)
                              /home/arch/infosec/club/magpieCTF-2024/challenges/binary-exploitation/freedom_of_thought/src/build/elf/dl-allobjs.os (__profile_frequency)
/home/arch/infosec/club/magpieCTF-2024/challenges/binary-exploitation/freedom_of_thought/src/build/elf/rtld-libc.a(rtld-xstat.os)
                              /home/arch/infosec/club/magpieCTF-2024/challenges/binary-exploitation/freedom_of_thought/src/build/elf/dl-allobjs.os (__GI___xstat64)
/home/arch/infosec/club/magpieCTF-2024/challenges/binary-exploitation/freedom_of_thought/src/build/elf/rtld-libc.a(rtld-fxstat.os)
                              /home/arch/infosec/club/magpieCTF-2024/challenges/binary-exploitation/freedom_of_thought/src/build/elf/dl-allobjs.os (__GI___fxstat64)
/home/arch/infosec/club/magpieCTF-2024/challenges/binary-exploitation/freedom_of_thought/src/build/elf/rtld-libc.a(rtld-lxstat.os)
                              /home/arch/infosec/club/magpieCTF-2024/challenges/binary-exploitation/freedom_of_thought/src/build/elf/dl-allobjs.os (__GI___lxstat64)
/home/arch/infosec/club/magpieCTF-2024/challenges/binary-exploitation/freedom_of_thought/src/build/elf/rtld-libc.a(rtld-open64.os)
                              /home/arch/infosec/club/magpieCTF-2024/challenges/binary-exploitation/freedom_of_thought/src/build/elf/dl-allobjs.os (__open)
/home/arch/infosec/club/magpieCTF-2024/challenges/binary-exploitation/freedom_of_thought/src/build/elf/rtld-libc.a(rtld-read.os)
                              /home/arch/infosec/club/magpieCTF-2024/challenges/binary-exploitation/freedom_of_thought/src/build/elf/dl-allobjs.os (__libc_read)
/home/arch/infosec/club/magpieCTF-2024/challenges/binary-exploitation/freedom_of_thought/src/build/elf/rtld-libc.a(rtld-write.os)
                              /home/arch/infosec/club/magpieCTF-2024/challenges/binary-exploitation/freedom_of_thought/src/build/elf/dl-allobjs.os (__libc_write)
/home/arch/infosec/club/magpieCTF-2024/challenges/binary-exploitation/freedom_of_thought/src/build/elf/rtld-libc.a(rtld-lseek64.os)
[...]
Memory Configuration

Name             Origin             Length             Attributes
*default*        0x0000000000000000 0xffffffffffffffff

Linker script and memory map

START GROUP
LOAD /home/arch/infosec/club/magpieCTF-2024/challenges/binary-exploitation/freedom_of_thought/src/build/elf/dl-allobjs.os
LOAD /home/arch/infosec/club/magpieCTF-2024/challenges/binary-exploitation/freedom_of_thought/src/build/elf/rtld-libc.a
LOAD /usr/lib/gcc/x86_64-pc-linux-gnu/13.1.1/libgcc.a
END GROUP

.interp
 *(.interp)

.note.gnu.property
                0x0000000000000000       0x30
 .note.gnu.property
                0x0000000000000000       0x30 /home/arch/infosec/club/magpieCTF-2024/challenges/binary-exploitation/freedom_of_thought/src/build/elf/dl-allobjs.os

.note.gnu.build-id
 *(.note.gnu.build-id)

.hash
 *(.hash)

.gnu.hash
 *(.gnu.hash)

.dynsym
 *(.dynsym)

.dynstr
 *(.dynstr)

.gnu.version
 *(.gnu.version)

.gnu.version_d
 *(.gnu.version_d)

.gnu.version_r
 *(.gnu.version_r)

.rela.init
 *(.rela.init)

.rela.text
 *(.rela.text)

.rela.fini
 *(.rela.fini)

.rela.rodata
 *(.rela.rodata)

.rela.data.rel.ro
 *(.rela.data.rel.ro)

.rela.data
 *(.rela.data)

.rela.tdata
 *(.rela.tdata)

.rela.tbss
 *(.rela.tbss)

.rela.ctors
 *(.rela.ctors)

.rela.dtors
 *(.rela.dtors)

.rela.got
 *(.rela.got)

.rela.bss
 *(.rela.bss)

.rela.ldata
 *(.rela.ldata)

.rela.lbss
 *(.rela.lbss)

.rela.lrodata
 *(.rela.lrodata)

.rela.ifunc
 *(.rela.ifunc)

.rela.plt
 *(.rela.plt)

.relr.dyn
 *(.relr.dyn)

.init
 *(SORT_NONE(.init))

.plt
 *(.plt)

.plt.got
 *(.plt.got)

.plt.sec
 *(.plt.sec)

.text           0x0000000000000000    0x1ce40
 *(.text .stub)
 .text          0x0000000000000000    0x19ac0 /home/arch/infosec/club/magpieCTF-2024/challenges/binary-exploitation/freedom_of_thought/src/build/elf/dl-allobjs.os
                0x0000000000000000                _start
                0x0000000000000008                _dl_start_user
                0x0000000000001380                handle_ld_preload
                0x0000000000006eb0                _dl_dst_count
                0x0000000000006f60                _dl_dst_substitute
                0x0000000000007820                _dl_init_paths
                0x0000000000007b30                _dl_map_object
                0x00000000000086f0                _dl_rtld_di_serinfo
                0x0000000000009840                _dl_lookup_symbol_x
                0x000000000000aa60                _dl_setup_hash
                0x000000000000ab20                _dl_add_to_namespace_list
                0x000000000000abd0                _dl_new_object
                0x000000000000af30                _dl_try_allocate_static_tls
                0x000000000000b020                _dl_allocate_static_tls
                0x000000000000b050                _dl_nothread_init_static_tls
                0x000000000000b090                _dl_protect_relro
                0x000000000000b0f0                _dl_reloc_bad_type
                0x000000000000b1c0                _dl_relocate_object
                0x000000000000cb80                _dl_map_object_deps
                0x000000000000df20                _dl_important_hwcaps
                0x000000000000e760                _dl_fixup
                0x000000000000e910                _dl_profile_fixup
                0x000000000000eef0                _dl_call_pltexit
                0x000000000000f130                _dl_init
                0x000000000000f270                _dl_sort_fini
                0x000000000000f500                _dl_fini
                0x000000000000f8c0                _dl_debug_state
                0x000000000000f8c0                __GI__dl_debug_state
                0x000000000000f8d0                _dl_debug_initialize
                0x000000000000ffd0                _dl_sysdep_read_whole_file
                0x0000000000010070                _dl_debug_printf
                0x0000000000010120                _dl_debug_printf_c
                0x00000000000101d0                _dl_dprintf
                0x0000000000010270                _dl_name_match_p
                0x00000000000102e0                _dl_higher_prime_number
                0x0000000000010330                _dl_strtoul
                0x0000000000010870                _dl_check_map_versions
                0x0000000000010d10                _dl_check_all_versions
                0x0000000000010d80                _dl_start_profile
                0x00000000000114f0                __GI__dl_mcount
                0x00000000000114f0                _dl_mcount
                0x0000000000011a20                _dl_next_tls_modid
                0x0000000000011b10                _dl_count_modids
                0x0000000000011b80                _dl_determine_tlsoffset
                0x0000000000011d40                _dl_get_tls_static_info
                0x0000000000011d60                _dl_allocate_tls_storage
                0x0000000000011e20                __GI__dl_allocate_tls_init
                0x0000000000011e20                _dl_allocate_tls_init
                0x0000000000012060                __GI__dl_allocate_tls
                0x0000000000012060                _dl_allocate_tls
                0x00000000000120d0                _dl_deallocate_tls
                0x00000000000120d0                __GI__dl_deallocate_tls
                0x0000000000012150                _dl_update_slotinfo
                0x00000000000123a0                __GI___tls_get_addr
                0x00000000000123a0                ___tls_get_addr
                0x00000000000123e0                _dl_tls_get_addr_soft
                0x0000000000012450                _dl_add_to_slotinfo
                0x0000000000012540                __tls_get_addr_slow
                0x0000000000012570                _dl_get_origin
                0x00000000000126f0                _dl_scope_free
                0x00000000000127b0                _dl_make_stack_executable
                0x00000000000127b0                __GI__dl_make_stack_executable
                0x0000000000012840                _dl_check_caller
                0x0000000000012d30                __GI__dl_find_dso_for_object
                0x0000000000012d30                _dl_find_dso_for_object
                0x0000000000012e00                _dl_open
                0x00000000000131c0                _dl_show_scope
                0x0000000000013d90                _dl_close_worker
                0x0000000000014e80                _dl_close
                0x0000000000014ef0                _dl_runtime_profile_avx512
                0x0000000000015370                _dl_runtime_profile_avx
                0x00000000000157f0                _dl_runtime_profile_sse
                0x00000000000159f0                _dl_runtime_resolve_fxsave
                0x0000000000015a70                _dl_runtime_resolve_xsave
                0x0000000000015b40                _dl_runtime_resolve_xsavec
                0x0000000000015c00                _dl_cache_libcmp
                0x0000000000015cc0                _dl_load_cache_lookup
                0x00000000000162d0                _dl_unload_cache
                0x0000000000016360                __tunable_set_val
                0x0000000000016380                __GI___tunables_init
                0x0000000000016900                __tunable_get_val
                0x0000000000016900                __GI___tunable_get_val
                0x0000000000016970                _dl_make_tlsdesc_dynamic
                0x0000000000016c50                _dl_tlsdesc_resolve_rela_fixup
                0x0000000000016e20                _dl_tlsdesc_resolve_hold_fixup
                0x0000000000016e50                _dl_unmap
                0x0000000000016ed0                _dl_tlsdesc_return
                0x0000000000016ee0                _dl_tlsdesc_undefweak
                0x0000000000016ef0                _dl_tlsdesc_dynamic
                0x0000000000016f90                _dl_tlsdesc_resolve_rela
                0x0000000000017000                _dl_tlsdesc_resolve_hold
                0x0000000000017080                __tls_get_addr
                0x00000000000170c0                __get_cpu_features
                0x00000000000170d0                _dl_tunable_set_hwcaps
                0x0000000000017d70                _dl_sysdep_start
                0x0000000000018470                _dl_sysdep_start_cleanup
                0x0000000000018480                _dl_show_auxv
                0x0000000000018640                _dl_discover_osversion
                0x0000000000018820                _dl_next_ld_env_entry
                0x0000000000018870                unsetenv
                0x00000000000188f0                malloc
                0x0000000000018a10                calloc
                0x0000000000018a40                free
                0x0000000000018a80                __sigjmp_save
                0x0000000000018a90                __strerror_r
                0x0000000000018b80                __GI___libc_fatal
                0x0000000000018b80                __libc_fatal
                0x0000000000018bb0                __GI___chk_fail
                0x0000000000018bb0                __chk_fail
                0x0000000000018bc0                __GI___assert_fail
                0x0000000000018bc0                __assert_fail
                0x0000000000018c10                realloc
                0x0000000000018ca0                __GI___assert_perror_fail
                0x0000000000018ca0                __assert_perror_fail
                0x0000000000018d10                _itoa
                0x0000000000018d70                __strsep
                0x0000000000018d70                strsep
                0x0000000000018d70                __strsep_g
                0x0000000000018df0                _dl_signal_error
                0x0000000000018fa0                _dl_signal_cerror
                0x0000000000019020                _dl_catch_error
                0x00000000000190f0                _dl_receive_error
                0x0000000000019140                _dl_resolve_conflicts
                0x00000000000192c0                __brk
                0x00000000000192c0                brk
                0x0000000000019310                sbrk
                0x0000000000019310                __sbrk
                0x00000000000193a0                __getcwd
                0x00000000000193a0                getcwd
                0x0000000000019870                openat64
                0x00000000000198d0                __alloc_dir
                0x00000000000199a0                __opendir
                0x00000000000199a0                opendir
                0x0000000000019a70                __fxstatat
                0x0000000000019a70                __fxstatat64
                0x0000000000019a70                __GI___fxstatat64
 .text          0x0000000000019ac0       0xf2 /home/arch/infosec/club/magpieCTF-2024/challenges/binary-exploitation/freedom_of_thought/src/build/elf/rtld-libc.a(rtld-check_fds.os)
                0x0000000000019b80                __libc_check_standard_fds
 .text          0x0000000000019bb2        0x0 /home/arch/infosec/club/magpieCTF-2024/challenges/binary-exploitation/freedom_of_thought/src/build/elf/rtld-libc.a(rtld-errno.os)
 *fill*         0x0000000000019bb2        0xe 
 .text          0x0000000000019bc0       0x47 /home/arch/infosec/club/magpieCTF-2024/challenges/binary-exploitation/freedom_of_thought/src/build/elf/rtld-libc.a(rtld-closedir.os)
                0x0000000000019bc0                __closedir
                0x0000000000019bc0                closedir
 *fill*         0x0000000000019c07        0x9 
 .text          0x0000000000019c10       0x8e /home/arch/infosec/club/magpieCTF-2024/challenges/binary-exploitation/freedom_of_thought/src/build/elf/rtld-libc.a(rtld-readdir.os)
                0x0000000000019c10                readdir
                0x0000000000019c10                __readdir64
                0x0000000000019c10                __readdir
                0x0000000000019c10                readdir64
 *fill*         0x0000000000019c9e        0x2 
 .text          0x0000000000019ca0       0x28 /home/arch/infosec/club/magpieCTF-2024/challenges/binary-exploitation/freedom_of_thought/src/build/elf/rtld-libc.a(rtld-rewinddir.os)
                0x0000000000019ca0                rewinddir
                0x0000000000019ca0                __rewinddir
 *fill*         0x0000000000019cc8        0x8 
 .text          0x0000000000019cd0       0x89 /home/arch/infosec/club/magpieCTF-2024/challenges/binary-exploitation/freedom_of_thought/src/build/elf/rtld-libc.a(rtld-getdents.os)
                0x0000000000019cd0                __getdents
                0x0000000000019cd0                __getdents64
 *fill*         0x0000000000019d59        0x7 
 .text          0x0000000000019d60       0x8e /home/arch/infosec/club/magpieCTF-2024/challenges/binary-exploitation/freedom_of_thought/src/build/elf/rtld-libc.a(rtld-fdopendir.os)
                0x0000000000019d60                fdopendir
                0x0000000000019d60                __fdopendir
 *fill*         0x0000000000019dee        0x2 
 .text          0x0000000000019df0       0x7b /home/arch/infosec/club/magpieCTF-2024/challenges/binary-exploitation/freedom_of_thought/src/build/elf/rtld-libc.a(rtld-dl-addr-obj.os)
                0x0000000000019df0                _dl_addr_inside_object
 *fill*         0x0000000000019e6b        0x5 
 .text          0x0000000000019e70      0x11b /home/arch/infosec/club/magpieCTF-2024/challenges/binary-exploitation/freedom_of_thought/src/build/elf/rtld-libc.a(rtld-profil.os)
                0x0000000000019ec0                __profil
                0x0000000000019ec0                profil
 *fill*         0x0000000000019f8b        0x5 
 .text          0x0000000000019f90        0x7 /home/arch/infosec/club/magpieCTF-2024/challenges/binary-exploitation/freedom_of_thought/src/build/elf/rtld-libc.a(rtld-prof-freq.os)
                0x0000000000019f90                __profile_frequency
 *fill*         0x0000000000019f97        0x9 
 .text          0x0000000000019fa0       0x40 /home/arch/infosec/club/magpieCTF-2024/challenges/binary-exploitation/freedom_of_thought/src/build/elf/rtld-libc.a(rtld-xstat.os)
                0x0000000000019fa0                _xstat
                0x0000000000019fa0                __xstat64
                0x0000000000019fa0                __GI___xstat64
                0x0000000000019fa0                __GI___xstat
                0x0000000000019fa0                __xstat
 .text          0x0000000000019fe0       0x40 /home/arch/infosec/club/magpieCTF-2024/challenges/binary-exploitation/freedom_of_thought/src/build/elf/rtld-libc.a(rtld-fxstat.os)
                0x0000000000019fe0                __GI___fxstat
                0x0000000000019fe0                __GI___fxstat64
                0x0000000000019fe0                __fxstat64
                0x0000000000019fe0                _fxstat
                0x0000000000019fe0                __fxstat
 .text          0x000000000001a020       0x40 /home/arch/infosec/club/magpieCTF-2024/challenges/binary-exploitation/freedom_of_thought/src/build/elf/rtld-libc.a(rtld-lxstat.os)
                0x000000000001a020                __GI___lxstat
                0x000000000001a020                _lxstat
                0x000000000001a020                __lxstat
                0x000000000001a020                __lxstat64
                0x000000000001a020                __GI___lxstat64
 .text          0x000000000001a060       0x76 /home/arch/infosec/club/magpieCTF-2024/challenges/binary-exploitation/freedom_of_thought/src/build/elf/rtld-libc.a(rtld-open64.os)
                0x000000000001a060                __open
                0x000000000001a060                __libc_open64
                0x000000000001a060                __libc_open
                0x000000000001a060                open64
                0x000000000001a060                open
                0x000000000001a060                __open64
 *fill*         0x000000000001a0d6        0xa 
 .text          0x000000000001a0e0       0x20 /home/arch/infosec/club/magpieCTF-2024/challenges/binary-exploitation/freedom_of_thought/src/build/elf/rtld-libc.a(rtld-read.os)
                0x000000000001a0e0                __read
                0x000000000001a0e0                __libc_read
                0x000000000001a0e0                read
 .text          0x000000000001a100       0x28 /home/arch/infosec/club/magpieCTF-2024/challenges/binary-exploitation/freedom_of_thought/src/build/elf/rtld-libc.a(rtld-write.os)
                0x000000000001a100                __write
                0x000000000001a100                write
                0x000000000001a100                __libc_write
 *fill*         0x000000000001a128        0x8 
 .text          0x000000000001a130       0x30 /home/arch/infosec/club/magpieCTF-2024/challenges/binary-exploitation/freedom_of_thought/src/build/elf/rtld-libc.a(rtld-lseek64.os)
                0x000000000001a130                __lseek64
                0x000000000001a130                lseek
                0x000000000001a130                __libc_lseek64
                0x000000000001a130                llseek
                0x000000000001a130                __lseek
                0x000000000001a130                __libc_lseek
                0x000000000001a130                lseek64
 .text          0x000000000001a160       0x26 /home/arch/infosec/club/magpieCTF-2024/challenges/binary-exploitation/freedom_of_thought/src/build/elf/rtld-libc.a(rtld-access.os)
                0x000000000001a160                access
                0x000000000001a160                __access
 *fill*         0x000000000001a186        0xa 
 .text          0x000000000001a190       0x92 /home/arch/infosec/club/magpieCTF-2024/challenges/binary-exploitation/freedom_of_thought/src/build/elf/rtld-libc.a(rtld-fcntl.os)
                0x000000000001a190                __libc_fcntl
                0x000000000001a190                __fcntl
                0x000000000001a190                fcntl
 *fill*         0x000000000001a222        0xe 
 .text          0x000000000001a230       0x26 /home/arch/infosec/club/magpieCTF-2024/challenges/binary-exploitation/freedom_of_thought/src/build/elf/rtld-libc.a(rtld-close.os)
                0x000000000001a230                __libc_close
                0x000000000001a230                __close
                0x000000000001a230                close
 *fill*         0x000000000001a256        0xa 
 .text          0x000000000001a260       0x99 /home/arch/infosec/club/magpieCTF-2024/challenges/binary-exploitation/freedom_of_thought/src/build/elf/rtld-libc.a(rtld-mmap64.os)
                0x000000000001a260                __mmap
                0x000000000001a260                mmap
                0x000000000001a260                __mmap64
                0x000000000001a260                mmap64
 *fill*         0x000000000001a2f9        0x7 
 .text          0x000000000001a300       0x20 /home/arch/infosec/club/magpieCTF-2024/challenges/binary-exploitation/freedom_of_thought/src/build/elf/rtld-libc.a(rtld-munmap.os)
                0x000000000001a300                munmap
                0x000000000001a300                __GI___munmap
                0x000000000001a300                __GI_munmap
                0x000000000001a300                __munmap
 .text          0x000000000001a320       0x20 /home/arch/infosec/club/magpieCTF-2024/challenges/binary-exploitation/freedom_of_thought/src/build/elf/rtld-libc.a(rtld-mprotect.os)
                0x000000000001a320                __mprotect
                0x000000000001a320                __GI___mprotect
                0x000000000001a320                __GI_mprotect
                0x000000000001a320                mprotect
 .text          0x000000000001a340       0x20 /home/arch/infosec/club/magpieCTF-2024/challenges/binary-exploitation/freedom_of_thought/src/build/elf/rtld-libc.a(rtld-uname.os)
                0x000000000001a340                uname
                0x000000000001a340                __GI_uname
                0x000000000001a340                __uname
                0x000000000001a340                __GI___uname
 .text          0x000000000001a360       0x4a /home/arch/infosec/club/magpieCTF-2024/challenges/binary-exploitation/freedom_of_thought/src/build/elf/rtld-libc.a(rtld-_exit.os)
                0x000000000001a360                _Exit
                0x000000000001a360                __GI__exit
                0x000000000001a360                _exit
 *fill*         0x000000000001a3aa        0x6 
 .text          0x000000000001a3b0        0x8 /home/arch/infosec/club/magpieCTF-2024/challenges/binary-exploitation/freedom_of_thought/src/build/elf/rtld-libc.a(rtld-getpid.os)
                0x000000000001a3b0                __getpid
                0x000000000001a3b0                getpid
                0x000000000001a3b0                __GI_getpid
                0x000000000001a3b0                __GI___getpid
 .text          0x000000000001a3b8        0x0 /home/arch/infosec/club/magpieCTF-2024/challenges/binary-exploitation/freedom_of_thought/src/build/elf/rtld-libc.a(rtld-environ.os)
 *fill*         0x000000000001a3b8        0x8 
 .text          0x000000000001a3c0       0x4f /home/arch/infosec/club/magpieCTF-2024/challenges/binary-exploitation/freedom_of_thought/src/build/elf/rtld-libc.a(rtld-setjmp.os)
                0x000000000001a3c0                __sigsetjmp
                0x000000000001a3c0                __GI___sigsetjmp
 *fill*         0x000000000001a40f        0x1 
 .text          0x000000000001a410       0x4a /home/arch/infosec/club/magpieCTF-2024/challenges/binary-exploitation/freedom_of_thought/src/build/elf/rtld-libc.a(rtld-__longjmp.os)
                0x000000000001a410                __longjmp
 *fill*         0x000000000001a45a        0x6 
 .text          0x000000000001a460      0x1e0 /home/arch/infosec/club/magpieCTF-2024/challenges/binary-exploitation/freedom_of_thought/src/build/elf/rtld-libc.a(rtld-sigaction.os)
                0x000000000001a480                __libc_sigaction
                0x000000000001a620                sigaction
                0x000000000001a620                __sigaction
 .text          0x000000000001a640       0x39 /home/arch/infosec/club/magpieCTF-2024/challenges/binary-exploitation/freedom_of_thought/src/build/elf/rtld-libc.a(rtld-strdup.os)
                0x000000000001a640                __strdup
                0x000000000001a640                strdup
 *fill*         0x000000000001a679        0x7 
 .text          0x000000000001a680     0x1439 /home/arch/infosec/club/magpieCTF-2024/challenges/binary-exploitation/freedom_of_thought/src/build/elf/rtld-libc.a(rtld-strcmp-sse2.os)
                0x000000000001a680                strcmp
 *fill*         0x000000000001bab9        0x7 
 .text          0x000000000001bac0      0x323 /home/arch/infosec/club/magpieCTF-2024/challenges/binary-exploitation/freedom_of_thought/src/build/elf/rtld-libc.a(rtld-memchr-sse2.os)
                0x000000000001bac0                memchr
                0x000000000001bac0                __memchr
 *fill*         0x000000000001bde3        0xd 
 .text          0x000000000001bdf0      0x1f9 /home/arch/infosec/club/magpieCTF-2024/challenges/binary-exploitation/freedom_of_thought/src/build/elf/rtld-libc.a(rtld-rawmemchr-sse2.os)
                0x000000000001bdf0                __rawmemchr
                0x000000000001bdf0                rawmemchr
 *fill*         0x000000000001bfe9        0x7 
 .text          0x000000000001bff0      0x400 /home/arch/infosec/club/magpieCTF-2024/challenges/binary-exploitation/freedom_of_thought/src/build/elf/rtld-libc.a(rtld-memcmp-sse2.os)
                0x000000000001bff0                bcmp
                0x000000000001bff0                memcmp
 .text          0x000000000001c3f0      0x21a /home/arch/infosec/club/magpieCTF-2024/challenges/binary-exploitation/freedom_of_thought/src/build/elf/rtld-libc.a(rtld-strchr-sse2.os)
                0x000000000001c3f0                index
                0x000000000001c3f0                strchr
 *fill*         0x000000000001c60a        0x6 
 .text          0x000000000001c610      0x19c /home/arch/infosec/club/magpieCTF-2024/challenges/binary-exploitation/freedom_of_thought/src/build/elf/rtld-libc.a(rtld-strlen-sse2.os)
                0x000000000001c610                strlen
 *fill*         0x000000000001c7ac        0x4 
 .text          0x000000000001c7b0      0x218 /home/arch/infosec/club/magpieCTF-2024/challenges/binary-exploitation/freedom_of_thought/src/build/elf/rtld-libc.a(rtld-strnlen-sse2.os)
                0x000000000001c7b0                __strnlen
                0x000000000001c7b0                strnlen
 *fill*         0x000000000001c9c8        0x8 
 .text          0x000000000001c9d0       0xdc /home/arch/infosec/club/magpieCTF-2024/challenges/binary-exploitation/freedom_of_thought/src/build/elf/rtld-libc.a(rtld-stpcpy-sse2.os)
                0x000000000001c9d0                stpcpy
                0x000000000001c9d0                __stpcpy
 *fill*         0x000000000001caac        0x4 
 .text          0x000000000001cab0       0x97 /home/arch/infosec/club/magpieCTF-2024/challenges/binary-exploitation/freedom_of_thought/src/build/elf/rtld-libc.a(rtld-strcspn-sse2.os)
                0x000000000001cab0                strcspn
 *fill*         0x000000000001cb47        0x9 
 .text          0x000000000001cb50      0x1ed /home/arch/infosec/club/magpieCTF-2024/challenges/binary-exploitation/freedom_of_thought/src/build/elf/rtld-libc.a(rtld-memmove-sse2-unaligned-erms.os)
                0x000000000001cb50                mempcpy
                0x000000000001cb50                __mempcpy
                0x000000000001cb60                memmove
                0x000000000001cb60                memcpy
 *fill*         0x000000000001cd3d        0x3 
 .text          0x000000000001cd40       0xda /home/arch/infosec/club/magpieCTF-2024/challenges/binary-exploitation/freedom_of_thought/src/build/elf/rtld-libc.a(rtld-memset-sse2-unaligned-erms.os)
                0x000000000001cd40                memset
 *fill*         0x000000000001ce1a        0x6 
 .text          0x000000000001ce20       0x20 /home/arch/infosec/club/magpieCTF-2024/challenges/binary-exploitation/freedom_of_thought/src/build/elf/rtld-libc.a(rtld-setitimer.os)
                0x000000000001ce20                setitimer
                0x000000000001ce20                __setitimer
                0x000000000001ce20                __GI_setitimer
                0x000000000001ce20                __GI___setitimer
 *(.gnu.warning)

.fini
 *(SORT_NONE(.fini))

.rodata         0x0000000000000000      0xbf8
 *(.rodata)
 .rodata        0x0000000000000000      0xbb4 /home/arch/infosec/club/magpieCTF-2024/challenges/binary-exploitation/freedom_of_thought/src/build/elf/dl-allobjs.os
 *fill*         0x0000000000000bb4        0x4 
 .rodata        0x0000000000000bb8       0x40 /home/arch/infosec/club/magpieCTF-2024/challenges/binary-exploitation/freedom_of_thought/src/build/elf/rtld-libc.a(rtld-strcmp-sse2.os)

.rodata.str1.1  0x0000000000000000     0x121d
 .rodata.str1.1
                0x0000000000000000     0x1209 /home/arch/infosec/club/magpieCTF-2024/challenges/binary-exploitation/freedom_of_thought/src/build/elf/dl-allobjs.os
 .rodata.str1.1
                0x0000000000001209       0x14 /home/arch/infosec/club/magpieCTF-2024/challenges/binary-exploitation/freedom_of_thought/src/build/elf/rtld-libc.a(rtld-check_fds.os)

.rodata.str1.8  0x0000000000000000     0x23d9
 .rodata.str1.8
                0x0000000000000000     0x23d9 /home/arch/infosec/club/magpieCTF-2024/challenges/binary-exploitation/freedom_of_thought/src/build/elf/dl-allobjs.os

.rodata.str1.16
                0x0000000000000000      0x356
 .rodata.str1.16
                0x0000000000000000      0x356 /home/arch/infosec/club/magpieCTF-2024/challenges/binary-exploitation/freedom_of_thought/src/build/elf/dl-allobjs.os
                0x0000000000000320                __GI__itoa_lower_digits
                0x0000000000000320                _itoa_lower_digits

.rodata.cst16   0x0000000000000000       0x30
 .rodata.cst16  0x0000000000000000       0x30 /home/arch/infosec/club/magpieCTF-2024/challenges/binary-exploitation/freedom_of_thought/src/build/elf/dl-allobjs.os

.rodata.cst4    0x0000000000000000        0x4
 .rodata.cst4   0x0000000000000000        0x4 /home/arch/infosec/club/magpieCTF-2024/challenges/binary-exploitation/freedom_of_thought/src/build/elf/dl-allobjs.os

.rodata.str1.32
                0x0000000000000000       0xbb
 .rodata.str1.32
                0x0000000000000000       0xbb /home/arch/infosec/club/magpieCTF-2024/challenges/binary-exploitation/freedom_of_thought/src/build/elf/dl-allobjs.os

.rodata.cst2    0x0000000000000000        0x2
 .rodata.cst2   0x0000000000000000        0x2 /home/arch/infosec/club/magpieCTF-2024/challenges/binary-exploitation/freedom_of_thought/src/build/elf/dl-allobjs.os

.rodata1
 *(.rodata1)

.eh_frame_hdr
 *(.eh_frame_hdr)

.eh_frame       0x0000000000000000     0x2b74
 *(.eh_frame)
 .eh_frame      0x0000000000000000     0x21d0 /home/arch/infosec/club/magpieCTF-2024/challenges/binary-exploitation/freedom_of_thought/src/build/elf/dl-allobjs.os
                                       0x2214 (size before relaxing)
 *fill*         0x00000000000021d0        0x0 
 .eh_frame      0x00000000000021d0       0x68 /home/arch/infosec/club/magpieCTF-2024/challenges/binary-exploitation/freedom_of_thought/src/build/elf/rtld-libc.a(rtld-check_fds.os)
 .eh_frame      0x0000000000002238       0x40 /home/arch/infosec/club/magpieCTF-2024/challenges/binary-exploitation/freedom_of_thought/src/build/elf/rtld-libc.a(rtld-closedir.os)
 .eh_frame      0x0000000000002278       0x58 /home/arch/infosec/club/magpieCTF-2024/challenges/binary-exploitation/freedom_of_thought/src/build/elf/rtld-libc.a(rtld-readdir.os)
 .eh_frame      0x00000000000022d0       0x38 /home/arch/infosec/club/magpieCTF-2024/challenges/binary-exploitation/freedom_of_thought/src/build/elf/rtld-libc.a(rtld-rewinddir.os)
 .eh_frame      0x0000000000002308       0x68 /home/arch/infosec/club/magpieCTF-2024/challenges/binary-exploitation/freedom_of_thought/src/build/elf/rtld-libc.a(rtld-getdents.os)
 .eh_frame      0x0000000000002370       0x48 /home/arch/infosec/club/magpieCTF-2024/challenges/binary-exploitation/freedom_of_thought/src/build/elf/rtld-libc.a(rtld-fdopendir.os)
 .eh_frame      0x00000000000023b8       0x30 /home/arch/infosec/club/magpieCTF-2024/challenges/binary-exploitation/freedom_of_thought/src/build/elf/rtld-libc.a(rtld-dl-addr-obj.os)
 .eh_frame      0x00000000000023e8       0x48 /home/arch/infosec/club/magpieCTF-2024/challenges/binary-exploitation/freedom_of_thought/src/build/elf/rtld-libc.a(rtld-profil.os)
 .eh_frame      0x0000000000002430       0x30 /home/arch/infosec/club/magpieCTF-2024/challenges/binary-exploitation/freedom_of_thought/src/build/elf/rtld-libc.a(rtld-prof-freq.os)
 .eh_frame      0x0000000000002460       0x30 /home/arch/infosec/club/magpieCTF-2024/challenges/binary-exploitation/freedom_of_thought/src/build/elf/rtld-libc.a(rtld-xstat.os)
 .eh_frame      0x0000000000002490       0x30 /home/arch/infosec/club/magpieCTF-2024/challenges/binary-exploitation/freedom_of_thought/src/build/elf/rtld-libc.a(rtld-fxstat.os)
 .eh_frame      0x00000000000024c0       0x30 /home/arch/infosec/club/magpieCTF-2024/challenges/binary-exploitation/freedom_of_thought/src/build/elf/rtld-libc.a(rtld-lxstat.os)
 .eh_frame      0x00000000000024f0       0x30 /home/arch/infosec/club/magpieCTF-2024/challenges/binary-exploitation/freedom_of_thought/src/build/elf/rtld-libc.a(rtld-open64.os)
 .eh_frame      0x0000000000002520       0x30 /home/arch/infosec/club/magpieCTF-2024/challenges/binary-exploitation/freedom_of_thought/src/build/elf/rtld-libc.a(rtld-read.os)
 .eh_frame      0x0000000000002550       0x30 /home/arch/infosec/club/magpieCTF-2024/challenges/binary-exploitation/freedom_of_thought/src/build/elf/rtld-libc.a(rtld-write.os)
 .eh_frame      0x0000000000002580       0x30 /home/arch/infosec/club/magpieCTF-2024/challenges/binary-exploitation/freedom_of_thought/src/build/elf/rtld-libc.a(rtld-lseek64.os)
 .eh_frame      0x00000000000025b0       0x30 /home/arch/infosec/club/magpieCTF-2024/challenges/binary-exploitation/freedom_of_thought/src/build/elf/rtld-libc.a(rtld-access.os)
 .eh_frame      0x00000000000025e0       0x30 /home/arch/infosec/club/magpieCTF-2024/challenges/binary-exploitation/freedom_of_thought/src/build/elf/rtld-libc.a(rtld-fcntl.os)
 .eh_frame      0x0000000000002610       0x30 /home/arch/infosec/club/magpieCTF-2024/challenges/binary-exploitation/freedom_of_thought/src/build/elf/rtld-libc.a(rtld-close.os)
 .eh_frame      0x0000000000002640       0x48 /home/arch/infosec/club/magpieCTF-2024/challenges/binary-exploitation/freedom_of_thought/src/build/elf/rtld-libc.a(rtld-mmap64.os)
 .eh_frame      0x0000000000002688       0x30 /home/arch/infosec/club/magpieCTF-2024/challenges/binary-exploitation/freedom_of_thought/src/build/elf/rtld-libc.a(rtld-munmap.os)
 .eh_frame      0x00000000000026b8       0x30 /home/arch/infosec/club/magpieCTF-2024/challenges/binary-exploitation/freedom_of_thought/src/build/elf/rtld-libc.a(rtld-mprotect.os)
 .eh_frame      0x00000000000026e8       0x30 /home/arch/infosec/club/magpieCTF-2024/challenges/binary-exploitation/freedom_of_thought/src/build/elf/rtld-libc.a(rtld-uname.os)
 .eh_frame      0x0000000000002718       0x30 /home/arch/infosec/club/magpieCTF-2024/challenges/binary-exploitation/freedom_of_thought/src/build/elf/rtld-libc.a(rtld-_exit.os)
 .eh_frame      0x0000000000002748       0x30 /home/arch/infosec/club/magpieCTF-2024/challenges/binary-exploitation/freedom_of_thought/src/build/elf/rtld-libc.a(rtld-getpid.os)
 .eh_frame      0x0000000000002778       0x30 /home/arch/infosec/club/magpieCTF-2024/challenges/binary-exploitation/freedom_of_thought/src/build/elf/rtld-libc.a(rtld-setjmp.os)
 .eh_frame      0x00000000000027a8       0x48 /home/arch/infosec/club/magpieCTF-2024/challenges/binary-exploitation/freedom_of_thought/src/build/elf/rtld-libc.a(rtld-__longjmp.os)
 .eh_frame      0x00000000000027f0       0xe0 /home/arch/infosec/club/magpieCTF-2024/challenges/binary-exploitation/freedom_of_thought/src/build/elf/rtld-libc.a(rtld-sigaction.os)
                                         0xe8 (size before relaxing)
 .eh_frame      0x00000000000028d0       0x50 /home/arch/infosec/club/magpieCTF-2024/challenges/binary-exploitation/freedom_of_thought/src/build/elf/rtld-libc.a(rtld-strdup.os)
 .eh_frame      0x0000000000002920       0x30 /home/arch/infosec/club/magpieCTF-2024/challenges/binary-exploitation/freedom_of_thought/src/build/elf/rtld-libc.a(rtld-strcmp-sse2.os)
 .eh_frame      0x0000000000002950       0x30 /home/arch/infosec/club/magpieCTF-2024/challenges/binary-exploitation/freedom_of_thought/src/build/elf/rtld-libc.a(rtld-memchr-sse2.os)
 .eh_frame      0x0000000000002980       0x30 /home/arch/infosec/club/magpieCTF-2024/challenges/binary-exploitation/freedom_of_thought/src/build/elf/rtld-libc.a(rtld-rawmemchr-sse2.os)
 .eh_frame      0x00000000000029b0       0x30 /home/arch/infosec/club/magpieCTF-2024/challenges/binary-exploitation/freedom_of_thought/src/build/elf/rtld-libc.a(rtld-memcmp-sse2.os)
 .eh_frame      0x00000000000029e0       0x30 /home/arch/infosec/club/magpieCTF-2024/challenges/binary-exploitation/freedom_of_thought/src/build/elf/rtld-libc.a(rtld-strchr-sse2.os)
 .eh_frame      0x0000000000002a10       0x30 /home/arch/infosec/club/magpieCTF-2024/challenges/binary-exploitation/freedom_of_thought/src/build/elf/rtld-libc.a(rtld-strlen-sse2.os)
 .eh_frame      0x0000000000002a40       0x30 /home/arch/infosec/club/magpieCTF-2024/challenges/binary-exploitation/freedom_of_thought/src/build/elf/rtld-libc.a(rtld-strnlen-sse2.os)
 .eh_frame      0x0000000000002a70       0x30 /home/arch/infosec/club/magpieCTF-2024/challenges/binary-exploitation/freedom_of_thought/src/build/elf/rtld-libc.a(rtld-stpcpy-sse2.os)
 .eh_frame      0x0000000000002aa0       0x38 /home/arch/infosec/club/magpieCTF-2024/challenges/binary-exploitation/freedom_of_thought/src/build/elf/rtld-libc.a(rtld-strcspn-sse2.os)
 .eh_frame      0x0000000000002ad8       0x40 /home/arch/infosec/club/magpieCTF-2024/challenges/binary-exploitation/freedom_of_thought/src/build/elf/rtld-libc.a(rtld-memmove-sse2-unaligned-erms.os)
 .eh_frame      0x0000000000002b18       0x30 /home/arch/infosec/club/magpieCTF-2024/challenges/binary-exploitation/freedom_of_thought/src/build/elf/rtld-libc.a(rtld-memset-sse2-unaligned-erms.os)
 .eh_frame      0x0000000000002b48       0x2c /home/arch/infosec/club/magpieCTF-2024/challenges/binary-exploitation/freedom_of_thought/src/build/elf/rtld-libc.a(rtld-setitimer.os)
                                         0x30 (size before relaxing)

.sframe
 *(.sframe)

.gcc_except_table
 *(.gcc_except_table)

.gnu_extab
 *(.gnu_extab*)

.exception_ranges
 *(.exception_ranges)

.eh_frame
 *(.eh_frame)

.sframe
 *(.sframe)

.gnu_extab
 *(.gnu_extab)

.gcc_except_table
 *(.gcc_except_table)

.exception_ranges
 *(.exception_ranges)

.tdata
 *(.tdata)

.tbss
 *(.tbss)

.jcr
 *(.jcr)

.dynamic
 *(.dynamic)

.got
 *(.got)

.got.plt
 *(.got.plt)

.data           0x0000000000000000      0xf78
 *(.data)
 .data          0x0000000000000000      0xf78 /home/arch/infosec/club/magpieCTF-2024/challenges/binary-exploitation/freedom_of_thought/src/build/elf/dl-allobjs.os
                0x0000000000000000                _rtld_global
                0x0000000000000000                _rtld_local
 .data          0x0000000000000f78        0x0 /home/arch/infosec/club/magpieCTF-2024/challenges/binary-exploitation/freedom_of_thought/src/build/elf/rtld-libc.a(rtld-check_fds.os)
 .data          0x0000000000000f78        0x0 /home/arch/infosec/club/magpieCTF-2024/challenges/binary-exploitation/freedom_of_thought/src/build/elf/rtld-libc.a(rtld-errno.os)
 .data          0x0000000000000f78        0x0 /home/arch/infosec/club/magpieCTF-2024/challenges/binary-exploitation/freedom_of_thought/src/build/elf/rtld-libc.a(rtld-closedir.os)
 .data          0x0000000000000f78        0x0 /home/arch/infosec/club/magpieCTF-2024/challenges/binary-exploitation/freedom_of_thought/src/build/elf/rtld-libc.a(rtld-readdir.os)
 .data          0x0000000000000f78        0x0 /home/arch/infosec/club/magpieCTF-2024/challenges/binary-exploitation/freedom_of_thought/src/build/elf/rtld-libc.a(rtld-rewinddir.os)
 .data          0x0000000000000f78        0x0 /home/arch/infosec/club/magpieCTF-2024/challenges/binary-exploitation/freedom_of_thought/src/build/elf/rtld-libc.a(rtld-getdents.os)
 .data          0x0000000000000f78        0x0 /home/arch/infosec/club/magpieCTF-2024/challenges/binary-exploitation/freedom_of_thought/src/build/elf/rtld-libc.a(rtld-fdopendir.os)
 .data          0x0000000000000f78        0x0 /home/arch/infosec/club/magpieCTF-2024/challenges/binary-exploitation/freedom_of_thought/src/build/elf/rtld-libc.a(rtld-dl-addr-obj.os)
 .data          0x0000000000000f78        0x0 /home/arch/infosec/club/magpieCTF-2024/challenges/binary-exploitation/freedom_of_thought/src/build/elf/rtld-libc.a(rtld-profil.os)
 .data          0x0000000000000f78        0x0 /home/arch/infosec/club/magpieCTF-2024/challenges/binary-exploitation/freedom_of_thought/src/build/elf/rtld-libc.a(rtld-prof-freq.os)
 .data          0x0000000000000f78        0x0 /home/arch/infosec/club/magpieCTF-2024/challenges/binary-exploitation/freedom_of_thought/src/build/elf/rtld-libc.a(rtld-xstat.os)
 .data          0x0000000000000f78        0x0 /home/arch/infosec/club/magpieCTF-2024/challenges/binary-exploitation/freedom_of_thought/src/build/elf/rtld-libc.a(rtld-fxstat.os)
 .data          0x0000000000000f78        0x0 /home/arch/infosec/club/magpieCTF-2024/challenges/binary-exploitation/freedom_of_thought/src/build/elf/rtld-libc.a(rtld-lxstat.os)
 .data          0x0000000000000f78        0x0 /home/arch/infosec/club/magpieCTF-2024/challenges/binary-exploitation/freedom_of_thought/src/build/elf/rtld-libc.a(rtld-open64.os)
 .data          0x0000000000000f78        0x0 /home/arch/infosec/club/magpieCTF-2024/challenges/binary-exploitation/freedom_of_thought/src/build/elf/rtld-libc.a(rtld-read.os)
 .data          0x0000000000000f78        0x0 /home/arch/infosec/club/magpieCTF-2024/challenges/binary-exploitation/freedom_of_thought/src/build/elf/rtld-libc.a(rtld-write.os)
 .data          0x0000000000000f78        0x0 /home/arch/infosec/club/magpieCTF-2024/challenges/binary-exploitation/freedom_of_thought/src/build/elf/rtld-libc.a(rtld-lseek64.os)
 .data          0x0000000000000f78        0x0 /home/arch/infosec/club/magpieCTF-2024/challenges/binary-exploitation/freedom_of_thought/src/build/elf/rtld-libc.a(rtld-access.os)
 .data          0x0000000000000f78        0x0 /home/arch/infosec/club/magpieCTF-2024/challenges/binary-exploitation/freedom_of_thought/src/build/elf/rtld-libc.a(rtld-fcntl.os)
 .data          0x0000000000000f78        0x0 /home/arch/infosec/club/magpieCTF-2024/challenges/binary-exploitation/freedom_of_thought/src/build/elf/rtld-libc.a(rtld-close.os)
 .data          0x0000000000000f78        0x0 /home/arch/infosec/club/magpieCTF-2024/challenges/binary-exploitation/freedom_of_thought/src/build/elf/rtld-libc.a(rtld-mmap64.os)
 .data          0x0000000000000f78        0x0 /home/arch/infosec/club/magpieCTF-2024/challenges/binary-exploitation/freedom_of_thought/src/build/elf/rtld-libc.a(rtld-munmap.os)
 .data          0x0000000000000f78        0x0 /home/arch/infosec/club/magpieCTF-2024/challenges/binary-exploitation/freedom_of_thought/src/build/elf/rtld-libc.a(rtld-mprotect.os)
 .data          0x0000000000000f78        0x0 /home/arch/infosec/club/magpieCTF-2024/challenges/binary-exploitation/freedom_of_thought/src/build/elf/rtld-libc.a(rtld-uname.os)
 .data          0x0000000000000f78        0x0 /home/arch/infosec/club/magpieCTF-2024/challenges/binary-exploitation/freedom_of_thought/src/build/elf/rtld-libc.a(rtld-_exit.os)
 .data          0x0000000000000f78        0x0 /home/arch/infosec/club/magpieCTF-2024/challenges/binary-exploitation/freedom_of_thought/src/build/elf/rtld-libc.a(rtld-getpid.os)
 .data          0x0000000000000f78        0x0 /home/arch/infosec/club/magpieCTF-2024/challenges/binary-exploitation/freedom_of_thought/src/build/elf/rtld-libc.a(rtld-environ.os)
 .data          0x0000000000000f78        0x0 /home/arch/infosec/club/magpieCTF-2024/challenges/binary-exploitation/freedom_of_thought/src/build/elf/rtld-libc.a(rtld-setjmp.os)
 .data          0x0000000000000f78        0x0 /home/arch/infosec/club/magpieCTF-2024/challenges/binary-exploitation/freedom_of_thought/src/build/elf/rtld-libc.a(rtld-__longjmp.os)
 .data          0x0000000000000f78        0x0 /home/arch/infosec/club/magpieCTF-2024/challenges/binary-exploitation/freedom_of_thought/src/build/elf/rtld-libc.a(rtld-sigaction.os)
 .data          0x0000000000000f78        0x0 /home/arch/infosec/club/magpieCTF-2024/challenges/binary-exploitation/freedom_of_thought/src/build/elf/rtld-libc.a(rtld-strdup.os)
 .data          0x0000000000000f78        0x0 /home/arch/infosec/club/magpieCTF-2024/challenges/binary-exploitation/freedom_of_thought/src/build/elf/rtld-libc.a(rtld-strcmp-sse2.os)
 .data          0x0000000000000f78        0x0 /home/arch/infosec/club/magpieCTF-2024/challenges/binary-exploitation/freedom_of_thought/src/build/elf/rtld-libc.a(rtld-memchr-sse2.os)
 .data          0x0000000000000f78        0x0 /home/arch/infosec/club/magpieCTF-2024/challenges/binary-exploitation/freedom_of_thought/src/build/elf/rtld-libc.a(rtld-rawmemchr-sse2.os)
 .data          0x0000000000000f78        0x0 /home/arch/infosec/club/magpieCTF-2024/challenges/binary-exploitation/freedom_of_thought/src/build/elf/rtld-libc.a(rtld-memcmp-sse2.os)
 .data          0x0000000000000f78        0x0 /home/arch/infosec/club/magpieCTF-2024/challenges/binary-exploitation/freedom_of_thought/src/build/elf/rtld-libc.a(rtld-strchr-sse2.os)
 .data          0x0000000000000f78        0x0 /home/arch/infosec/club/magpieCTF-2024/challenges/binary-exploitation/freedom_of_thought/src/build/elf/rtld-libc.a(rtld-strlen-sse2.os)
 .data          0x0000000000000f78        0x0 /home/arch/infosec/club/magpieCTF-2024/challenges/binary-exploitation/freedom_of_thought/src/build/elf/rtld-libc.a(rtld-strnlen-sse2.os)
 .data          0x0000000000000f78        0x0 /home/arch/infosec/club/magpieCTF-2024/challenges/binary-exploitation/freedom_of_thought/src/build/elf/rtld-libc.a(rtld-stpcpy-sse2.os)
 .data          0x0000000000000f78        0x0 /home/arch/infosec/club/magpieCTF-2024/challenges/binary-exploitation/freedom_of_thought/src/build/elf/rtld-libc.a(rtld-strcspn-sse2.os)
 .data          0x0000000000000f78        0x0 /home/arch/infosec/club/magpieCTF-2024/challenges/binary-exploitation/freedom_of_thought/src/build/elf/rtld-libc.a(rtld-memmove-sse2-unaligned-erms.os)
 .data          0x0000000000000f78        0x0 /home/arch/infosec/club/magpieCTF-2024/challenges/binary-exploitation/freedom_of_thought/src/build/elf/rtld-libc.a(rtld-memset-sse2-unaligned-erms.os)
 .data          0x0000000000000f78        0x0 /home/arch/infosec/club/magpieCTF-2024/challenges/binary-exploitation/freedom_of_thought/src/build/elf/rtld-libc.a(rtld-setitimer.os)

.data.rel.ro    0x0000000000000000      0x694
 .data.rel.ro   0x0000000000000000      0x694 /home/arch/infosec/club/magpieCTF-2024/challenges/binary-exploitation/freedom_of_thought/src/build/elf/dl-allobjs.os
                0x00000000000000b0                __pointer_chk_guard_local
                0x00000000000000b8                _dl_skip_args
                0x00000000000000c0                __GI__dl_argv
                0x00000000000000c0                _dl_argv
                0x00000000000000c8                _dl_argc
                0x00000000000000e0                _rtld_global_ro
                0x00000000000000e0                _rtld_local_ro
                0x00000000000002e0                __stack_prot
                0x0000000000000680                _dl_random
                0x0000000000000688                __libc_stack_end
                0x0000000000000688                __GI___libc_stack_end
                0x0000000000000690                __GI___libc_enable_secure
                0x0000000000000690                __libc_enable_secure

.data1
 *(.data1)

.bss            0x0000000000000000      0x198
 *(.bss)
 .bss           0x0000000000000000      0x168 /home/arch/infosec/club/magpieCTF-2024/challenges/binary-exploitation/freedom_of_thought/src/build/elf/dl-allobjs.os
                0x0000000000000000                audit_list_string
                0x00000000000000a0                _r_debug
                0x0000000000000130                __libc_multiple_libcs
                0x0000000000000160                __curbrk
 .bss           0x0000000000000168        0x0 /home/arch/infosec/club/magpieCTF-2024/challenges/binary-exploitation/freedom_of_thought/src/build/elf/rtld-libc.a(rtld-check_fds.os)
 .bss           0x0000000000000168        0x4 /home/arch/infosec/club/magpieCTF-2024/challenges/binary-exploitation/freedom_of_thought/src/build/elf/rtld-libc.a(rtld-errno.os)
                0x0000000000000168                rtld_errno
 .bss           0x000000000000016c        0x0 /home/arch/infosec/club/magpieCTF-2024/challenges/binary-exploitation/freedom_of_thought/src/build/elf/rtld-libc.a(rtld-closedir.os)
 .bss           0x000000000000016c        0x0 /home/arch/infosec/club/magpieCTF-2024/challenges/binary-exploitation/freedom_of_thought/src/build/elf/rtld-libc.a(rtld-readdir.os)
 .bss           0x000000000000016c        0x0 /home/arch/infosec/club/magpieCTF-2024/challenges/binary-exploitation/freedom_of_thought/src/build/elf/rtld-libc.a(rtld-rewinddir.os)
 .bss           0x000000000000016c        0x0 /home/arch/infosec/club/magpieCTF-2024/challenges/binary-exploitation/freedom_of_thought/src/build/elf/rtld-libc.a(rtld-getdents.os)
 .bss           0x000000000000016c        0x0 /home/arch/infosec/club/magpieCTF-2024/challenges/binary-exploitation/freedom_of_thought/src/build/elf/rtld-libc.a(rtld-fdopendir.os)
 .bss           0x000000000000016c        0x0 /home/arch/infosec/club/magpieCTF-2024/challenges/binary-exploitation/freedom_of_thought/src/build/elf/rtld-libc.a(rtld-dl-addr-obj.os)
 *fill*         0x000000000000016c        0x4 
 .bss           0x0000000000000170       0x20 /home/arch/infosec/club/magpieCTF-2024/challenges/binary-exploitation/freedom_of_thought/src/build/elf/rtld-libc.a(rtld-profil.os)
 .bss           0x0000000000000190        0x0 /home/arch/infosec/club/magpieCTF-2024/challenges/binary-exploitation/freedom_of_thought/src/build/elf/rtld-libc.a(rtld-prof-freq.os)
 .bss           0x0000000000000190        0x0 /home/arch/infosec/club/magpieCTF-2024/challenges/binary-exploitation/freedom_of_thought/src/build/elf/rtld-libc.a(rtld-xstat.os)
 .bss           0x0000000000000190        0x0 /home/arch/infosec/club/magpieCTF-2024/challenges/binary-exploitation/freedom_of_thought/src/build/elf/rtld-libc.a(rtld-fxstat.os)
 .bss           0x0000000000000190        0x0 /home/arch/infosec/club/magpieCTF-2024/challenges/binary-exploitation/freedom_of_thought/src/build/elf/rtld-libc.a(rtld-lxstat.os)
 .bss           0x0000000000000190        0x0 /home/arch/infosec/club/magpieCTF-2024/challenges/binary-exploitation/freedom_of_thought/src/build/elf/rtld-libc.a(rtld-open64.os)
 .bss           0x0000000000000190        0x0 /home/arch/infosec/club/magpieCTF-2024/challenges/binary-exploitation/freedom_of_thought/src/build/elf/rtld-libc.a(rtld-read.os)
 .bss           0x0000000000000190        0x0 /home/arch/infosec/club/magpieCTF-2024/challenges/binary-exploitation/freedom_of_thought/src/build/elf/rtld-libc.a(rtld-write.os)
 .bss           0x0000000000000190        0x0 /home/arch/infosec/club/magpieCTF-2024/challenges/binary-exploitation/freedom_of_thought/src/build/elf/rtld-libc.a(rtld-lseek64.os)
 .bss           0x0000000000000190        0x0 /home/arch/infosec/club/magpieCTF-2024/challenges/binary-exploitation/freedom_of_thought/src/build/elf/rtld-libc.a(rtld-access.os)
 .bss           0x0000000000000190        0x0 /home/arch/infosec/club/magpieCTF-2024/challenges/binary-exploitation/freedom_of_thought/src/build/elf/rtld-libc.a(rtld-fcntl.os)
 .bss           0x0000000000000190        0x0 /home/arch/infosec/club/magpieCTF-2024/challenges/binary-exploitation/freedom_of_thought/src/build/elf/rtld-libc.a(rtld-close.os)
 .bss           0x0000000000000190        0x0 /home/arch/infosec/club/magpieCTF-2024/challenges/binary-exploitation/freedom_of_thought/src/build/elf/rtld-libc.a(rtld-mmap64.os)
 .bss           0x0000000000000190        0x0 /home/arch/infosec/club/magpieCTF-2024/challenges/binary-exploitation/freedom_of_thought/src/build/elf/rtld-libc.a(rtld-munmap.os)
 .bss           0x0000000000000190        0x0 /home/arch/infosec/club/magpieCTF-2024/challenges/binary-exploitation/freedom_of_thought/src/build/elf/rtld-libc.a(rtld-mprotect.os)
 .bss           0x0000000000000190        0x0 /home/arch/infosec/club/magpieCTF-2024/challenges/binary-exploitation/freedom_of_thought/src/build/elf/rtld-libc.a(rtld-uname.os)
 .bss           0x0000000000000190        0x0 /home/arch/infosec/club/magpieCTF-2024/challenges/binary-exploitation/freedom_of_thought/src/build/elf/rtld-libc.a(rtld-_exit.os)
 .bss           0x0000000000000190        0x0 /home/arch/infosec/club/magpieCTF-2024/challenges/binary-exploitation/freedom_of_thought/src/build/elf/rtld-libc.a(rtld-getpid.os)
 .bss           0x0000000000000190        0x8 /home/arch/infosec/club/magpieCTF-2024/challenges/binary-exploitation/freedom_of_thought/src/build/elf/rtld-libc.a(rtld-environ.os)
                0x0000000000000190                _environ
                0x0000000000000190                __environ
                0x0000000000000190                environ
 .bss           0x0000000000000198        0x0 /home/arch/infosec/club/magpieCTF-2024/challenges/binary-exploitation/freedom_of_thought/src/build/elf/rtld-libc.a(rtld-setjmp.os)
 .bss           0x0000000000000198        0x0 /home/arch/infosec/club/magpieCTF-2024/challenges/binary-exploitation/freedom_of_thought/src/build/elf/rtld-libc.a(rtld-__longjmp.os)
 .bss           0x0000000000000198        0x0 /home/arch/infosec/club/magpieCTF-2024/challenges/binary-exploitation/freedom_of_thought/src/build/elf/rtld-libc.a(rtld-sigaction.os)
 .bss           0x0000000000000198        0x0 /home/arch/infosec/club/magpieCTF-2024/challenges/binary-exploitation/freedom_of_thought/src/build/elf/rtld-libc.a(rtld-strdup.os)
 .bss           0x0000000000000198        0x0 /home/arch/infosec/club/magpieCTF-2024/challenges/binary-exploitation/freedom_of_thought/src/build/elf/rtld-libc.a(rtld-strcmp-sse2.os)
 .bss           0x0000000000000198        0x0 /home/arch/infosec/club/magpieCTF-2024/challenges/binary-exploitation/freedom_of_thought/src/build/elf/rtld-libc.a(rtld-memchr-sse2.os)
 .bss           0x0000000000000198        0x0 /home/arch/infosec/club/magpieCTF-2024/challenges/binary-exploitation/freedom_of_thought/src/build/elf/rtld-libc.a(rtld-rawmemchr-sse2.os)
 .bss           0x0000000000000198        0x0 /home/arch/infosec/club/magpieCTF-2024/challenges/binary-exploitation/freedom_of_thought/src/build/elf/rtld-libc.a(rtld-memcmp-sse2.os)
 .bss           0x0000000000000198        0x0 /home/arch/infosec/club/magpieCTF-2024/challenges/binary-exploitation/freedom_of_thought/src/build/elf/rtld-libc.a(rtld-strchr-sse2.os)
 .bss           0x0000000000000198        0x0 /home/arch/infosec/club/magpieCTF-2024/challenges/binary-exploitation/freedom_of_thought/src/build/elf/rtld-libc.a(rtld-strlen-sse2.os)
 .bss           0x0000000000000198        0x0 /home/arch/infosec/club/magpieCTF-2024/challenges/binary-exploitation/freedom_of_thought/src/build/elf/rtld-libc.a(rtld-strnlen-sse2.os)
 .bss           0x0000000000000198        0x0 /home/arch/infosec/club/magpieCTF-2024/challenges/binary-exploitation/freedom_of_thought/src/build/elf/rtld-libc.a(rtld-stpcpy-sse2.os)
 .bss           0x0000000000000198        0x0 /home/arch/infosec/club/magpieCTF-2024/challenges/binary-exploitation/freedom_of_thought/src/build/elf/rtld-libc.a(rtld-strcspn-sse2.os)
 .bss           0x0000000000000198        0x0 /home/arch/infosec/club/magpieCTF-2024/challenges/binary-exploitation/freedom_of_thought/src/build/elf/rtld-libc.a(rtld-memmove-sse2-unaligned-erms.os)
 .bss           0x0000000000000198        0x0 /home/arch/infosec/club/magpieCTF-2024/challenges/binary-exploitation/freedom_of_thought/src/build/elf/rtld-libc.a(rtld-memset-sse2-unaligned-erms.os)
 .bss           0x0000000000000198        0x0 /home/arch/infosec/club/magpieCTF-2024/challenges/binary-exploitation/freedom_of_thought/src/build/elf/rtld-libc.a(rtld-setitimer.os)

.lbss
 *(.lbss)

.lrodata
 *(.lrodata)

.ldata
 *(.ldata)

.stab
 *(.stab)

.stabstr
 *(.stabstr)

.stab.excl
 *(.stab.excl)

.stab.exclstr
 *(.stab.exclstr)

.stab.index
 *(.stab.index)

.stab.indexstr
 *(.stab.indexstr)

.comment        0x0000000000000000      0x6ac
 *(.comment)
 .comment       0x0000000000000000      0x3f0 /home/arch/infosec/club/magpieCTF-2024/challenges/binary-exploitation/freedom_of_thought/src/build/elf/dl-allobjs.os
 .comment       0x00000000000003f0       0x1c /home/arch/infosec/club/magpieCTF-2024/challenges/binary-exploitation/freedom_of_thought/src/build/elf/rtld-libc.a(rtld-check_fds.os)
 .comment       0x000000000000040c       0x1c /home/arch/infosec/club/magpieCTF-2024/challenges/binary-exploitation/freedom_of_thought/src/build/elf/rtld-libc.a(rtld-errno.os)
 .comment       0x0000000000000428       0x1c /home/arch/infosec/club/magpieCTF-2024/challenges/binary-exploitation/freedom_of_thought/src/build/elf/rtld-libc.a(rtld-closedir.os)
 .comment       0x0000000000000444       0x1c /home/arch/infosec/club/magpieCTF-2024/challenges/binary-exploitation/freedom_of_thought/src/build/elf/rtld-libc.a(rtld-readdir.os)
 .comment       0x0000000000000460       0x1c /home/arch/infosec/club/magpieCTF-2024/challenges/binary-exploitation/freedom_of_thought/src/build/elf/rtld-libc.a(rtld-rewinddir.os)
 .comment       0x000000000000047c       0x1c /home/arch/infosec/club/magpieCTF-2024/challenges/binary-exploitation/freedom_of_thought/src/build/elf/rtld-libc.a(rtld-getdents.os)
 .comment       0x0000000000000498       0x1c /home/arch/infosec/club/magpieCTF-2024/challenges/binary-exploitation/freedom_of_thought/src/build/elf/rtld-libc.a(rtld-fdopendir.os)
 .comment       0x00000000000004b4       0x1c /home/arch/infosec/club/magpieCTF-2024/challenges/binary-exploitation/freedom_of_thought/src/build/elf/rtld-libc.a(rtld-dl-addr-obj.os)
 .comment       0x00000000000004d0       0x1c /home/arch/infosec/club/magpieCTF-2024/challenges/binary-exploitation/freedom_of_thought/src/build/elf/rtld-libc.a(rtld-profil.os)
 .comment       0x00000000000004ec       0x1c /home/arch/infosec/club/magpieCTF-2024/challenges/binary-exploitation/freedom_of_thought/src/build/elf/rtld-libc.a(rtld-prof-freq.os)
 .comment       0x0000000000000508       0x1c /home/arch/infosec/club/magpieCTF-2024/challenges/binary-exploitation/freedom_of_thought/src/build/elf/rtld-libc.a(rtld-xstat.os)
 .comment       0x0000000000000524       0x1c /home/arch/infosec/club/magpieCTF-2024/challenges/binary-exploitation/freedom_of_thought/src/build/elf/rtld-libc.a(rtld-fxstat.os)
 .comment       0x0000000000000540       0x1c /home/arch/infosec/club/magpieCTF-2024/challenges/binary-exploitation/freedom_of_thought/src/build/elf/rtld-libc.a(rtld-lxstat.os)
 .comment       0x000000000000055c       0x1c /home/arch/infosec/club/magpieCTF-2024/challenges/binary-exploitation/freedom_of_thought/src/build/elf/rtld-libc.a(rtld-open64.os)
 .comment       0x0000000000000578       0x1c /home/arch/infosec/club/magpieCTF-2024/challenges/binary-exploitation/freedom_of_thought/src/build/elf/rtld-libc.a(rtld-read.os)
 .comment       0x0000000000000594       0x1c /home/arch/infosec/club/magpieCTF-2024/challenges/binary-exploitation/freedom_of_thought/src/build/elf/rtld-libc.a(rtld-write.os)
 .comment       0x00000000000005b0       0x1c /home/arch/infosec/club/magpieCTF-2024/challenges/binary-exploitation/freedom_of_thought/src/build/elf/rtld-libc.a(rtld-lseek64.os)
 .comment       0x00000000000005cc       0x1c /home/arch/infosec/club/magpieCTF-2024/challenges/binary-exploitation/freedom_of_thought/src/build/elf/rtld-libc.a(rtld-access.os)
 .comment       0x00000000000005e8       0x1c /home/arch/infosec/club/magpieCTF-2024/challenges/binary-exploitation/freedom_of_thought/src/build/elf/rtld-libc.a(rtld-fcntl.os)
 .comment       0x0000000000000604       0x1c /home/arch/infosec/club/magpieCTF-2024/challenges/binary-exploitation/freedom_of_thought/src/build/elf/rtld-libc.a(rtld-close.os)
 .comment       0x0000000000000620       0x1c /home/arch/infosec/club/magpieCTF-2024/challenges/binary-exploitation/freedom_of_thought/src/build/elf/rtld-libc.a(rtld-mmap64.os)
 .comment       0x000000000000063c       0x1c /home/arch/infosec/club/magpieCTF-2024/challenges/binary-exploitation/freedom_of_thought/src/build/elf/rtld-libc.a(rtld-_exit.os)
 .comment       0x0000000000000658       0x1c /home/arch/infosec/club/magpieCTF-2024/challenges/binary-exploitation/freedom_of_thought/src/build/elf/rtld-libc.a(rtld-environ.os)
 .comment       0x0000000000000674       0x1c /home/arch/infosec/club/magpieCTF-2024/challenges/binary-exploitation/freedom_of_thought/src/build/elf/rtld-libc.a(rtld-sigaction.os)
 .comment       0x0000000000000690       0x1c /home/arch/infosec/club/magpieCTF-2024/challenges/binary-exploitation/freedom_of_thought/src/build/elf/rtld-libc.a(rtld-strdup.os)

.note.GNU-stack
                0x0000000000000000        0x0
 .note.GNU-stack
                0x0000000000000000        0x0 /home/arch/infosec/club/magpieCTF-2024/challenges/binary-exploitation/freedom_of_thought/src/build/elf/dl-allobjs.os
 .note.GNU-stack
                0x0000000000000000        0x0 /home/arch/infosec/club/magpieCTF-2024/challenges/binary-exploitation/freedom_of_thought/src/build/elf/rtld-libc.a(rtld-check_fds.os)
 .note.GNU-stack
                0x0000000000000000        0x0 /home/arch/infosec/club/magpieCTF-2024/challenges/binary-exploitation/freedom_of_thought/src/build/elf/rtld-libc.a(rtld-errno.os)
 .note.GNU-stack
                0x0000000000000000        0x0 /home/arch/infosec/club/magpieCTF-2024/challenges/binary-exploitation/freedom_of_thought/src/build/elf/rtld-libc.a(rtld-closedir.os)
 .note.GNU-stack
                0x0000000000000000        0x0 /home/arch/infosec/club/magpieCTF-2024/challenges/binary-exploitation/freedom_of_thought/src/build/elf/rtld-libc.a(rtld-readdir.os)
 .note.GNU-stack
                0x0000000000000000        0x0 /home/arch/infosec/club/magpieCTF-2024/challenges/binary-exploitation/freedom_of_thought/src/build/elf/rtld-libc.a(rtld-rewinddir.os)
 .note.GNU-stack
                0x0000000000000000        0x0 /home/arch/infosec/club/magpieCTF-2024/challenges/binary-exploitation/freedom_of_thought/src/build/elf/rtld-libc.a(rtld-getdents.os)
 .note.GNU-stack
                0x0000000000000000        0x0 /home/arch/infosec/club/magpieCTF-2024/challenges/binary-exploitation/freedom_of_thought/src/build/elf/rtld-libc.a(rtld-fdopendir.os)
 .note.GNU-stack
                0x0000000000000000        0x0 /home/arch/infosec/club/magpieCTF-2024/challenges/binary-exploitation/freedom_of_thought/src/build/elf/rtld-libc.a(rtld-dl-addr-obj.os)
 .note.GNU-stack
                0x0000000000000000        0x0 /home/arch/infosec/club/magpieCTF-2024/challenges/binary-exploitation/freedom_of_thought/src/build/elf/rtld-libc.a(rtld-profil.os)
 .note.GNU-stack
                0x0000000000000000        0x0 /home/arch/infosec/club/magpieCTF-2024/challenges/binary-exploitation/freedom_of_thought/src/build/elf/rtld-libc.a(rtld-prof-freq.os)
 .note.GNU-stack
                0x0000000000000000        0x0 /home/arch/infosec/club/magpieCTF-2024/challenges/binary-exploitation/freedom_of_thought/src/build/elf/rtld-libc.a(rtld-xstat.os)
 .note.GNU-stack
                0x0000000000000000        0x0 /home/arch/infosec/club/magpieCTF-2024/challenges/binary-exploitation/freedom_of_thought/src/build/elf/rtld-libc.a(rtld-fxstat.os)
 .note.GNU-stack
                0x0000000000000000        0x0 /home/arch/infosec/club/magpieCTF-2024/challenges/binary-exploitation/freedom_of_thought/src/build/elf/rtld-libc.a(rtld-lxstat.os)
 .note.GNU-stack
                0x0000000000000000        0x0 /home/arch/infosec/club/magpieCTF-2024/challenges/binary-exploitation/freedom_of_thought/src/build/elf/rtld-libc.a(rtld-open64.os)
 .note.GNU-stack
                0x0000000000000000        0x0 /home/arch/infosec/club/magpieCTF-2024/challenges/binary-exploitation/freedom_of_thought/src/build/elf/rtld-libc.a(rtld-read.os)
 .note.GNU-stack
                0x0000000000000000        0x0 /home/arch/infosec/club/magpieCTF-2024/challenges/binary-exploitation/freedom_of_thought/src/build/elf/rtld-libc.a(rtld-write.os)
 .note.GNU-stack
                0x0000000000000000        0x0 /home/arch/infosec/club/magpieCTF-2024/challenges/binary-exploitation/freedom_of_thought/src/build/elf/rtld-libc.a(rtld-lseek64.os)
 .note.GNU-stack
                0x0000000000000000        0x0 /home/arch/infosec/club/magpieCTF-2024/challenges/binary-exploitation/freedom_of_thought/src/build/elf/rtld-libc.a(rtld-access.os)
 .note.GNU-stack
                0x0000000000000000        0x0 /home/arch/infosec/club/magpieCTF-2024/challenges/binary-exploitation/freedom_of_thought/src/build/elf/rtld-libc.a(rtld-fcntl.os)
 .note.GNU-stack
                0x0000000000000000        0x0 /home/arch/infosec/club/magpieCTF-2024/challenges/binary-exploitation/freedom_of_thought/src/build/elf/rtld-libc.a(rtld-close.os)
 .note.GNU-stack
                0x0000000000000000        0x0 /home/arch/infosec/club/magpieCTF-2024/challenges/binary-exploitation/freedom_of_thought/src/build/elf/rtld-libc.a(rtld-mmap64.os)
 .note.GNU-stack
                0x0000000000000000        0x0 /home/arch/infosec/club/magpieCTF-2024/challenges/binary-exploitation/freedom_of_thought/src/build/elf/rtld-libc.a(rtld-munmap.os)
 .note.GNU-stack
                0x0000000000000000        0x0 /home/arch/infosec/club/magpieCTF-2024/challenges/binary-exploitation/freedom_of_thought/src/build/elf/rtld-libc.a(rtld-mprotect.os)
 .note.GNU-stack
                0x0000000000000000        0x0 /home/arch/infosec/club/magpieCTF-2024/challenges/binary-exploitation/freedom_of_thought/src/build/elf/rtld-libc.a(rtld-uname.os)
 .note.GNU-stack
                0x0000000000000000        0x0 /home/arch/infosec/club/magpieCTF-2024/challenges/binary-exploitation/freedom_of_thought/src/build/elf/rtld-libc.a(rtld-_exit.os)
 .note.GNU-stack
                0x0000000000000000        0x0 /home/arch/infosec/club/magpieCTF-2024/challenges/binary-exploitation/freedom_of_thought/src/build/elf/rtld-libc.a(rtld-getpid.os)
 .note.GNU-stack
                0x0000000000000000        0x0 /home/arch/infosec/club/magpieCTF-2024/challenges/binary-exploitation/freedom_of_thought/src/build/elf/rtld-libc.a(rtld-environ.os)
 .note.GNU-stack
                0x0000000000000000        0x0 /home/arch/infosec/club/magpieCTF-2024/challenges/binary-exploitation/freedom_of_thought/src/build/elf/rtld-libc.a(rtld-setjmp.os)
 .note.GNU-stack
                0x0000000000000000        0x0 /home/arch/infosec/club/magpieCTF-2024/challenges/binary-exploitation/freedom_of_thought/src/build/elf/rtld-libc.a(rtld-__longjmp.os)
 .note.GNU-stack
                0x0000000000000000        0x0 /home/arch/infosec/club/magpieCTF-2024/challenges/binary-exploitation/freedom_of_thought/src/build/elf/rtld-libc.a(rtld-sigaction.os)
 .note.GNU-stack
                0x0000000000000000        0x0 /home/arch/infosec/club/magpieCTF-2024/challenges/binary-exploitation/freedom_of_thought/src/build/elf/rtld-libc.a(rtld-strdup.os)
 .note.GNU-stack
                0x0000000000000000        0x0 /home/arch/infosec/club/magpieCTF-2024/challenges/binary-exploitation/freedom_of_thought/src/build/elf/rtld-libc.a(rtld-strcmp-sse2.os)
 .note.GNU-stack
                0x0000000000000000        0x0 /home/arch/infosec/club/magpieCTF-2024/challenges/binary-exploitation/freedom_of_thought/src/build/elf/rtld-libc.a(rtld-memchr-sse2.os)
 .note.GNU-stack
                0x0000000000000000        0x0 /home/arch/infosec/club/magpieCTF-2024/challenges/binary-exploitation/freedom_of_thought/src/build/elf/rtld-libc.a(rtld-rawmemchr-sse2.os)
 .note.GNU-stack
                0x0000000000000000        0x0 /home/arch/infosec/club/magpieCTF-2024/challenges/binary-exploitation/freedom_of_thought/src/build/elf/rtld-libc.a(rtld-memcmp-sse2.os)
 .note.GNU-stack
                0x0000000000000000        0x0 /home/arch/infosec/club/magpieCTF-2024/challenges/binary-exploitation/freedom_of_thought/src/build/elf/rtld-libc.a(rtld-strchr-sse2.os)
 .note.GNU-stack
                0x0000000000000000        0x0 /home/arch/infosec/club/magpieCTF-2024/challenges/binary-exploitation/freedom_of_thought/src/build/elf/rtld-libc.a(rtld-strlen-sse2.os)
 .note.GNU-stack
                0x0000000000000000        0x0 /home/arch/infosec/club/magpieCTF-2024/challenges/binary-exploitation/freedom_of_thought/src/build/elf/rtld-libc.a(rtld-strnlen-sse2.os)
 .note.GNU-stack
                0x0000000000000000        0x0 /home/arch/infosec/club/magpieCTF-2024/challenges/binary-exploitation/freedom_of_thought/src/build/elf/rtld-libc.a(rtld-stpcpy-sse2.os)
 .note.GNU-stack
                0x0000000000000000        0x0 /home/arch/infosec/club/magpieCTF-2024/challenges/binary-exploitation/freedom_of_thought/src/build/elf/rtld-libc.a(rtld-strcspn-sse2.os)
 .note.GNU-stack
                0x0000000000000000        0x0 /home/arch/infosec/club/magpieCTF-2024/challenges/binary-exploitation/freedom_of_thought/src/build/elf/rtld-libc.a(rtld-memmove-sse2-unaligned-erms.os)
 .note.GNU-stack
                0x0000000000000000        0x0 /home/arch/infosec/club/magpieCTF-2024/challenges/binary-exploitation/freedom_of_thought/src/build/elf/rtld-libc.a(rtld-memset-sse2-unaligned-erms.os)
 .note.GNU-stack
                0x0000000000000000        0x0 /home/arch/infosec/club/magpieCTF-2024/challenges/binary-exploitation/freedom_of_thought/src/build/elf/rtld-libc.a(rtld-setitimer.os)

.gnu.warning.llseek
                0x0000000000000000       0x3f
 .gnu.warning.llseek
                0x0000000000000000       0x3f /home/arch/infosec/club/magpieCTF-2024/challenges/binary-exploitation/freedom_of_thought/src/build/elf/rtld-libc.a(rtld-lseek64.os)

.gnu.build.attributes
 *(.gnu.build.attributes)

.debug
 *(.debug)

.line
 *(.line)

.debug_srcinfo
 *(.debug_srcinfo)

.debug_sfnames
 *(.debug_sfnames)

.debug_aranges  0x0000000000000000      0xf40
 *(.debug_aranges)
 .debug_aranges
                0x0000000000000000      0x750 /home/arch/infosec/club/magpieCTF-2024/challenges/binary-exploitation/freedom_of_thought/src/build/elf/dl-allobjs.os
 .debug_aranges
                0x0000000000000750       0x30 /home/arch/infosec/club/magpieCTF-2024/challenges/binary-exploitation/freedom_of_thought/src/build/elf/rtld-libc.a(rtld-check_fds.os)
 .debug_aranges
                0x0000000000000780       0x20 /home/arch/infosec/club/magpieCTF-2024/challenges/binary-exploitation/freedom_of_thought/src/build/elf/rtld-libc.a(rtld-errno.os)
 .debug_aranges
                0x00000000000007a0       0x30 /home/arch/infosec/club/magpieCTF-2024/challenges/binary-exploitation/freedom_of_thought/src/build/elf/rtld-libc.a(rtld-closedir.os)
 .debug_aranges
                0x00000000000007d0       0x30 /home/arch/infosec/club/magpieCTF-2024/challenges/binary-exploitation/freedom_of_thought/src/build/elf/rtld-libc.a(rtld-readdir.os)
 .debug_aranges
                0x0000000000000800       0x30 /home/arch/infosec/club/magpieCTF-2024/challenges/binary-exploitation/freedom_of_thought/src/build/elf/rtld-libc.a(rtld-rewinddir.os)
 .debug_aranges
                0x0000000000000830       0x30 /home/arch/infosec/club/magpieCTF-2024/challenges/binary-exploitation/freedom_of_thought/src/build/elf/rtld-libc.a(rtld-getdents.os)
 .debug_aranges
                0x0000000000000860       0x30 /home/arch/infosec/club/magpieCTF-2024/challenges/binary-exploitation/freedom_of_thought/src/build/elf/rtld-libc.a(rtld-fdopendir.os)
 .debug_aranges
                0x0000000000000890       0x30 /home/arch/infosec/club/magpieCTF-2024/challenges/binary-exploitation/freedom_of_thought/src/build/elf/rtld-libc.a(rtld-dl-addr-obj.os)
 .debug_aranges
                0x00000000000008c0       0x30 /home/arch/infosec/club/magpieCTF-2024/challenges/binary-exploitation/freedom_of_thought/src/build/elf/rtld-libc.a(rtld-profil.os)
 .debug_aranges
                0x00000000000008f0       0x30 /home/arch/infosec/club/magpieCTF-2024/challenges/binary-exploitation/freedom_of_thought/src/build/elf/rtld-libc.a(rtld-prof-freq.os)
 .debug_aranges
                0x0000000000000920       0x30 /home/arch/infosec/club/magpieCTF-2024/challenges/binary-exploitation/freedom_of_thought/src/build/elf/rtld-libc.a(rtld-xstat.os)
 .debug_aranges
                0x0000000000000950       0x30 /home/arch/infosec/club/magpieCTF-2024/challenges/binary-exploitation/freedom_of_thought/src/build/elf/rtld-libc.a(rtld-fxstat.os)
 .debug_aranges
                0x0000000000000980       0x30 /home/arch/infosec/club/magpieCTF-2024/challenges/binary-exploitation/freedom_of_thought/src/build/elf/rtld-libc.a(rtld-lxstat.os)
 .debug_aranges
                0x00000000000009b0       0x30 /home/arch/infosec/club/magpieCTF-2024/challenges/binary-exploitation/freedom_of_thought/src/build/elf/rtld-libc.a(rtld-open64.os)
 .debug_aranges
                0x00000000000009e0       0x30 /home/arch/infosec/club/magpieCTF-2024/challenges/binary-exploitation/freedom_of_thought/src/build/elf/rtld-libc.a(rtld-read.os)
 .debug_aranges
                0x0000000000000a10       0x30 /home/arch/infosec/club/magpieCTF-2024/challenges/binary-exploitation/freedom_of_thought/src/build/elf/rtld-libc.a(rtld-write.os)
 .debug_aranges
                0x0000000000000a40       0x30 /home/arch/infosec/club/magpieCTF-2024/challenges/binary-exploitation/freedom_of_thought/src/build/elf/rtld-libc.a(rtld-lseek64.os)
 .debug_aranges
                0x0000000000000a70       0x30 /home/arch/infosec/club/magpieCTF-2024/challenges/binary-exploitation/freedom_of_thought/src/build/elf/rtld-libc.a(rtld-access.os)
 .debug_aranges
                0x0000000000000aa0       0x30 /home/arch/infosec/club/magpieCTF-2024/challenges/binary-exploitation/freedom_of_thought/src/build/elf/rtld-libc.a(rtld-fcntl.os)
 .debug_aranges
                0x0000000000000ad0       0x30 /home/arch/infosec/club/magpieCTF-2024/challenges/binary-exploitation/freedom_of_thought/src/build/elf/rtld-libc.a(rtld-close.os)
 .debug_aranges
                0x0000000000000b00       0x30 /home/arch/infosec/club/magpieCTF-2024/challenges/binary-exploitation/freedom_of_thought/src/build/elf/rtld-libc.a(rtld-mmap64.os)
 .debug_aranges
                0x0000000000000b30       0x30 /home/arch/infosec/club/magpieCTF-2024/challenges/binary-exploitation/freedom_of_thought/src/build/elf/rtld-libc.a(rtld-munmap.os)
 .debug_aranges
                0x0000000000000b60       0x30 /home/arch/infosec/club/magpieCTF-2024/challenges/binary-exploitation/freedom_of_thought/src/build/elf/rtld-libc.a(rtld-mprotect.os)
 .debug_aranges
                0x0000000000000b90       0x30 /home/arch/infosec/club/magpieCTF-2024/challenges/binary-exploitation/freedom_of_thought/src/build/elf/rtld-libc.a(rtld-uname.os)
 .debug_aranges
                0x0000000000000bc0       0x30 /home/arch/infosec/club/magpieCTF-2024/challenges/binary-exploitation/freedom_of_thought/src/build/elf/rtld-libc.a(rtld-_exit.os)
 .debug_aranges
                0x0000000000000bf0       0x30 /home/arch/infosec/club/magpieCTF-2024/challenges/binary-exploitation/freedom_of_thought/src/build/elf/rtld-libc.a(rtld-getpid.os)
 .debug_aranges
                0x0000000000000c20       0x20 /home/arch/infosec/club/magpieCTF-2024/challenges/binary-exploitation/freedom_of_thought/src/build/elf/rtld-libc.a(rtld-environ.os)
 .debug_aranges
                0x0000000000000c40       0x30 /home/arch/infosec/club/magpieCTF-2024/challenges/binary-exploitation/freedom_of_thought/src/build/elf/rtld-libc.a(rtld-setjmp.os)
 .debug_aranges
                0x0000000000000c70       0x30 /home/arch/infosec/club/magpieCTF-2024/challenges/binary-exploitation/freedom_of_thought/src/build/elf/rtld-libc.a(rtld-__longjmp.os)
 .debug_aranges
                0x0000000000000ca0       0x30 /home/arch/infosec/club/magpieCTF-2024/challenges/binary-exploitation/freedom_of_thought/src/build/elf/rtld-libc.a(rtld-sigaction.os)
 .debug_aranges
                0x0000000000000cd0       0x30 /home/arch/infosec/club/magpieCTF-2024/challenges/binary-exploitation/freedom_of_thought/src/build/elf/rtld-libc.a(rtld-strdup.os)
 .debug_aranges
                0x0000000000000d00       0x30 /home/arch/infosec/club/magpieCTF-2024/challenges/binary-exploitation/freedom_of_thought/src/build/elf/rtld-libc.a(rtld-strcmp-sse2.os)
 .debug_aranges
                0x0000000000000d30       0x30 /home/arch/infosec/club/magpieCTF-2024/challenges/binary-exploitation/freedom_of_thought/src/build/elf/rtld-libc.a(rtld-memchr-sse2.os)
 .debug_aranges
                0x0000000000000d60       0x30 /home/arch/infosec/club/magpieCTF-2024/challenges/binary-exploitation/freedom_of_thought/src/build/elf/rtld-libc.a(rtld-rawmemchr-sse2.os)
 .debug_aranges
                0x0000000000000d90       0x30 /home/arch/infosec/club/magpieCTF-2024/challenges/binary-exploitation/freedom_of_thought/src/build/elf/rtld-libc.a(rtld-memcmp-sse2.os)
 .debug_aranges
                0x0000000000000dc0       0x30 /home/arch/infosec/club/magpieCTF-2024/challenges/binary-exploitation/freedom_of_thought/src/build/elf/rtld-libc.a(rtld-strchr-sse2.os)
 .debug_aranges
                0x0000000000000df0       0x30 /home/arch/infosec/club/magpieCTF-2024/challenges/binary-exploitation/freedom_of_thought/src/build/elf/rtld-libc.a(rtld-strlen-sse2.os)
 .debug_aranges
                0x0000000000000e20       0x30 /home/arch/infosec/club/magpieCTF-2024/challenges/binary-exploitation/freedom_of_thought/src/build/elf/rtld-libc.a(rtld-strnlen-sse2.os)
 .debug_aranges
                0x0000000000000e50       0x30 /home/arch/infosec/club/magpieCTF-2024/challenges/binary-exploitation/freedom_of_thought/src/build/elf/rtld-libc.a(rtld-stpcpy-sse2.os)
 .debug_aranges
                0x0000000000000e80       0x30 /home/arch/infosec/club/magpieCTF-2024/challenges/binary-exploitation/freedom_of_thought/src/build/elf/rtld-libc.a(rtld-strcspn-sse2.os)
 .debug_aranges
                0x0000000000000eb0       0x30 /home/arch/infosec/club/magpieCTF-2024/challenges/binary-exploitation/freedom_of_thought/src/build/elf/rtld-libc.a(rtld-memmove-sse2-unaligned-erms.os)
 .debug_aranges
                0x0000000000000ee0       0x30 /home/arch/infosec/club/magpieCTF-2024/challenges/binary-exploitation/freedom_of_thought/src/build/elf/rtld-libc.a(rtld-memset-sse2-unaligned-erms.os)
 .debug_aranges
                0x0000000000000f10       0x30 /home/arch/infosec/club/magpieCTF-2024/challenges/binary-exploitation/freedom_of_thought/src/build/elf/rtld-libc.a(rtld-setitimer.os)

.debug_pubnames
 *(.debug_pubnames)

.debug_info     0x0000000000000000    0x60910
 *(.debug_info)
 .debug_info    0x0000000000000000    0x533d0 /home/arch/infosec/club/magpieCTF-2024/challenges/binary-exploitation/freedom_of_thought/src/build/elf/dl-allobjs.os
 .debug_info    0x00000000000533d0      0x8af /home/arch/infosec/club/magpieCTF-2024/challenges/binary-exploitation/freedom_of_thought/src/build/elf/rtld-libc.a(rtld-check_fds.os)
 .debug_info    0x0000000000053c7f      0x411 /home/arch/infosec/club/magpieCTF-2024/challenges/binary-exploitation/freedom_of_thought/src/build/elf/rtld-libc.a(rtld-errno.os)
 .debug_info    0x0000000000054090      0x6a7 /home/arch/infosec/club/magpieCTF-2024/challenges/binary-exploitation/freedom_of_thought/src/build/elf/rtld-libc.a(rtld-closedir.os)
 .debug_info    0x0000000000054737      0x73e /home/arch/infosec/club/magpieCTF-2024/challenges/binary-exploitation/freedom_of_thought/src/build/elf/rtld-libc.a(rtld-readdir.os)
 .debug_info    0x0000000000054e75      0x635 /home/arch/infosec/club/magpieCTF-2024/challenges/binary-exploitation/freedom_of_thought/src/build/elf/rtld-libc.a(rtld-rewinddir.os)
 .debug_info    0x00000000000554aa      0x982 /home/arch/infosec/club/magpieCTF-2024/challenges/binary-exploitation/freedom_of_thought/src/build/elf/rtld-libc.a(rtld-getdents.os)
 .debug_info    0x0000000000055e2c      0x884 /home/arch/infosec/club/magpieCTF-2024/challenges/binary-exploitation/freedom_of_thought/src/build/elf/rtld-libc.a(rtld-fdopendir.os)
 .debug_info    0x00000000000566b0      0xda2 /home/arch/infosec/club/magpieCTF-2024/challenges/binary-exploitation/freedom_of_thought/src/build/elf/rtld-libc.a(rtld-dl-addr-obj.os)
 .debug_info    0x0000000000057452      0xafb /home/arch/infosec/club/magpieCTF-2024/challenges/binary-exploitation/freedom_of_thought/src/build/elf/rtld-libc.a(rtld-profil.os)
 .debug_info    0x0000000000057f4d     0x19d8 /home/arch/infosec/club/magpieCTF-2024/challenges/binary-exploitation/freedom_of_thought/src/build/elf/rtld-libc.a(rtld-prof-freq.os)
 .debug_info    0x0000000000059925      0x674 /home/arch/infosec/club/magpieCTF-2024/challenges/binary-exploitation/freedom_of_thought/src/build/elf/rtld-libc.a(rtld-xstat.os)
 .debug_info    0x0000000000059f99      0x66d /home/arch/infosec/club/magpieCTF-2024/challenges/binary-exploitation/freedom_of_thought/src/build/elf/rtld-libc.a(rtld-fxstat.os)
 .debug_info    0x000000000005a606      0x674 /home/arch/infosec/club/magpieCTF-2024/challenges/binary-exploitation/freedom_of_thought/src/build/elf/rtld-libc.a(rtld-lxstat.os)
 .debug_info    0x000000000005ac7a      0x615 /home/arch/infosec/club/magpieCTF-2024/challenges/binary-exploitation/freedom_of_thought/src/build/elf/rtld-libc.a(rtld-open64.os)
 .debug_info    0x000000000005b28f      0x571 /home/arch/infosec/club/magpieCTF-2024/challenges/binary-exploitation/freedom_of_thought/src/build/elf/rtld-libc.a(rtld-read.os)
 .debug_info    0x000000000005b800      0x575 /home/arch/infosec/club/magpieCTF-2024/challenges/binary-exploitation/freedom_of_thought/src/build/elf/rtld-libc.a(rtld-write.os)
 .debug_info    0x000000000005bd75      0x529 /home/arch/infosec/club/magpieCTF-2024/challenges/binary-exploitation/freedom_of_thought/src/build/elf/rtld-libc.a(rtld-lseek64.os)
 .debug_info    0x000000000005c29e      0x4c2 /home/arch/infosec/club/magpieCTF-2024/challenges/binary-exploitation/freedom_of_thought/src/build/elf/rtld-libc.a(rtld-access.os)
 .debug_info    0x000000000005c760      0x873 /home/arch/infosec/club/magpieCTF-2024/challenges/binary-exploitation/freedom_of_thought/src/build/elf/rtld-libc.a(rtld-fcntl.os)
 .debug_info    0x000000000005cfd3      0x4dd /home/arch/infosec/club/magpieCTF-2024/challenges/binary-exploitation/freedom_of_thought/src/build/elf/rtld-libc.a(rtld-close.os)
 .debug_info    0x000000000005d4b0     0x1d9b /home/arch/infosec/club/magpieCTF-2024/challenges/binary-exploitation/freedom_of_thought/src/build/elf/rtld-libc.a(rtld-mmap64.os)
 .debug_info    0x000000000005f24b       0x6a /home/arch/infosec/club/magpieCTF-2024/challenges/binary-exploitation/freedom_of_thought/src/build/elf/rtld-libc.a(rtld-munmap.os)
 .debug_info    0x000000000005f2b5       0x6a /home/arch/infosec/club/magpieCTF-2024/challenges/binary-exploitation/freedom_of_thought/src/build/elf/rtld-libc.a(rtld-mprotect.os)
 .debug_info    0x000000000005f31f       0x6a /home/arch/infosec/club/magpieCTF-2024/challenges/binary-exploitation/freedom_of_thought/src/build/elf/rtld-libc.a(rtld-uname.os)
 .debug_info    0x000000000005f389      0x4e2 /home/arch/infosec/club/magpieCTF-2024/challenges/binary-exploitation/freedom_of_thought/src/build/elf/rtld-libc.a(rtld-_exit.os)
 .debug_info    0x000000000005f86b       0x6a /home/arch/infosec/club/magpieCTF-2024/challenges/binary-exploitation/freedom_of_thought/src/build/elf/rtld-libc.a(rtld-getpid.os)
 .debug_info    0x000000000005f8d5       0xb2 /home/arch/infosec/club/magpieCTF-2024/challenges/binary-exploitation/freedom_of_thought/src/build/elf/rtld-libc.a(rtld-environ.os)
 .debug_info    0x000000000005f987       0x48 /home/arch/infosec/club/magpieCTF-2024/challenges/binary-exploitation/freedom_of_thought/src/build/elf/rtld-libc.a(rtld-setjmp.os)
 .debug_info    0x000000000005f9cf       0x39 /home/arch/infosec/club/magpieCTF-2024/challenges/binary-exploitation/freedom_of_thought/src/build/elf/rtld-libc.a(rtld-__longjmp.os)
 .debug_info    0x000000000005fa08      0x9f2 /home/arch/infosec/club/magpieCTF-2024/challenges/binary-exploitation/freedom_of_thought/src/build/elf/rtld-libc.a(rtld-sigaction.os)
 .debug_info    0x00000000000603fa      0x19a /home/arch/infosec/club/magpieCTF-2024/challenges/binary-exploitation/freedom_of_thought/src/build/elf/rtld-libc.a(rtld-strdup.os)
 .debug_info    0x0000000000060594       0x3b /home/arch/infosec/club/magpieCTF-2024/challenges/binary-exploitation/freedom_of_thought/src/build/elf/rtld-libc.a(rtld-strcmp-sse2.os)
 .debug_info    0x00000000000605cf       0x4b /home/arch/infosec/club/magpieCTF-2024/challenges/binary-exploitation/freedom_of_thought/src/build/elf/rtld-libc.a(rtld-memchr-sse2.os)
 .debug_info    0x000000000006061a       0x4d /home/arch/infosec/club/magpieCTF-2024/challenges/binary-exploitation/freedom_of_thought/src/build/elf/rtld-libc.a(rtld-rawmemchr-sse2.os)
 .debug_info    0x0000000000060667       0x4d /home/arch/infosec/club/magpieCTF-2024/challenges/binary-exploitation/freedom_of_thought/src/build/elf/rtld-libc.a(rtld-memcmp-sse2.os)
 .debug_info    0x00000000000606b4       0x4d /home/arch/infosec/club/magpieCTF-2024/challenges/binary-exploitation/freedom_of_thought/src/build/elf/rtld-libc.a(rtld-strchr-sse2.os)
 .debug_info    0x0000000000060701       0x3b /home/arch/infosec/club/magpieCTF-2024/challenges/binary-exploitation/freedom_of_thought/src/build/elf/rtld-libc.a(rtld-strlen-sse2.os)
 .debug_info    0x000000000006073c       0x4d /home/arch/infosec/club/magpieCTF-2024/challenges/binary-exploitation/freedom_of_thought/src/build/elf/rtld-libc.a(rtld-strnlen-sse2.os)
 .debug_info    0x0000000000060789       0x4d /home/arch/infosec/club/magpieCTF-2024/challenges/binary-exploitation/freedom_of_thought/src/build/elf/rtld-libc.a(rtld-stpcpy-sse2.os)
 .debug_info    0x00000000000607d6       0x3b /home/arch/infosec/club/magpieCTF-2024/challenges/binary-exploitation/freedom_of_thought/src/build/elf/rtld-libc.a(rtld-strcspn-sse2.os)
 .debug_info    0x0000000000060811       0x5a /home/arch/infosec/club/magpieCTF-2024/challenges/binary-exploitation/freedom_of_thought/src/build/elf/rtld-libc.a(rtld-memmove-sse2-unaligned-erms.os)
 .debug_info    0x000000000006086b       0x3b /home/arch/infosec/club/magpieCTF-2024/challenges/binary-exploitation/freedom_of_thought/src/build/elf/rtld-libc.a(rtld-memset-sse2-unaligned-erms.os)
 .debug_info    0x00000000000608a6       0x6a /home/arch/infosec/club/magpieCTF-2024/challenges/binary-exploitation/freedom_of_thought/src/build/elf/rtld-libc.a(rtld-setitimer.os)

.debug_abbrev   0x0000000000000000     0xd627
 *(.debug_abbrev)
 .debug_abbrev  0x0000000000000000     0xa7b3 /home/arch/infosec/club/magpieCTF-2024/challenges/binary-exploitation/freedom_of_thought/src/build/elf/dl-allobjs.os
 .debug_abbrev  0x000000000000a7b3      0x22f /home/arch/infosec/club/magpieCTF-2024/challenges/binary-exploitation/freedom_of_thought/src/build/elf/rtld-libc.a(rtld-check_fds.os)
 .debug_abbrev  0x000000000000a9e2       0xde /home/arch/infosec/club/magpieCTF-2024/challenges/binary-exploitation/freedom_of_thought/src/build/elf/rtld-libc.a(rtld-errno.os)
 .debug_abbrev  0x000000000000aac0      0x1d7 /home/arch/infosec/club/magpieCTF-2024/challenges/binary-exploitation/freedom_of_thought/src/build/elf/rtld-libc.a(rtld-closedir.os)
 .debug_abbrev  0x000000000000ac97      0x1c7 /home/arch/infosec/club/magpieCTF-2024/challenges/binary-exploitation/freedom_of_thought/src/build/elf/rtld-libc.a(rtld-readdir.os)
 .debug_abbrev  0x000000000000ae5e      0x16f /home/arch/infosec/club/magpieCTF-2024/challenges/binary-exploitation/freedom_of_thought/src/build/elf/rtld-libc.a(rtld-rewinddir.os)
 .debug_abbrev  0x000000000000afcd      0x211 /home/arch/infosec/club/magpieCTF-2024/challenges/binary-exploitation/freedom_of_thought/src/build/elf/rtld-libc.a(rtld-getdents.os)
 .debug_abbrev  0x000000000000b1de      0x1d2 /home/arch/infosec/club/magpieCTF-2024/challenges/binary-exploitation/freedom_of_thought/src/build/elf/rtld-libc.a(rtld-fdopendir.os)
 .debug_abbrev  0x000000000000b3b0      0x221 /home/arch/infosec/club/magpieCTF-2024/challenges/binary-exploitation/freedom_of_thought/src/build/elf/rtld-libc.a(rtld-dl-addr-obj.os)
 .debug_abbrev  0x000000000000b5d1      0x2cc /home/arch/infosec/club/magpieCTF-2024/challenges/binary-exploitation/freedom_of_thought/src/build/elf/rtld-libc.a(rtld-profil.os)
 .debug_abbrev  0x000000000000b89d      0x2fc /home/arch/infosec/club/magpieCTF-2024/challenges/binary-exploitation/freedom_of_thought/src/build/elf/rtld-libc.a(rtld-prof-freq.os)
 .debug_abbrev  0x000000000000bb99      0x154 /home/arch/infosec/club/magpieCTF-2024/challenges/binary-exploitation/freedom_of_thought/src/build/elf/rtld-libc.a(rtld-xstat.os)
 .debug_abbrev  0x000000000000bced      0x166 /home/arch/infosec/club/magpieCTF-2024/challenges/binary-exploitation/freedom_of_thought/src/build/elf/rtld-libc.a(rtld-fxstat.os)
 .debug_abbrev  0x000000000000be53      0x154 /home/arch/infosec/club/magpieCTF-2024/challenges/binary-exploitation/freedom_of_thought/src/build/elf/rtld-libc.a(rtld-lxstat.os)
 .debug_abbrev  0x000000000000bfa7      0x199 /home/arch/infosec/club/magpieCTF-2024/challenges/binary-exploitation/freedom_of_thought/src/build/elf/rtld-libc.a(rtld-open64.os)
 .debug_abbrev  0x000000000000c140      0x186 /home/arch/infosec/club/magpieCTF-2024/challenges/binary-exploitation/freedom_of_thought/src/build/elf/rtld-libc.a(rtld-read.os)
 .debug_abbrev  0x000000000000c2c6      0x184 /home/arch/infosec/club/magpieCTF-2024/challenges/binary-exploitation/freedom_of_thought/src/build/elf/rtld-libc.a(rtld-write.os)
 .debug_abbrev  0x000000000000c44a      0x15e /home/arch/infosec/club/magpieCTF-2024/challenges/binary-exploitation/freedom_of_thought/src/build/elf/rtld-libc.a(rtld-lseek64.os)
 .debug_abbrev  0x000000000000c5a8      0x13c /home/arch/infosec/club/magpieCTF-2024/challenges/binary-exploitation/freedom_of_thought/src/build/elf/rtld-libc.a(rtld-access.os)
 .debug_abbrev  0x000000000000c6e4      0x265 /home/arch/infosec/club/magpieCTF-2024/challenges/binary-exploitation/freedom_of_thought/src/build/elf/rtld-libc.a(rtld-fcntl.os)
 .debug_abbrev  0x000000000000c949      0x166 /home/arch/infosec/club/magpieCTF-2024/challenges/binary-exploitation/freedom_of_thought/src/build/elf/rtld-libc.a(rtld-close.os)
 .debug_abbrev  0x000000000000caaf      0x3cc /home/arch/infosec/club/magpieCTF-2024/challenges/binary-exploitation/freedom_of_thought/src/build/elf/rtld-libc.a(rtld-mmap64.os)
 .debug_abbrev  0x000000000000ce7b       0x28 /home/arch/infosec/club/magpieCTF-2024/challenges/binary-exploitation/freedom_of_thought/src/build/elf/rtld-libc.a(rtld-munmap.os)
 .debug_abbrev  0x000000000000cea3       0x28 /home/arch/infosec/club/magpieCTF-2024/challenges/binary-exploitation/freedom_of_thought/src/build/elf/rtld-libc.a(rtld-mprotect.os)
 .debug_abbrev  0x000000000000cecb       0x28 /home/arch/infosec/club/magpieCTF-2024/challenges/binary-exploitation/freedom_of_thought/src/build/elf/rtld-libc.a(rtld-uname.os)
 .debug_abbrev  0x000000000000cef3      0x13e /home/arch/infosec/club/magpieCTF-2024/challenges/binary-exploitation/freedom_of_thought/src/build/elf/rtld-libc.a(rtld-_exit.os)
 .debug_abbrev  0x000000000000d031       0x28 /home/arch/infosec/club/magpieCTF-2024/challenges/binary-exploitation/freedom_of_thought/src/build/elf/rtld-libc.a(rtld-getpid.os)
 .debug_abbrev  0x000000000000d059       0x72 /home/arch/infosec/club/magpieCTF-2024/challenges/binary-exploitation/freedom_of_thought/src/build/elf/rtld-libc.a(rtld-environ.os)
 .debug_abbrev  0x000000000000d0cb       0x28 /home/arch/infosec/club/magpieCTF-2024/challenges/binary-exploitation/freedom_of_thought/src/build/elf/rtld-libc.a(rtld-setjmp.os)
 .debug_abbrev  0x000000000000d0f3       0x28 /home/arch/infosec/club/magpieCTF-2024/challenges/binary-exploitation/freedom_of_thought/src/build/elf/rtld-libc.a(rtld-__longjmp.os)
 .debug_abbrev  0x000000000000d11b      0x228 /home/arch/infosec/club/magpieCTF-2024/challenges/binary-exploitation/freedom_of_thought/src/build/elf/rtld-libc.a(rtld-sigaction.os)
 .debug_abbrev  0x000000000000d343      0x104 /home/arch/infosec/club/magpieCTF-2024/challenges/binary-exploitation/freedom_of_thought/src/build/elf/rtld-libc.a(rtld-strdup.os)
 .debug_abbrev  0x000000000000d447       0x28 /home/arch/infosec/club/magpieCTF-2024/challenges/binary-exploitation/freedom_of_thought/src/build/elf/rtld-libc.a(rtld-strcmp-sse2.os)
 .debug_abbrev  0x000000000000d46f       0x28 /home/arch/infosec/club/magpieCTF-2024/challenges/binary-exploitation/freedom_of_thought/src/build/elf/rtld-libc.a(rtld-memchr-sse2.os)
 .debug_abbrev  0x000000000000d497       0x28 /home/arch/infosec/club/magpieCTF-2024/challenges/binary-exploitation/freedom_of_thought/src/build/elf/rtld-libc.a(rtld-rawmemchr-sse2.os)
 .debug_abbrev  0x000000000000d4bf       0x28 /home/arch/infosec/club/magpieCTF-2024/challenges/binary-exploitation/freedom_of_thought/src/build/elf/rtld-libc.a(rtld-memcmp-sse2.os)
 .debug_abbrev  0x000000000000d4e7       0x28 /home/arch/infosec/club/magpieCTF-2024/challenges/binary-exploitation/freedom_of_thought/src/build/elf/rtld-libc.a(rtld-strchr-sse2.os)
 .debug_abbrev  0x000000000000d50f       0x28 /home/arch/infosec/club/magpieCTF-2024/challenges/binary-exploitation/freedom_of_thought/src/build/elf/rtld-libc.a(rtld-strlen-sse2.os)
 .debug_abbrev  0x000000000000d537       0x28 /home/arch/infosec/club/magpieCTF-2024/challenges/binary-exploitation/freedom_of_thought/src/build/elf/rtld-libc.a(rtld-strnlen-sse2.os)
 .debug_abbrev  0x000000000000d55f       0x28 /home/arch/infosec/club/magpieCTF-2024/challenges/binary-exploitation/freedom_of_thought/src/build/elf/rtld-libc.a(rtld-stpcpy-sse2.os)
 .debug_abbrev  0x000000000000d587       0x28 /home/arch/infosec/club/magpieCTF-2024/challenges/binary-exploitation/freedom_of_thought/src/build/elf/rtld-libc.a(rtld-strcspn-sse2.os)
 .debug_abbrev  0x000000000000d5af       0x28 /home/arch/infosec/club/magpieCTF-2024/challenges/binary-exploitation/freedom_of_thought/src/build/elf/rtld-libc.a(rtld-memmove-sse2-unaligned-erms.os)
 .debug_abbrev  0x000000000000d5d7       0x28 /home/arch/infosec/club/magpieCTF-2024/challenges/binary-exploitation/freedom_of_thought/src/build/elf/rtld-libc.a(rtld-memset-sse2-unaligned-erms.os)
 .debug_abbrev  0x000000000000d5ff       0x28 /home/arch/infosec/club/magpieCTF-2024/challenges/binary-exploitation/freedom_of_thought/src/build/elf/rtld-libc.a(rtld-setitimer.os)

.debug_line     0x0000000000000000    0x19954
 *(.debug_line)
 .debug_line    0x0000000000000000    0x16d62 /home/arch/infosec/club/magpieCTF-2024/challenges/binary-exploitation/freedom_of_thought/src/build/elf/dl-allobjs.os
 .debug_line    0x0000000000016d62      0x196 /home/arch/infosec/club/magpieCTF-2024/challenges/binary-exploitation/freedom_of_thought/src/build/elf/rtld-libc.a(rtld-check_fds.os)
 .debug_line    0x0000000000016ef8       0x71 /home/arch/infosec/club/magpieCTF-2024/challenges/binary-exploitation/freedom_of_thought/src/build/elf/rtld-libc.a(rtld-errno.os)
 .debug_line    0x0000000000016f69      0x13c /home/arch/infosec/club/magpieCTF-2024/challenges/binary-exploitation/freedom_of_thought/src/build/elf/rtld-libc.a(rtld-closedir.os)
 .debug_line    0x00000000000170a5      0x187 /home/arch/infosec/club/magpieCTF-2024/challenges/binary-exploitation/freedom_of_thought/src/build/elf/rtld-libc.a(rtld-readdir.os)