Archive member included to satisfy reference by file (symbol)

/home/arch/infosec/club/magpieCTF-2024/challenges/binary-exploitation/freedom_of_thought/src/build/libc_pic.a(check_fds.os)
                              /home/arch/infosec/club/magpieCTF-2024/challenges/binary-exploitation/freedom_of_thought/src/build/elf/dl-allobjs.os (__libc_check_standard_fds)
/home/arch/infosec/club/magpieCTF-2024/challenges/binary-exploitation/freedom_of_thought/src/build/libc_pic.a(errno.os)
                              /home/arch/infosec/club/magpieCTF-2024/challenges/binary-exploitation/freedom_of_thought/src/build/libc_pic.a(check_fds.os) (__libc_errno)
/home/arch/infosec/club/magpieCTF-2024/challenges/binary-exploitation/freedom_of_thought/src/build/libc_pic.a(setjmp.os)
                              /home/arch/infosec/club/magpieCTF-2024/challenges/binary-exploitation/freedom_of_thought/src/build/elf/dl-allobjs.os (__sigsetjmp)
/home/arch/infosec/club/magpieCTF-2024/challenges/binary-exploitation/freedom_of_thought/src/build/libc_pic.a(__longjmp.os)
                              /home/arch/infosec/club/magpieCTF-2024/challenges/binary-exploitation/freedom_of_thought/src/build/elf/dl-allobjs.os (__longjmp)
/home/arch/infosec/club/magpieCTF-2024/challenges/binary-exploitation/freedom_of_thought/src/build/libc_pic.a(strchr.os)
                              /home/arch/infosec/club/magpieCTF-2024/challenges/binary-exploitation/freedom_of_thought/src/build/elf/dl-allobjs.os (strchr)
/home/arch/infosec/club/magpieCTF-2024/challenges/binary-exploitation/freedom_of_thought/src/build/libc_pic.a(strcmp.os)
                              /home/arch/infosec/club/magpieCTF-2024/challenges/binary-exploitation/freedom_of_thought/src/build/elf/dl-allobjs.os (strcmp)
/home/arch/infosec/club/magpieCTF-2024/challenges/binary-exploitation/freedom_of_thought/src/build/libc_pic.a(strcspn.os)
                              /home/arch/infosec/club/magpieCTF-2024/challenges/binary-exploitation/freedom_of_thought/src/build/elf/dl-allobjs.os (strcspn)
/home/arch/infosec/club/magpieCTF-2024/challenges/binary-exploitation/freedom_of_thought/src/build/libc_pic.a(strdup.os)
                              /home/arch/infosec/club/magpieCTF-2024/challenges/binary-exploitation/freedom_of_thought/src/build/elf/dl-allobjs.os (__strdup)
/home/arch/infosec/club/magpieCTF-2024/challenges/binary-exploitation/freedom_of_thought/src/build/libc_pic.a(strlen.os)
                              /home/arch/infosec/club/magpieCTF-2024/challenges/binary-exploitation/freedom_of_thought/src/build/elf/dl-allobjs.os (strlen)
/home/arch/infosec/club/magpieCTF-2024/challenges/binary-exploitation/freedom_of_thought/src/build/libc_pic.a(strnlen.os)
                              /home/arch/infosec/club/magpieCTF-2024/challenges/binary-exploitation/freedom_of_thought/src/build/elf/dl-allobjs.os (strnlen)
/home/arch/infosec/club/magpieCTF-2024/challenges/binary-exploitation/freedom_of_thought/src/build/libc_pic.a(memchr.os)
                              /home/arch/infosec/club/magpieCTF-2024/challenges/binary-exploitation/freedom_of_thought/src/build/elf/dl-allobjs.os (memchr)
/home/arch/infosec/club/magpieCTF-2024/challenges/binary-exploitation/freedom_of_thought/src/build/libc_pic.a(memcmp.os)
                              /home/arch/infosec/club/magpieCTF-2024/challenges/binary-exploitation/freedom_of_thought/src/build/elf/dl-allobjs.os (memcmp)
/home/arch/infosec/club/magpieCTF-2024/challenges/binary-exploitation/freedom_of_thought/src/build/libc_pic.a(memmove.os)
                              /home/arch/infosec/club/magpieCTF-2024/challenges/binary-exploitation/freedom_of_thought/src/build/elf/dl-allobjs.os (memmove)
/home/arch/infosec/club/magpieCTF-2024/challenges/binary-exploitation/freedom_of_thought/src/build/libc_pic.a(memset.os)
                              /home/arch/infosec/club/magpieCTF-2024/challenges/binary-exploitation/freedom_of_thought/src/build/elf/dl-allobjs.os (memset)
/home/arch/infosec/club/magpieCTF-2024/challenges/binary-exploitation/freedom_of_thought/src/build/libc_pic.a(mempcpy.os)
                              /home/arch/infosec/club/magpieCTF-2024/challenges/binary-exploitation/freedom_of_thought/src/build/elf/dl-allobjs.os (__mempcpy)
/home/arch/infosec/club/magpieCTF-2024/challenges/binary-exploitation/freedom_of_thought/src/build/libc_pic.a(stpcpy.os)
                              /home/arch/infosec/club/magpieCTF-2024/challenges/binary-exploitation/freedom_of_thought/src/build/elf/dl-allobjs.os (__stpcpy)
/home/arch/infosec/club/magpieCTF-2024/challenges/binary-exploitation/freedom_of_thought/src/build/libc_pic.a(memcpy.os)
                              /home/arch/infosec/club/magpieCTF-2024/challenges/binary-exploitation/freedom_of_thought/src/build/libc_pic.a(check_fds.os) (__GI_memcpy)
/home/arch/infosec/club/magpieCTF-2024/challenges/binary-exploitation/freedom_of_thought/src/build/libc_pic.a(rawmemchr.os)
[...]
Memory Configuration

Name             Origin             Length             Attributes
*default*        0x0000000000000000 0xffffffffffffffff

Linker script and memory map

                0x0000000000000000                __stack_chk_fail = 0x0
                0x0000000000000000                __stack_chk_fail_local = 0x0
START GROUP
LOAD /home/arch/infosec/club/magpieCTF-2024/challenges/binary-exploitation/freedom_of_thought/src/build/elf/dl-allobjs.os
LOAD /home/arch/infosec/club/magpieCTF-2024/challenges/binary-exploitation/freedom_of_thought/src/build/libc_pic.a
LOAD /usr/lib/gcc/x86_64-pc-linux-gnu/13.1.1/libgcc.a
END GROUP

.interp
 *(.interp)

.note.gnu.property
                0x0000000000000000       0x30
 .note.gnu.property
                0x0000000000000000       0x30 /home/arch/infosec/club/magpieCTF-2024/challenges/binary-exploitation/freedom_of_thought/src/build/elf/dl-allobjs.os

.note.gnu.build-id
 *(.note.gnu.build-id)

.hash
 *(.hash)

.gnu.hash
 *(.gnu.hash)

.dynsym
 *(.dynsym)

.dynstr
 *(.dynstr)

.gnu.version
 *(.gnu.version)

.gnu.version_d
 *(.gnu.version_d)

.gnu.version_r
 *(.gnu.version_r)

.rela.init
 *(.rela.init)

.rela.text
 *(.rela.text)

.rela.fini
 *(.rela.fini)

.rela.rodata
 *(.rela.rodata)

.rela.data.rel.ro
 *(.rela.data.rel.ro)

.rela.data
 *(.rela.data)

.rela.tdata
 *(.rela.tdata)

.rela.tbss
 *(.rela.tbss)

.rela.ctors
 *(.rela.ctors)

.rela.dtors
 *(.rela.dtors)

.rela.got
 *(.rela.got)

.rela.bss
 *(.rela.bss)

.rela.ldata
 *(.rela.ldata)

.rela.lbss
 *(.rela.lbss)

.rela.lrodata
 *(.rela.lrodata)

.rela.ifunc
 *(.rela.ifunc)

.rela.plt
 *(.rela.plt)

.relr.dyn
 *(.relr.dyn)

.init
 *(SORT_NONE(.init))

.plt
 *(.plt)

.plt.got
 *(.plt.got)

.plt.sec
 *(.plt.sec)

.text           0x0000000000000000    0x1f5a5
 *(.text .stub)
 .text          0x0000000000000000    0x19ac0 /home/arch/infosec/club/magpieCTF-2024/challenges/binary-exploitation/freedom_of_thought/src/build/elf/dl-allobjs.os
                0x0000000000000000                _start
                0x0000000000000008                _dl_start_user
                0x0000000000001380                handle_ld_preload
                0x0000000000006eb0                _dl_dst_count
                0x0000000000006f60                _dl_dst_substitute
                0x0000000000007820                _dl_init_paths
                0x0000000000007b30                _dl_map_object
                0x00000000000086f0                _dl_rtld_di_serinfo
                0x0000000000009840                _dl_lookup_symbol_x
                0x000000000000aa60                _dl_setup_hash
                0x000000000000ab20                _dl_add_to_namespace_list
                0x000000000000abd0                _dl_new_object
                0x000000000000af30                _dl_try_allocate_static_tls
                0x000000000000b020                _dl_allocate_static_tls
                0x000000000000b050                _dl_nothread_init_static_tls
                0x000000000000b090                _dl_protect_relro
                0x000000000000b0f0                _dl_reloc_bad_type
                0x000000000000b1c0                _dl_relocate_object
                0x000000000000cb80                _dl_map_object_deps
                0x000000000000df20                _dl_important_hwcaps
                0x000000000000e760                _dl_fixup
                0x000000000000e910                _dl_profile_fixup
                0x000000000000eef0                _dl_call_pltexit
                0x000000000000f130                _dl_init
                0x000000000000f270                _dl_sort_fini
                0x000000000000f500                _dl_fini
                0x000000000000f8c0                _dl_debug_state
                0x000000000000f8c0                __GI__dl_debug_state
                0x000000000000f8d0                _dl_debug_initialize
                0x000000000000ffd0                _dl_sysdep_read_whole_file
                0x0000000000010070                _dl_debug_printf
                0x0000000000010120                _dl_debug_printf_c
                0x00000000000101d0                _dl_dprintf
                0x0000000000010270                _dl_name_match_p
                0x00000000000102e0                _dl_higher_prime_number
                0x0000000000010330                _dl_strtoul
                0x0000000000010870                _dl_check_map_versions
                0x0000000000010d10                _dl_check_all_versions
                0x0000000000010d80                _dl_start_profile
                0x00000000000114f0                __GI__dl_mcount
                0x00000000000114f0                _dl_mcount
                0x0000000000011a20                _dl_next_tls_modid
                0x0000000000011b10                _dl_count_modids
                0x0000000000011b80                _dl_determine_tlsoffset
                0x0000000000011d40                _dl_get_tls_static_info
                0x0000000000011d60                _dl_allocate_tls_storage
                0x0000000000011e20                __GI__dl_allocate_tls_init
                0x0000000000011e20                _dl_allocate_tls_init
                0x0000000000012060                __GI__dl_allocate_tls
                0x0000000000012060                _dl_allocate_tls
                0x00000000000120d0                _dl_deallocate_tls
                0x00000000000120d0                __GI__dl_deallocate_tls
                0x0000000000012150                _dl_update_slotinfo
                0x00000000000123a0                __GI___tls_get_addr
                0x00000000000123a0                ___tls_get_addr
                0x00000000000123e0                _dl_tls_get_addr_soft
                0x0000000000012450                _dl_add_to_slotinfo
                0x0000000000012540                __tls_get_addr_slow
                0x0000000000012570                _dl_get_origin
                0x00000000000126f0                _dl_scope_free
                0x00000000000127b0                _dl_make_stack_executable
                0x00000000000127b0                __GI__dl_make_stack_executable
                0x0000000000012840                _dl_check_caller
                0x0000000000012d30                __GI__dl_find_dso_for_object
                0x0000000000012d30                _dl_find_dso_for_object
                0x0000000000012e00                _dl_open
                0x00000000000131c0                _dl_show_scope
                0x0000000000013d90                _dl_close_worker
                0x0000000000014e80                _dl_close
                0x0000000000014ef0                _dl_runtime_profile_avx512
                0x0000000000015370                _dl_runtime_profile_avx
                0x00000000000157f0                _dl_runtime_profile_sse
                0x00000000000159f0                _dl_runtime_resolve_fxsave
                0x0000000000015a70                _dl_runtime_resolve_xsave
                0x0000000000015b40                _dl_runtime_resolve_xsavec
                0x0000000000015c00                _dl_cache_libcmp
                0x0000000000015cc0                _dl_load_cache_lookup
                0x00000000000162d0                _dl_unload_cache
                0x0000000000016360                __tunable_set_val
                0x0000000000016380                __GI___tunables_init
                0x0000000000016900                __tunable_get_val
                0x0000000000016900                __GI___tunable_get_val
                0x0000000000016970                _dl_make_tlsdesc_dynamic
                0x0000000000016c50                _dl_tlsdesc_resolve_rela_fixup
                0x0000000000016e20                _dl_tlsdesc_resolve_hold_fixup
                0x0000000000016e50                _dl_unmap
                0x0000000000016ed0                _dl_tlsdesc_return
                0x0000000000016ee0                _dl_tlsdesc_undefweak
                0x0000000000016ef0                _dl_tlsdesc_dynamic
                0x0000000000016f90                _dl_tlsdesc_resolve_rela
                0x0000000000017000                _dl_tlsdesc_resolve_hold
                0x0000000000017080                __tls_get_addr
                0x00000000000170c0                __get_cpu_features
                0x00000000000170d0                _dl_tunable_set_hwcaps
                0x0000000000017d70                _dl_sysdep_start
                0x0000000000018470                _dl_sysdep_start_cleanup
                0x0000000000018480                _dl_show_auxv
                0x0000000000018640                _dl_discover_osversion
                0x0000000000018820                _dl_next_ld_env_entry
                0x0000000000018870                unsetenv
                0x00000000000188f0                malloc
                0x0000000000018a10                calloc
                0x0000000000018a40                free
                0x0000000000018a80                __sigjmp_save
                0x0000000000018a90                __strerror_r
                0x0000000000018b80                __GI___libc_fatal
                0x0000000000018b80                __libc_fatal
                0x0000000000018bb0                __GI___chk_fail
                0x0000000000018bb0                __chk_fail
                0x0000000000018bc0                __GI___assert_fail
                0x0000000000018bc0                __assert_fail
                0x0000000000018c10                realloc
                0x0000000000018ca0                __GI___assert_perror_fail
                0x0000000000018ca0                __assert_perror_fail
                0x0000000000018d10                _itoa
                0x0000000000018d70                __strsep
                0x0000000000018d70                strsep
                0x0000000000018d70                __strsep_g
                0x0000000000018df0                _dl_signal_error
                0x0000000000018fa0                _dl_signal_cerror
                0x0000000000019020                _dl_catch_error
                0x00000000000190f0                _dl_receive_error
                0x0000000000019140                _dl_resolve_conflicts
                0x00000000000192c0                __brk
                0x00000000000192c0                brk
                0x0000000000019310                sbrk
                0x0000000000019310                __sbrk
                0x00000000000193a0                __getcwd
                0x00000000000193a0                getcwd
                0x0000000000019870                openat64
                0x00000000000198d0                __alloc_dir
                0x00000000000199a0                __opendir
                0x00000000000199a0                opendir
                0x0000000000019a70                __fxstatat
                0x0000000000019a70                __fxstatat64
                0x0000000000019a70                __GI___fxstatat64
 .text          0x0000000000019ac0       0xf2 /home/arch/infosec/club/magpieCTF-2024/challenges/binary-exploitation/freedom_of_thought/src/build/libc_pic.a(check_fds.os)
                0x0000000000019b80                __libc_check_standard_fds
 .text          0x0000000000019bb2        0x0 /home/arch/infosec/club/magpieCTF-2024/challenges/binary-exploitation/freedom_of_thought/src/build/libc_pic.a(errno.os)
 *fill*         0x0000000000019bb2        0xe 
 .text          0x0000000000019bc0       0x57 /home/arch/infosec/club/magpieCTF-2024/challenges/binary-exploitation/freedom_of_thought/src/build/libc_pic.a(setjmp.os)
                0x0000000000019bc0                __sigsetjmp
                0x0000000000019bc0                __GI___sigsetjmp
 *fill*         0x0000000000019c17        0x9 
 .text          0x0000000000019c20       0x50 /home/arch/infosec/club/magpieCTF-2024/challenges/binary-exploitation/freedom_of_thought/src/build/libc_pic.a(__longjmp.os)
                0x0000000000019c20                __longjmp
 .text          0x0000000000019c70       0x3a /home/arch/infosec/club/magpieCTF-2024/challenges/binary-exploitation/freedom_of_thought/src/build/libc_pic.a(strchr.os)
                0x0000000000019c70                __GI_strchr
                0x0000000000019c70                index
                0x0000000000019c70                strchr
 *fill*         0x0000000000019caa        0x6 
 .text          0x0000000000019cb0       0x2e /home/arch/infosec/club/magpieCTF-2024/challenges/binary-exploitation/freedom_of_thought/src/build/libc_pic.a(strcmp.os)
                0x0000000000019cb0                __GI_strcmp
                0x0000000000019cb0                strcmp
 *fill*         0x0000000000019cde        0x2 
 .text          0x0000000000019ce0       0x1e /home/arch/infosec/club/magpieCTF-2024/challenges/binary-exploitation/freedom_of_thought/src/build/libc_pic.a(strcspn.os)
                0x0000000000019ce0                strcspn
                0x0000000000019ce0                __GI_strcspn
 *fill*         0x0000000000019cfe        0x2 
 .text          0x0000000000019d00       0x39 /home/arch/infosec/club/magpieCTF-2024/challenges/binary-exploitation/freedom_of_thought/src/build/libc_pic.a(strdup.os)
                0x0000000000019d00                __GI___strdup
                0x0000000000019d00                __strdup
                0x0000000000019d00                strdup
 *fill*         0x0000000000019d39        0x7 
 .text          0x0000000000019d40       0x2a /home/arch/infosec/club/magpieCTF-2024/challenges/binary-exploitation/freedom_of_thought/src/build/libc_pic.a(strlen.os)
                0x0000000000019d40                strlen
                0x0000000000019d40                __GI_strlen
 *fill*         0x0000000000019d6a        0x6 
 .text          0x0000000000019d70       0x2a /home/arch/infosec/club/magpieCTF-2024/challenges/binary-exploitation/freedom_of_thought/src/build/libc_pic.a(strnlen.os)
                0x0000000000019d70                __strnlen
                0x0000000000019d70                strnlen
                0x0000000000019d70                __GI___strnlen
                0x0000000000019d70                __GI_strnlen
 *fill*         0x0000000000019d9a        0x6 
 .text          0x0000000000019da0       0x2a /home/arch/infosec/club/magpieCTF-2024/challenges/binary-exploitation/freedom_of_thought/src/build/libc_pic.a(memchr.os)
                0x0000000000019da0                __GI_memchr
                0x0000000000019da0                memchr
                0x0000000000019da0                __memchr
 *fill*         0x0000000000019dca        0x6 
 .text          0x0000000000019dd0       0x5d /home/arch/infosec/club/magpieCTF-2024/challenges/binary-exploitation/freedom_of_thought/src/build/libc_pic.a(memcmp.os)
                0x0000000000019dd0                bcmp
                0x0000000000019dd0                __GI_memcmp
                0x0000000000019dd0                memcmp
 *fill*         0x0000000000019e2d        0x3 
 .text          0x0000000000019e30       0xc2 /home/arch/infosec/club/magpieCTF-2024/challenges/binary-exploitation/freedom_of_thought/src/build/libc_pic.a(memmove.os)
                0x0000000000019e30                memmove
                0x0000000000019e30                __GI_memmove
                0x0000000000019e30                __libc_memmove
 *fill*         0x0000000000019ef2        0xe 
 .text          0x0000000000019f00       0x91 /home/arch/infosec/club/magpieCTF-2024/challenges/binary-exploitation/freedom_of_thought/src/build/libc_pic.a(memset.os)
                0x0000000000019f00                __GI_memset
                0x0000000000019f00                memset
 *fill*         0x0000000000019f91        0xf 
 .text          0x0000000000019fa0       0xc2 /home/arch/infosec/club/magpieCTF-2024/challenges/binary-exploitation/freedom_of_thought/src/build/libc_pic.a(mempcpy.os)
                0x0000000000019fa0                mempcpy
                0x0000000000019fa0                __GI_mempcpy
                0x0000000000019fa0                __mempcpy
                0x0000000000019fa0                __GI___mempcpy
 *fill*         0x000000000001a062        0xe 
 .text          0x000000000001a070       0x2e /home/arch/infosec/club/magpieCTF-2024/challenges/binary-exploitation/freedom_of_thought/src/build/libc_pic.a(stpcpy.os)
                0x000000000001a070                stpcpy
                0x000000000001a070                __GI_stpcpy
                0x000000000001a070                __stpcpy
                0x000000000001a070                __GI___stpcpy
 *fill*         0x000000000001a09e        0x2 
 .text          0x000000000001a0a0       0xc2 /home/arch/infosec/club/magpieCTF-2024/challenges/binary-exploitation/freedom_of_thought/src/build/libc_pic.a(memcpy.os)
                0x000000000001a0a0                __GI_memcpy
                0x000000000001a0a0                __new_memcpy
                0x000000000001a0a0                memcpy@@GLIBC_2.14
 *fill*         0x000000000001a162        0xe 
 .text          0x000000000001a170       0x2a /home/arch/infosec/club/magpieCTF-2024/challenges/binary-exploitation/freedom_of_thought/src/build/libc_pic.a(rawmemchr.os)
                0x000000000001a170                __GI___rawmemchr
                0x000000000001a170                __rawmemchr
                0x000000000001a170                rawmemchr
 *fill*         0x000000000001a19a        0x6 
 .text          0x000000000001a1a0     0x1439 /home/arch/infosec/club/magpieCTF-2024/challenges/binary-exploitation/freedom_of_thought/src/build/libc_pic.a(strcmp-sse2.os)
                0x000000000001a1a0                __strcmp_sse2
 *fill*         0x000000000001b5d9        0x7 
 .text          0x000000000001b5e0      0x2a3 /home/arch/infosec/club/magpieCTF-2024/challenges/binary-exploitation/freedom_of_thought/src/build/libc_pic.a(strcmp-sse2-unaligned.os)
                0x000000000001b5e0                __strcmp_sse2_unaligned
 .text          0x000000000001b883        0x0 /home/arch/infosec/club/magpieCTF-2024/challenges/binary-exploitation/freedom_of_thought/src/build/libc_pic.a(strcmp-ssse3.os)
 *fill*         0x000000000001b883        0xd 
 .text          0x000000000001b890      0x323 /home/arch/infosec/club/magpieCTF-2024/challenges/binary-exploitation/freedom_of_thought/src/build/libc_pic.a(memchr-sse2.os)
                0x000000000001b890                __memchr_sse2
 *fill*         0x000000000001bbb3        0xd 
 .text          0x000000000001bbc0      0x1f9 /home/arch/infosec/club/magpieCTF-2024/challenges/binary-exploitation/freedom_of_thought/src/build/libc_pic.a(rawmemchr-sse2.os)
                0x000000000001bbc0                __rawmemchr_sse2
 .text          0x000000000001bdb9        0x0 /home/arch/infosec/club/magpieCTF-2024/challenges/binary-exploitation/freedom_of_thought/src/build/libc_pic.a(memchr-avx2.os)
 .text          0x000000000001bdb9        0x0 /home/arch/infosec/club/magpieCTF-2024/challenges/binary-exploitation/freedom_of_thought/src/build/libc_pic.a(rawmemchr-avx2.os)
 *fill*         0x000000000001bdb9        0x7 
 .text          0x000000000001bdc0      0x400 /home/arch/infosec/club/magpieCTF-2024/challenges/binary-exploitation/freedom_of_thought/src/build/libc_pic.a(memcmp-sse2.os)
                0x000000000001bdc0                __memcmp_sse2
 .text          0x000000000001c1c0        0x0 /home/arch/infosec/club/magpieCTF-2024/challenges/binary-exploitation/freedom_of_thought/src/build/libc_pic.a(memcmp-avx2-movbe.os)
 .text          0x000000000001c1c0        0x0 /home/arch/infosec/club/magpieCTF-2024/challenges/binary-exploitation/freedom_of_thought/src/build/libc_pic.a(memcmp-sse4.os)
 .text          0x000000000001c1c0        0x0 /home/arch/infosec/club/magpieCTF-2024/challenges/binary-exploitation/freedom_of_thought/src/build/libc_pic.a(memcpy-ssse3.os)
 .text          0x000000000001c1c0        0x0 /home/arch/infosec/club/magpieCTF-2024/challenges/binary-exploitation/freedom_of_thought/src/build/libc_pic.a(memmove-ssse3.os)
 .text          0x000000000001c1c0        0x0 /home/arch/infosec/club/magpieCTF-2024/challenges/binary-exploitation/freedom_of_thought/src/build/libc_pic.a(memcpy-ssse3-back.os)
 .text          0x000000000001c1c0        0x0 /home/arch/infosec/club/magpieCTF-2024/challenges/binary-exploitation/freedom_of_thought/src/build/libc_pic.a(memmove-ssse3-back.os)
 .text          0x000000000001c1c0        0x0 /home/arch/infosec/club/magpieCTF-2024/challenges/binary-exploitation/freedom_of_thought/src/build/libc_pic.a(memmove-avx512-no-vzeroupper.os)
 .text          0x000000000001c1c0      0x21a /home/arch/infosec/club/magpieCTF-2024/challenges/binary-exploitation/freedom_of_thought/src/build/libc_pic.a(strchr-sse2.os)
                0x000000000001c1c0                __strchr_sse2
 .text          0x000000000001c3da        0x0 /home/arch/infosec/club/magpieCTF-2024/challenges/binary-exploitation/freedom_of_thought/src/build/libc_pic.a(strchr-avx2.os)
 *fill*         0x000000000001c3da        0x6 
 .text          0x000000000001c3e0      0x19c /home/arch/infosec/club/magpieCTF-2024/challenges/binary-exploitation/freedom_of_thought/src/build/libc_pic.a(strlen-sse2.os)
                0x000000000001c3e0                __strlen_sse2
                0x000000000001c3e0                __GI___strlen_sse2
 *fill*         0x000000000001c57c        0x4 
 .text          0x000000000001c580      0x218 /home/arch/infosec/club/magpieCTF-2024/challenges/binary-exploitation/freedom_of_thought/src/build/libc_pic.a(strnlen-sse2.os)
                0x000000000001c580                __strnlen_sse2
 .text          0x000000000001c798        0x0 /home/arch/infosec/club/magpieCTF-2024/challenges/binary-exploitation/freedom_of_thought/src/build/libc_pic.a(strlen-avx2.os)
 .text          0x000000000001c798        0x0 /home/arch/infosec/club/magpieCTF-2024/challenges/binary-exploitation/freedom_of_thought/src/build/libc_pic.a(strnlen-avx2.os)
 *fill*         0x000000000001c798        0x8 
 .text          0x000000000001c7a0       0xdc /home/arch/infosec/club/magpieCTF-2024/challenges/binary-exploitation/freedom_of_thought/src/build/libc_pic.a(stpcpy-sse2.os)
                0x000000000001c7a0                __stpcpy_sse2
 .text          0x000000000001c87c        0x0 /home/arch/infosec/club/magpieCTF-2024/challenges/binary-exploitation/freedom_of_thought/src/build/libc_pic.a(stpcpy-ssse3.os)
 *fill*         0x000000000001c87c        0x4 
 .text          0x000000000001c880      0x6b0 /home/arch/infosec/club/magpieCTF-2024/challenges/binary-exploitation/freedom_of_thought/src/build/libc_pic.a(stpcpy-sse2-unaligned.os)
                0x000000000001c880                __stpcpy_sse2_unaligned
 .text          0x000000000001cf30        0x0 /home/arch/infosec/club/magpieCTF-2024/challenges/binary-exploitation/freedom_of_thought/src/build/libc_pic.a(strchr-sse2-no-bsf.os)
 .text          0x000000000001cf30        0x0 /home/arch/infosec/club/magpieCTF-2024/challenges/binary-exploitation/freedom_of_thought/src/build/libc_pic.a(memcmp-ssse3.os)
 .text          0x000000000001cf30       0x97 /home/arch/infosec/club/magpieCTF-2024/challenges/binary-exploitation/freedom_of_thought/src/build/libc_pic.a(strcspn-sse2.os)
                0x000000000001cf30                __strcspn_sse2
 .text          0x000000000001cfc7        0x0 /home/arch/infosec/club/magpieCTF-2024/challenges/binary-exploitation/freedom_of_thought/src/build/libc_pic.a(strcspn-c.os)
 .text          0x000000000001cfc7        0x0 /home/arch/infosec/club/magpieCTF-2024/challenges/binary-exploitation/freedom_of_thought/src/build/libc_pic.a(varshift.os)
 .text          0x000000000001cfc7        0x0 /home/arch/infosec/club/magpieCTF-2024/challenges/binary-exploitation/freedom_of_thought/src/build/libc_pic.a(memset-avx512-no-vzeroupper.os)
 *fill*         0x000000000001cfc7        0x9 
 .text          0x000000000001cfd0      0x3e9 /home/arch/infosec/club/magpieCTF-2024/challenges/binary-exploitation/freedom_of_thought/src/build/libc_pic.a(memmove-sse2-unaligned-erms.os)
                0x000000000001cfd0                __mempcpy_chk_sse2_unaligned
                0x000000000001cfe0                __mempcpy_sse2_unaligned
                0x000000000001cff0                __memcpy_chk_sse2_unaligned
                0x000000000001cff0                __memmove_chk_sse2_unaligned
                0x000000000001d000                __memmove_sse2_unaligned
                0x000000000001d000                __memcpy_sse2_unaligned
                0x000000000001d000                memcpy@GLIBC_2.2.5
                0x000000000001d030                __mempcpy_chk_erms
                0x000000000001d040                __mempcpy_erms
                0x000000000001d050                __memcpy_chk_erms
                0x000000000001d050                __memmove_chk_erms
                0x000000000001d060                __memmove_erms
                0x000000000001d060                __memcpy_erms
                0x000000000001d090                __mempcpy_chk_sse2_unaligned_erms
                0x000000000001d0a0                __mempcpy_sse2_unaligned_erms
                0x000000000001d0b0                __memmove_chk_sse2_unaligned_erms
                0x000000000001d0b0                __memcpy_chk_sse2_unaligned_erms
                0x000000000001d0c0                __memmove_sse2_unaligned_erms
                0x000000000001d0c0                __memcpy_sse2_unaligned_erms
 .text          0x000000000001d3b9        0x0 /home/arch/infosec/club/magpieCTF-2024/challenges/binary-exploitation/freedom_of_thought/src/build/libc_pic.a(memmove-avx-unaligned-erms.os)
 .text          0x000000000001d3b9        0x0 /home/arch/infosec/club/magpieCTF-2024/challenges/binary-exploitation/freedom_of_thought/src/build/libc_pic.a(memmove-avx512-unaligned-erms.os)
 *fill*         0x000000000001d3b9        0x7 
 .text          0x000000000001d3c0      0x193 /home/arch/infosec/club/magpieCTF-2024/challenges/binary-exploitation/freedom_of_thought/src/build/libc_pic.a(memset-sse2-unaligned-erms.os)
                0x000000000001d3c0                __bzero
                0x000000000001d3c0                bzero
                0x000000000001d3d0                __wmemset_chk_sse2_unaligned
                0x000000000001d3e0                __wmemset_sse2_unaligned
                0x000000000001d400                __memset_chk_sse2_unaligned
                0x000000000001d410                __memset_sse2_unaligned
                0x000000000001d440                __memset_chk_erms
                0x000000000001d450                __memset_erms
                0x000000000001d460                __memset_chk_sse2_unaligned_erms
                0x000000000001d470                __memset_sse2_unaligned_erms
 .text          0x000000000001d553        0x0 /home/arch/infosec/club/magpieCTF-2024/challenges/binary-exploitation/freedom_of_thought/src/build/libc_pic.a(memset-avx2-unaligned-erms.os)
 .text          0x000000000001d553        0x0 /home/arch/infosec/club/magpieCTF-2024/challenges/binary-exploitation/freedom_of_thought/src/build/libc_pic.a(memset-avx512-unaligned-erms.os)
 *fill*         0x000000000001d553        0xd 
 .text          0x000000000001d560      0x58d /home/arch/infosec/club/magpieCTF-2024/challenges/binary-exploitation/freedom_of_thought/src/build/libc_pic.a(cacheinfo.os)
                0x000000000001dac0                __cache_sysconf
 *fill*         0x000000000001daed        0x3 
 .text          0x000000000001daf0       0x4f /home/arch/infosec/club/magpieCTF-2024/challenges/binary-exploitation/freedom_of_thought/src/build/libc_pic.a(closedir.os)
                0x000000000001daf0                __closedir
                0x000000000001daf0                closedir
 *fill*         0x000000000001db3f        0x1 
 .text          0x000000000001db40       0xf6 /home/arch/infosec/club/magpieCTF-2024/challenges/binary-exploitation/freedom_of_thought/src/build/libc_pic.a(readdir.os)
                0x000000000001db40                readdir
                0x000000000001db40                __readdir64
                0x000000000001db40                __readdir
                0x000000000001db40                readdir64
 *fill*         0x000000000001dc36        0xa 
 .text          0x000000000001dc40       0x8b /home/arch/infosec/club/magpieCTF-2024/challenges/binary-exploitation/freedom_of_thought/src/build/libc_pic.a(rewinddir.os)
                0x000000000001dc40                rewinddir
                0x000000000001dc40                __rewinddir
                0x000000000001dc40                __GI___rewinddir
 *fill*         0x000000000001dccb        0x5 
 .text          0x000000000001dcd0       0x8d /home/arch/infosec/club/magpieCTF-2024/challenges/binary-exploitation/freedom_of_thought/src/build/libc_pic.a(getdents.os)
                0x000000000001dcd0                __getdents
                0x000000000001dcd0                __getdents64
 *fill*         0x000000000001dd5d        0x3 
 .text          0x000000000001dd60       0x92 /home/arch/infosec/club/magpieCTF-2024/challenges/binary-exploitation/freedom_of_thought/src/build/libc_pic.a(fdopendir.os)
                0x000000000001dd60                fdopendir
                0x000000000001dd60                __fdopendir
 *fill*         0x000000000001ddf2        0xe 
 .text          0x000000000001de00       0x21 /home/arch/infosec/club/magpieCTF-2024/challenges/binary-exploitation/freedom_of_thought/src/build/libc_pic.a(uname.os)
                0x000000000001de00                uname
                0x000000000001de00                __GI_uname
                0x000000000001de00                __uname
                0x000000000001de00                __GI___uname
 *fill*         0x000000000001de21        0xf 
 .text          0x000000000001de30       0x58 /home/arch/infosec/club/magpieCTF-2024/challenges/binary-exploitation/freedom_of_thought/src/build/libc_pic.a(_exit.os)
                0x000000000001de30                _Exit
                0x000000000001de30                __GI__exit
                0x000000000001de30                _exit
 *fill*         0x000000000001de88        0x8 
 .text          0x000000000001de90        0x8 /home/arch/infosec/club/magpieCTF-2024/challenges/binary-exploitation/freedom_of_thought/src/build/libc_pic.a(getpid.os)
                0x000000000001de90                __getpid
                0x000000000001de90                getpid
                0x000000000001de90                __GI_getpid
                0x000000000001de90                __GI___getpid
 .text          0x000000000001de98        0x0 /home/arch/infosec/club/magpieCTF-2024/challenges/binary-exploitation/freedom_of_thought/src/build/libc_pic.a(environ.os)
 *fill*         0x000000000001de98        0x8 
 .text          0x000000000001dea0       0x4c /home/arch/infosec/club/magpieCTF-2024/challenges/binary-exploitation/freedom_of_thought/src/build/libc_pic.a(xstat.os)
                0x000000000001dea0                _xstat
                0x000000000001dea0                __xstat64
                0x000000000001dea0                __GI___xstat64
                0x000000000001dea0                __GI___xstat
                0x000000000001dea0                __xstat
 *fill*         0x000000000001deec        0x4 
 .text          0x000000000001def0       0x4c /home/arch/infosec/club/magpieCTF-2024/challenges/binary-exploitation/freedom_of_thought/src/build/libc_pic.a(fxstat.os)
                0x000000000001def0                __GI___fxstat
                0x000000000001def0                __GI___fxstat64
                0x000000000001def0                __fxstat64
                0x000000000001def0                _fxstat
                0x000000000001def0                __fxstat
 *fill*         0x000000000001df3c        0x4 
 .text          0x000000000001df40       0x4c /home/arch/infosec/club/magpieCTF-2024/challenges/binary-exploitation/freedom_of_thought/src/build/libc_pic.a(lxstat.os)
                0x000000000001df40                __GI___lxstat
                0x000000000001df40                _lxstat
                0x000000000001df40                __lxstat
                0x000000000001df40                __lxstat64
                0x000000000001df40                __GI___lxstat64
 *fill*         0x000000000001df8c        0x4 
 .text          0x000000000001df90      0x103 /home/arch/infosec/club/magpieCTF-2024/challenges/binary-exploitation/freedom_of_thought/src/build/libc_pic.a(open64.os)
                0x000000000001df90                __GI___open64
                0x000000000001df90                __open
                0x000000000001df90                __GI___open
                0x000000000001df90                __libc_open64
                0x000000000001df90                open64
                0x000000000001df90                __GI___libc_open
                0x000000000001df90                open
                0x000000000001df90                __open64
 *fill*         0x000000000001e093        0xd 
 .text          0x000000000001e0a0       0x9d /home/arch/infosec/club/magpieCTF-2024/challenges/binary-exploitation/freedom_of_thought/src/build/libc_pic.a(read.os)
                0x000000000001e0a0                __read
                0x000000000001e0a0                __GI_read
                0x000000000001e0a0                __libc_read
                0x000000000001e0a0                __GI___read
                0x000000000001e0a0                read
                0x000000000001e0a0                __GI___libc_read
 *fill*         0x000000000001e13d        0x3 
 .text          0x000000000001e140       0x9d /home/arch/infosec/club/magpieCTF-2024/challenges/binary-exploitation/freedom_of_thought/src/build/libc_pic.a(write.os)
                0x000000000001e140                __write
                0x000000000001e140                __GI_write
                0x000000000001e140                write
                0x000000000001e140                __GI___libc_write
                0x000000000001e140                __GI___write
                0x000000000001e140                __libc_write
 *fill*         0x000000000001e1dd        0x3 
 .text          0x000000000001e1e0       0x34 /home/arch/infosec/club/magpieCTF-2024/challenges/binary-exploitation/freedom_of_thought/src/build/libc_pic.a(lseek64.os)
                0x000000000001e1e0                __GI___lseek
                0x000000000001e1e0                __lseek64
                0x000000000001e1e0                lseek
                0x000000000001e1e0                __libc_lseek64
                0x000000000001e1e0                llseek
                0x000000000001e1e0                __lseek
                0x000000000001e1e0                __libc_lseek
                0x000000000001e1e0                lseek64
 *fill*         0x000000000001e214        0xc 
 .text          0x000000000001e220       0x2a /home/arch/infosec/club/magpieCTF-2024/challenges/binary-exploitation/freedom_of_thought/src/build/libc_pic.a(access.os)
                0x000000000001e220                access
                0x000000000001e220                __access
 *fill*         0x000000000001e24a        0x6 
 .text          0x000000000001e250      0x18c /home/arch/infosec/club/magpieCTF-2024/challenges/binary-exploitation/freedom_of_thought/src/build/libc_pic.a(fcntl.os)
                0x000000000001e250                __fcntl_nocancel
                0x000000000001e2d0                __libc_fcntl
                0x000000000001e2d0                __GI___libc_fcntl
                0x000000000001e2d0                __GI___fcntl
                0x000000000001e2d0                __fcntl
                0x000000000001e2d0                fcntl
 *fill*         0x000000000001e3dc        0x4 
 .text          0x000000000001e3e0       0x8b /home/arch/infosec/club/magpieCTF-2024/challenges/binary-exploitation/freedom_of_thought/src/build/libc_pic.a(close.os)
                0x000000000001e3e0                __libc_close
                0x000000000001e3e0                __close
                0x000000000001e3e0                __GI___close
                0x000000000001e3e0                close
 *fill*         0x000000000001e46b        0x5 
 .text          0x000000000001e470       0xa5 /home/arch/infosec/club/magpieCTF-2024/challenges/binary-exploitation/freedom_of_thought/src/build/libc_pic.a(mmap64.os)
                0x000000000001e470                __GI___mmap
                0x000000000001e470                __mmap
                0x000000000001e470                mmap
                0x000000000001e470                __GI___mmap64
                0x000000000001e470                __mmap64
                0x000000000001e470                mmap64
 *fill*         0x000000000001e515        0xb 
 .text          0x000000000001e520       0x21 /home/arch/infosec/club/magpieCTF-2024/challenges/binary-exploitation/freedom_of_thought/src/build/libc_pic.a(munmap.os)
                0x000000000001e520                munmap
                0x000000000001e520                __GI___munmap
                0x000000000001e520                __GI_munmap
                0x000000000001e520                __munmap
 *fill*         0x000000000001e541        0xf 
 .text          0x000000000001e550       0x21 /home/arch/infosec/club/magpieCTF-2024/challenges/binary-exploitation/freedom_of_thought/src/build/libc_pic.a(mprotect.os)
                0x000000000001e550                __mprotect
                0x000000000001e550                __GI___mprotect
                0x000000000001e550                __GI_mprotect
                0x000000000001e550                mprotect
 *fill*         0x000000000001e571        0xf 
 .text          0x000000000001e580      0x1f4 /home/arch/infosec/club/magpieCTF-2024/challenges/binary-exploitation/freedom_of_thought/src/build/libc_pic.a(profil.os)
                0x000000000001e5d0                __profil
                0x000000000001e5d0                profil
 *fill*         0x000000000001e774        0xc 
 .text          0x000000000001e780        0xb /home/arch/infosec/club/magpieCTF-2024/challenges/binary-exploitation/freedom_of_thought/src/build/libc_pic.a(prof-freq.os)
                0x000000000001e780                __GI___profile_frequency
                0x000000000001e780                __profile_frequency
 *fill*         0x000000000001e78b        0x5 
 .text          0x000000000001e790       0x4c /home/arch/infosec/club/magpieCTF-2024/challenges/binary-exploitation/freedom_of_thought/src/build/libc_pic.a(libc-lowlevellock.os)
                0x000000000001e790                __lll_lock_wait_private
                0x000000000001e7c0                __lll_unlock_wake_private
 *fill*         0x000000000001e7dc        0x4 
 .text          0x000000000001e7e0       0xb9 /home/arch/infosec/club/magpieCTF-2024/challenges/binary-exploitation/freedom_of_thought/src/build/libc_pic.a(libc-cancellation.os)
                0x000000000001e7e0                __libc_enable_asynccancel
                0x000000000001e840                __libc_disable_asynccancel
 .text          0x000000000001e899        0x0 /home/arch/infosec/club/magpieCTF-2024/challenges/binary-exploitation/freedom_of_thought/src/build/libc_pic.a(libc_multiple_threads.os)
 *fill*         0x000000000001e899        0x7 
 .text          0x000000000001e8a0       0x7b /home/arch/infosec/club/magpieCTF-2024/challenges/binary-exploitation/freedom_of_thought/src/build/libc_pic.a(dl-addr-obj.os)
                0x000000000001e8a0                _dl_addr_inside_object
 *fill*         0x000000000001e91b        0x5 
 .text          0x000000000001e920      0x1e4 /home/arch/infosec/club/magpieCTF-2024/challenges/binary-exploitation/freedom_of_thought/src/build/libc_pic.a(sigaction.os)
                0x000000000001e940                __libc_sigaction
                0x000000000001e940                __GI___libc_sigaction
                0x000000000001eae0                sigaction
                0x000000000001eae0                __GI___sigaction
                0x000000000001eae0                __sigaction
 *fill*         0x000000000001eb04        0xc 
 .text          0x000000000001eb10       0x21 /home/arch/infosec/club/magpieCTF-2024/challenges/binary-exploitation/freedom_of_thought/src/build/libc_pic.a(setitimer.os)
                0x000000000001eb10                setitimer
                0x000000000001eb10                __setitimer
                0x000000000001eb10                __GI_setitimer
                0x000000000001eb10                __GI___setitimer
 *fill*         0x000000000001eb31        0xf 
 .text          0x000000000001eb40      0x5c3 /home/arch/infosec/club/magpieCTF-2024/challenges/binary-exploitation/freedom_of_thought/src/build/libc_pic.a(forward.os)
                0x000000000001eb40                pthread_equal
                0x000000000001eb70                pthread_attr_destroy
                0x000000000001eba0                pthread_attr_init@@GLIBC_2.2.5
                0x000000000001eba0                __pthread_attr_init_2_1
                0x000000000001ebd0                pthread_attr_getdetachstate
                0x000000000001ec00                pthread_attr_setdetachstate
                0x000000000001ec30                pthread_attr_getinheritsched
                0x000000000001ec60                pthread_attr_setinheritsched
                0x000000000001ec90                pthread_attr_getschedparam
                0x000000000001ecc0                pthread_attr_setschedparam
                0x000000000001ecf0                pthread_attr_getschedpolicy
                0x000000000001ed20                pthread_attr_setschedpolicy
                0x000000000001ed50                pthread_attr_getscope
                0x000000000001ed80                pthread_attr_setscope
                0x000000000001edb0                pthread_condattr_destroy
                0x000000000001ede0                pthread_condattr_init
                0x000000000001ee10                pthread_cond_broadcast@@GLIBC_2.3.2
                0x000000000001ee10                __pthread_cond_broadcast
                0x000000000001ee40                pthread_cond_destroy@@GLIBC_2.3.2
                0x000000000001ee40                __pthread_cond_destroy
                0x000000000001ee70                pthread_cond_init@@GLIBC_2.3.2
                0x000000000001ee70                __pthread_cond_init
                0x000000000001eea0                pthread_cond_signal@@GLIBC_2.3.2
                0x000000000001eea0                __pthread_cond_signal
                0x000000000001eed0                pthread_cond_wait@@GLIBC_2.3.2
                0x000000000001eed0                __pthread_cond_wait
                0x000000000001ef00                pthread_cond_timedwait@@GLIBC_2.3.2
                0x000000000001ef00                __pthread_cond_timedwait
                0x000000000001ef30                pthread_exit
                0x000000000001ef30                __pthread_exit
                0x000000000001ef60                pthread_getschedparam
                0x000000000001ef90                pthread_setschedparam
                0x000000000001efc0                pthread_mutex_destroy
                0x000000000001eff0                pthread_mutex_init
                0x000000000001f020                pthread_mutex_lock
                0x000000000001f050                pthread_mutex_unlock
                0x000000000001f080                pthread_self
                0x000000000001f0b0                __pthread_setcancelstate
                0x000000000001f0b0                pthread_setcancelstate
                0x000000000001f0e0                pthread_setcanceltype
 *fill*         0x000000000001f103        0xd 
 .text          0x000000000001f110      0x13a /home/arch/infosec/club/magpieCTF-2024/challenges/binary-exploitation/freedom_of_thought/src/build/libc_pic.a(exit.os)
                0x000000000001f110                __run_exit_handlers
                0x000000000001f230                __GI_exit
                0x000000000001f230                exit
 *fill*         0x000000000001f24a        0x6 
 .text          0x000000000001f250      0x21f /home/arch/infosec/club/magpieCTF-2024/challenges/binary-exploitation/freedom_of_thought/src/build/libc_pic.a(cxa_atexit.os)
                0x000000000001f250                __new_exitfn
                0x000000000001f3d0                __internal_atexit
                0x000000000001f420                __cxa_atexit
                0x000000000001f420                __GI___cxa_atexit
 *fill*         0x000000000001f46f        0x1 
 .text          0x000000000001f470      0x135 /home/arch/infosec/club/magpieCTF-2024/challenges/binary-exploitation/freedom_of_thought/src/build/libc_pic.a(cxa_thread_atexit_impl.os)
                0x000000000001f470                __cxa_thread_atexit_impl
                0x000000000001f540                __GI___call_tls_dtors
                0x000000000001f540                __call_tls_dtors
 *(.gnu.warning)

.text.ssse3     0x0000000000000000     0xd5e3
 .text.ssse3    0x0000000000000000     0x1259 /home/arch/infosec/club/magpieCTF-2024/challenges/binary-exploitation/freedom_of_thought/src/build/libc_pic.a(strcmp-ssse3.os)
                0x0000000000000000                __GI___strcmp_ssse3
                0x0000000000000000                __strcmp_ssse3
 *fill*         0x0000000000001259        0x7 
 .text.ssse3    0x0000000000001260     0x29e6 /home/arch/infosec/club/magpieCTF-2024/challenges/binary-exploitation/freedom_of_thought/src/build/libc_pic.a(memcpy-ssse3.os)
                0x0000000000001260                __mempcpy_chk_ssse3
                0x0000000000001270                __mempcpy_ssse3
                0x0000000000001280                __memcpy_chk_ssse3
                0x0000000000001290                __memcpy_ssse3
 *fill*         0x0000000000003c46        0xa 
 .text.ssse3    0x0000000000003c50     0x2b77 /home/arch/infosec/club/magpieCTF-2024/challenges/binary-exploitation/freedom_of_thought/src/build/libc_pic.a(memmove-ssse3.os)
                0x0000000000003c50                __memmove_chk_ssse3
                0x0000000000003c60                __memmove_ssse3
 *fill*         0x00000000000067c7        0x9 
 .text.ssse3    0x00000000000067d0     0x2ae6 /home/arch/infosec/club/magpieCTF-2024/challenges/binary-exploitation/freedom_of_thought/src/build/libc_pic.a(memcpy-ssse3-back.os)
                0x00000000000067d0                __mempcpy_chk_ssse3_back
                0x00000000000067e0                __mempcpy_ssse3_back
                0x00000000000067f0                __memcpy_chk_ssse3_back
                0x0000000000006800                __memcpy_ssse3_back
 *fill*         0x00000000000092b6        0xa 
 .text.ssse3    0x00000000000092c0     0x2b16 /home/arch/infosec/club/magpieCTF-2024/challenges/binary-exploitation/freedom_of_thought/src/build/libc_pic.a(memmove-ssse3-back.os)
                0x00000000000092c0                __memmove_chk_ssse3_back
                0x00000000000092d0                __memmove_ssse3_back
 *fill*         0x000000000000bdd6        0xa 
 .text.ssse3    0x000000000000bde0     0x1803 /home/arch/infosec/club/magpieCTF-2024/challenges/binary-exploitation/freedom_of_thought/src/build/libc_pic.a(stpcpy-ssse3.os)
                0x000000000000bde0                __stpcpy_ssse3

.text.avx       0x0000000000000000     0x14eb
 .text.avx      0x0000000000000000      0x2cd /home/arch/infosec/club/magpieCTF-2024/challenges/binary-exploitation/freedom_of_thought/src/build/libc_pic.a(memchr-avx2.os)
                0x0000000000000000                __memchr_avx2
 *fill*         0x00000000000002cd        0x3 
 .text.avx      0x00000000000002d0      0x13d /home/arch/infosec/club/magpieCTF-2024/challenges/binary-exploitation/freedom_of_thought/src/build/libc_pic.a(rawmemchr-avx2.os)
                0x00000000000002d0                __rawmemchr_avx2
 *fill*         0x000000000000040d        0x3 
 .text.avx      0x0000000000000410      0x3d4 /home/arch/infosec/club/magpieCTF-2024/challenges/binary-exploitation/freedom_of_thought/src/build/libc_pic.a(memcmp-avx2-movbe.os)
                0x0000000000000410                __memcmp_avx2_movbe
 *fill*         0x00000000000007e4        0xc 
 .text.avx      0x00000000000007f0      0x224 /home/arch/infosec/club/magpieCTF-2024/challenges/binary-exploitation/freedom_of_thought/src/build/libc_pic.a(strchr-avx2.os)
                0x00000000000007f0                __strchr_avx2
 *fill*         0x0000000000000a14        0xc 
 .text.avx      0x0000000000000a20      0x190 /home/arch/infosec/club/magpieCTF-2024/challenges/binary-exploitation/freedom_of_thought/src/build/libc_pic.a(strlen-avx2.os)
                0x0000000000000a20                __strlen_avx2
 .text.avx      0x0000000000000bb0      0x320 /home/arch/infosec/club/magpieCTF-2024/challenges/binary-exploitation/freedom_of_thought/src/build/libc_pic.a(strnlen-avx2.os)
                0x0000000000000bb0                __strnlen_avx2
 .text.avx      0x0000000000000ed0      0x464 /home/arch/infosec/club/magpieCTF-2024/challenges/binary-exploitation/freedom_of_thought/src/build/libc_pic.a(memmove-avx-unaligned-erms.os)
                0x0000000000000ed0                __mempcpy_chk_avx_unaligned
                0x0000000000000ee0                __mempcpy_avx_unaligned
                0x0000000000000ef0                __memcpy_chk_avx_unaligned
                0x0000000000000ef0                __memmove_chk_avx_unaligned
                0x0000000000000f00                __memcpy_avx_unaligned
                0x0000000000000f00                __memmove_avx_unaligned
                0x0000000000000f30                __mempcpy_chk_avx_unaligned_erms
                0x0000000000000f40                __mempcpy_avx_unaligned_erms
                0x0000000000000f50                __memmove_chk_avx_unaligned_erms
                0x0000000000000f50                __memcpy_chk_avx_unaligned_erms
                0x0000000000000f60                __memcpy_avx_unaligned_erms
                0x0000000000000f60                __memmove_avx_unaligned_erms
 *fill*         0x0000000000001334        0xc 
 .text.avx      0x0000000000001340      0x1ab /home/arch/infosec/club/magpieCTF-2024/challenges/binary-exploitation/freedom_of_thought/src/build/libc_pic.a(memset-avx2-unaligned-erms.os)
                0x0000000000001340                __wmemset_chk_avx2_unaligned
                0x0000000000001350                __wmemset_avx2_unaligned
                0x0000000000001370                __memset_chk_avx2_unaligned
                0x0000000000001380                __memset_avx2_unaligned
                0x00000000000013b0                __memset_avx2_erms
                0x00000000000013d0                __memset_chk_avx2_unaligned_erms
                0x00000000000013e0                __memset_avx2_unaligned_erms

.text.sse4.1    0x0000000000000000     0x163e
 .text.sse4.1   0x0000000000000000     0x163e /home/arch/infosec/club/magpieCTF-2024/challenges/binary-exploitation/freedom_of_thought/src/build/libc_pic.a(memcmp-sse4.os)
                0x0000000000000000                __memcmp_sse4_1

.text.avx512    0x0000000000000000     0x1191
 .text.avx512   0x0000000000000000      0x76b /home/arch/infosec/club/magpieCTF-2024/challenges/binary-exploitation/freedom_of_thought/src/build/libc_pic.a(memmove-avx512-no-vzeroupper.os)
                0x0000000000000000                __mempcpy_chk_avx512_no_vzeroupper
                0x0000000000000010                __mempcpy_avx512_no_vzeroupper
                0x0000000000000020                __memcpy_chk_avx512_no_vzeroupper
                0x0000000000000020                __memmove_chk_avx512_no_vzeroupper
                0x0000000000000030                __memcpy_avx512_no_vzeroupper
                0x0000000000000030                __memmove_avx512_no_vzeroupper
 *fill*         0x000000000000076b        0x5 
 .text.avx512   0x0000000000000770      0x280 /home/arch/infosec/club/magpieCTF-2024/challenges/binary-exploitation/freedom_of_thought/src/build/libc_pic.a(memset-avx512-no-vzeroupper.os)
                0x0000000000000770                __memset_chk_avx512_no_vzeroupper
                0x0000000000000780                __memset_avx512_no_vzeroupper
 .text.avx512   0x00000000000009f0      0x598 /home/arch/infosec/club/magpieCTF-2024/challenges/binary-exploitation/freedom_of_thought/src/build/libc_pic.a(memmove-avx512-unaligned-erms.os)
                0x00000000000009f0                __mempcpy_chk_avx512_unaligned
                0x0000000000000a00                __mempcpy_avx512_unaligned
                0x0000000000000a10                __memcpy_chk_avx512_unaligned
                0x0000000000000a10                __memmove_chk_avx512_unaligned
                0x0000000000000a20                __memmove_avx512_unaligned
                0x0000000000000a20                __memcpy_avx512_unaligned
                0x0000000000000a60                __mempcpy_chk_avx512_unaligned_erms
                0x0000000000000a70                __mempcpy_avx512_unaligned_erms
                0x0000000000000a80                __memcpy_chk_avx512_unaligned_erms
                0x0000000000000a80                __memmove_chk_avx512_unaligned_erms
                0x0000000000000a90                __memmove_avx512_unaligned_erms
                0x0000000000000a90                __memcpy_avx512_unaligned_erms
 *fill*         0x0000000000000f88        0x8 
 .text.avx512   0x0000000000000f90      0x201 /home/arch/infosec/club/magpieCTF-2024/challenges/binary-exploitation/freedom_of_thought/src/build/libc_pic.a(memset-avx512-unaligned-erms.os)
                0x0000000000000f90                __wmemset_chk_avx512_unaligned
                0x0000000000000fa0                __wmemset_avx512_unaligned
                0x0000000000000fc0                __memset_chk_avx512_unaligned
                0x0000000000000fd0                __memset_avx512_unaligned
                0x0000000000001010                __memset_avx512_erms
                0x0000000000001030                __memset_chk_avx512_unaligned_erms
                0x0000000000001040                __memset_avx512_unaligned_erms

.text.atom      0x0000000000000000     0x1a83
 .text.atom     0x0000000000000000      0x315 /home/arch/infosec/club/magpieCTF-2024/challenges/binary-exploitation/freedom_of_thought/src/build/libc_pic.a(strchr-sse2-no-bsf.os)
                0x0000000000000000                __strchr_sse2_no_bsf
 *fill*         0x0000000000000315        0xb 
 .text.atom     0x0000000000000320     0x1763 /home/arch/infosec/club/magpieCTF-2024/challenges/binary-exploitation/freedom_of_thought/src/build/libc_pic.a(memcmp-ssse3.os)
                0x0000000000000320                __memcmp_ssse3

.text.sse4.2    0x0000000000000000      0x12f
 .text.sse4.2   0x0000000000000000      0x12f /home/arch/infosec/club/magpieCTF-2024/challenges/binary-exploitation/freedom_of_thought/src/build/libc_pic.a(strcspn-c.os)
                0x0000000000000000                __strcspn_sse42

.text.startup   0x0000000000000000      0x4ab
 .text.startup  0x0000000000000000      0x4ab /home/arch/infosec/club/magpieCTF-2024/challenges/binary-exploitation/freedom_of_thought/src/build/libc_pic.a(cacheinfo.os)

.text.compat    0x0000000000000000      0x160
 .text.compat   0x0000000000000000      0x160 /home/arch/infosec/club/magpieCTF-2024/challenges/binary-exploitation/freedom_of_thought/src/build/libc_pic.a(forward.os)
                0x0000000000000000                pthread_cond_broadcast@GLIBC_2.2.5
                0x0000000000000000                __pthread_cond_broadcast_2_0
                0x0000000000000030                __pthread_cond_destroy_2_0
                0x0000000000000030                pthread_cond_destroy@GLIBC_2.2.5
                0x0000000000000060                __pthread_cond_init_2_0
                0x0000000000000060                pthread_cond_init@GLIBC_2.2.5
                0x0000000000000090                __pthread_cond_signal_2_0
                0x0000000000000090                pthread_cond_signal@GLIBC_2.2.5
                0x00000000000000c0                pthread_cond_wait@GLIBC_2.2.5
                0x00000000000000c0                __pthread_cond_wait_2_0
                0x00000000000000f0                pthread_cond_timedwait@GLIBC_2.2.5
                0x00000000000000f0                __pthread_cond_timedwait_2_0
                0x0000000000000120                __pthread_unwind

.fini
 *(SORT_NONE(.fini))

.rodata         0x0000000000000000      0xfc0
 *(.rodata)
 .rodata        0x0000000000000000      0xbb4 /home/arch/infosec/club/magpieCTF-2024/challenges/binary-exploitation/freedom_of_thought/src/build/elf/dl-allobjs.os
 *fill*         0x0000000000000bb4        0x4 
 .rodata        0x0000000000000bb8       0x40 /home/arch/infosec/club/magpieCTF-2024/challenges/binary-exploitation/freedom_of_thought/src/build/libc_pic.a(strcmp-sse2.os)
 .rodata        0x0000000000000bf8       0x40 /home/arch/infosec/club/magpieCTF-2024/challenges/binary-exploitation/freedom_of_thought/src/build/libc_pic.a(strcmp-ssse3.os)
 .rodata        0x0000000000000c38       0x80 /home/arch/infosec/club/magpieCTF-2024/challenges/binary-exploitation/freedom_of_thought/src/build/libc_pic.a(stpcpy-sse2-unaligned.os)
 *fill*         0x0000000000000cb8        0x8 
 .rodata        0x0000000000000cc0       0x1f /home/arch/infosec/club/magpieCTF-2024/challenges/binary-exploitation/freedom_of_thought/src/build/libc_pic.a(varshift.os)
                0x0000000000000cc0                ___m128i_shift_right
 *fill*         0x0000000000000cdf        0x1 
 .rodata        0x0000000000000ce0      0x2e0 /home/arch/infosec/club/magpieCTF-2024/challenges/binary-exploitation/freedom_of_thought/src/build/libc_pic.a(cacheinfo.os)

.rodata.str1.1  0x0000000000000000     0x126d
 .rodata.str1.1
                0x0000000000000000     0x1209 /home/arch/infosec/club/magpieCTF-2024/challenges/binary-exploitation/freedom_of_thought/src/build/elf/dl-allobjs.os
 .rodata.str1.1
                0x0000000000001209       0x14 /home/arch/infosec/club/magpieCTF-2024/challenges/binary-exploitation/freedom_of_thought/src/build/libc_pic.a(check_fds.os)
 .rodata.str1.1
                0x000000000000121d       0x39 /home/arch/infosec/club/magpieCTF-2024/challenges/binary-exploitation/freedom_of_thought/src/build/libc_pic.a(cacheinfo.os)
 .rodata.str1.1
                0x0000000000001256       0x17 /home/arch/infosec/club/magpieCTF-2024/challenges/binary-exploitation/freedom_of_thought/src/build/libc_pic.a(cxa_atexit.os)

.rodata.str1.8  0x0000000000000000     0x23fd
 .rodata.str1.8
                0x0000000000000000     0x23d9 /home/arch/infosec/club/magpieCTF-2024/challenges/binary-exploitation/freedom_of_thought/src/build/elf/dl-allobjs.os
 *fill*         0x00000000000023d9        0x7 
 .rodata.str1.8
                0x00000000000023e0        0xb /home/arch/infosec/club/magpieCTF-2024/challenges/binary-exploitation/freedom_of_thought/src/build/libc_pic.a(cacheinfo.os)
 *fill*         0x00000000000023eb        0x5 
 .rodata.str1.8
                0x00000000000023f0        0xd /home/arch/infosec/club/magpieCTF-2024/challenges/binary-exploitation/freedom_of_thought/src/build/libc_pic.a(cxa_atexit.os)

.rodata.str1.16
                0x0000000000000000      0x371
 .rodata.str1.16
                0x0000000000000000      0x356 /home/arch/infosec/club/magpieCTF-2024/challenges/binary-exploitation/freedom_of_thought/src/build/elf/dl-allobjs.os
                0x0000000000000320                __GI__itoa_lower_digits
                0x0000000000000320                _itoa_lower_digits
 *fill*         0x0000000000000356        0xa 
 .rodata.str1.16
                0x0000000000000360       0x11 /home/arch/infosec/club/magpieCTF-2024/challenges/binary-exploitation/freedom_of_thought/src/build/libc_pic.a(cacheinfo.os)

.rodata.cst16   0x0000000000000000       0x30
 .rodata.cst16  0x0000000000000000       0x30 /home/arch/infosec/club/magpieCTF-2024/challenges/binary-exploitation/freedom_of_thought/src/build/elf/dl-allobjs.os

.rodata.cst4    0x0000000000000000        0x4
 .rodata.cst4   0x0000000000000000        0x4 /home/arch/infosec/club/magpieCTF-2024/challenges/binary-exploitation/freedom_of_thought/src/build/elf/dl-allobjs.os

.rodata.str1.32
                0x0000000000000000       0xbb
 .rodata.str1.32
                0x0000000000000000       0xbb /home/arch/infosec/club/magpieCTF-2024/challenges/binary-exploitation/freedom_of_thought/src/build/elf/dl-allobjs.os

.rodata.cst2    0x0000000000000000        0x2
 .rodata.cst2   0x0000000000000000        0x2 /home/arch/infosec/club/magpieCTF-2024/challenges/binary-exploitation/freedom_of_thought/src/build/elf/dl-allobjs.os

.rodata.sse4.1  0x0000000000000000      0x140
 .rodata.sse4.1
                0x0000000000000000      0x140 /home/arch/infosec/club/magpieCTF-2024/challenges/binary-exploitation/freedom_of_thought/src/build/libc_pic.a(memcmp-sse4.os)

.rodata.ssse3   0x0000000000000000      0xd80
 .rodata.ssse3  0x0000000000000000      0x1c0 /home/arch/infosec/club/magpieCTF-2024/challenges/binary-exploitation/freedom_of_thought/src/build/libc_pic.a(memcpy-ssse3.os)
 .rodata.ssse3  0x00000000000001c0      0x1c0 /home/arch/infosec/club/magpieCTF-2024/challenges/binary-exploitation/freedom_of_thought/src/build/libc_pic.a(memmove-ssse3.os)
 .rodata.ssse3  0x0000000000000380      0x500 /home/arch/infosec/club/magpieCTF-2024/challenges/binary-exploitation/freedom_of_thought/src/build/libc_pic.a(memcpy-ssse3-back.os)
 .rodata.ssse3  0x0000000000000880      0x500 /home/arch/infosec/club/magpieCTF-2024/challenges/binary-exploitation/freedom_of_thought/src/build/libc_pic.a(memmove-ssse3-back.os)

.rodata1
 *(.rodata1)

.eh_frame_hdr
 *(.eh_frame_hdr)

.eh_frame       0x0000000000000000     0x3e1c
 *(.eh_frame)
 .eh_frame      0x0000000000000000     0x21d0 /home/arch/infosec/club/magpieCTF-2024/challenges/binary-exploitation/freedom_of_thought/src/build/elf/dl-allobjs.os
                                       0x2214 (size before relaxing)
 *fill*         0x00000000000021d0        0x0 
 .eh_frame      0x00000000000021d0       0x68 /home/arch/infosec/club/magpieCTF-2024/challenges/binary-exploitation/freedom_of_thought/src/build/libc_pic.a(check_fds.os)
 .eh_frame      0x0000000000002238       0x30 /home/arch/infosec/club/magpieCTF-2024/challenges/binary-exploitation/freedom_of_thought/src/build/libc_pic.a(setjmp.os)
 .eh_frame      0x0000000000002268       0x48 /home/arch/infosec/club/magpieCTF-2024/challenges/binary-exploitation/freedom_of_thought/src/build/libc_pic.a(__longjmp.os)
 .eh_frame      0x00000000000022b0       0x30 /home/arch/infosec/club/magpieCTF-2024/challenges/binary-exploitation/freedom_of_thought/src/build/libc_pic.a(strchr.os)
 .eh_frame      0x00000000000022e0       0x30 /home/arch/infosec/club/magpieCTF-2024/challenges/binary-exploitation/freedom_of_thought/src/build/libc_pic.a(strcmp.os)
 .eh_frame      0x0000000000002310       0x30 /home/arch/infosec/club/magpieCTF-2024/challenges/binary-exploitation/freedom_of_thought/src/build/libc_pic.a(strcspn.os)
 .eh_frame      0x0000000000002340       0x50 /home/arch/infosec/club/magpieCTF-2024/challenges/binary-exploitation/freedom_of_thought/src/build/libc_pic.a(strdup.os)
 .eh_frame      0x0000000000002390       0x30 /home/arch/infosec/club/magpieCTF-2024/challenges/binary-exploitation/freedom_of_thought/src/build/libc_pic.a(strlen.os)
 .eh_frame      0x00000000000023c0       0x30 /home/arch/infosec/club/magpieCTF-2024/challenges/binary-exploitation/freedom_of_thought/src/build/libc_pic.a(strnlen.os)
 .eh_frame      0x00000000000023f0       0x30 /home/arch/infosec/club/magpieCTF-2024/challenges/binary-exploitation/freedom_of_thought/src/build/libc_pic.a(memchr.os)
 .eh_frame      0x0000000000002420       0x30 /home/arch/infosec/club/magpieCTF-2024/challenges/binary-exploitation/freedom_of_thought/src/build/libc_pic.a(memcmp.os)
 .eh_frame      0x0000000000002450       0x30 /home/arch/infosec/club/magpieCTF-2024/challenges/binary-exploitation/freedom_of_thought/src/build/libc_pic.a(memmove.os)
 .eh_frame      0x0000000000002480       0x30 /home/arch/infosec/club/magpieCTF-2024/challenges/binary-exploitation/freedom_of_thought/src/build/libc_pic.a(memset.os)
 .eh_frame      0x00000000000024b0       0x30 /home/arch/infosec/club/magpieCTF-2024/challenges/binary-exploitation/freedom_of_thought/src/build/libc_pic.a(mempcpy.os)
 .eh_frame      0x00000000000024e0       0x30 /home/arch/infosec/club/magpieCTF-2024/challenges/binary-exploitation/freedom_of_thought/src/build/libc_pic.a(stpcpy.os)
 .eh_frame      0x0000000000002510       0x30 /home/arch/infosec/club/magpieCTF-2024/challenges/binary-exploitation/freedom_of_thought/src/build/libc_pic.a(memcpy.os)
 .eh_frame      0x0000000000002540       0x30 /home/arch/infosec/club/magpieCTF-2024/challenges/binary-exploitation/freedom_of_thought/src/build/libc_pic.a(rawmemchr.os)
 .eh_frame      0x0000000000002570       0x30 /home/arch/infosec/club/magpieCTF-2024/challenges/binary-exploitation/freedom_of_thought/src/build/libc_pic.a(strcmp-sse2.os)
 .eh_frame      0x00000000000025a0       0x30 /home/arch/infosec/club/magpieCTF-2024/challenges/binary-exploitation/freedom_of_thought/src/build/libc_pic.a(strcmp-sse2-unaligned.os)
 .eh_frame      0x00000000000025d0       0x30 /home/arch/infosec/club/magpieCTF-2024/challenges/binary-exploitation/freedom_of_thought/src/build/libc_pic.a(strcmp-ssse3.os)
 .eh_frame      0x0000000000002600       0x30 /home/arch/infosec/club/magpieCTF-2024/challenges/binary-exploitation/freedom_of_thought/src/build/libc_pic.a(memchr-sse2.os)
 .eh_frame      0x0000000000002630       0x30 /home/arch/infosec/club/magpieCTF-2024/challenges/binary-exploitation/freedom_of_thought/src/build/libc_pic.a(rawmemchr-sse2.os)
 .eh_frame      0x0000000000002660       0x30 /home/arch/infosec/club/magpieCTF-2024/challenges/binary-exploitation/freedom_of_thought/src/build/libc_pic.a(memchr-avx2.os)
 .eh_frame      0x0000000000002690       0x30 /home/arch/infosec/club/magpieCTF-2024/challenges/binary-exploitation/freedom_of_thought/src/build/libc_pic.a(rawmemchr-avx2.os)
 .eh_frame      0x00000000000026c0       0x30 /home/arch/infosec/club/magpieCTF-2024/challenges/binary-exploitation/freedom_of_thought/src/build/libc_pic.a(memcmp-sse2.os)
 .eh_frame      0x00000000000026f0       0x30 /home/arch/infosec/club/magpieCTF-2024/challenges/binary-exploitation/freedom_of_thought/src/build/libc_pic.a(memcmp-avx2-movbe.os)
 .eh_frame      0x0000000000002720       0x30 /home/arch/infosec/club/magpieCTF-2024/challenges/binary-exploitation/freedom_of_thought/src/build/libc_pic.a(memcmp-sse4.os)
 .eh_frame      0x0000000000002750       0x68 /home/arch/infosec/club/magpieCTF-2024/challenges/binary-exploitation/freedom_of_thought/src/build/libc_pic.a(memcpy-ssse3.os)
 .eh_frame      0x00000000000027b8       0x40 /home/arch/infosec/club/magpieCTF-2024/challenges/binary-exploitation/freedom_of_thought/src/build/libc_pic.a(memmove-ssse3.os)
 .eh_frame      0x00000000000027f8       0x68 /home/arch/infosec/club/magpieCTF-2024/challenges/binary-exploitation/freedom_of_thought/src/build/libc_pic.a(memcpy-ssse3-back.os)
 .eh_frame      0x0000000000002860       0x40 /home/arch/infosec/club/magpieCTF-2024/challenges/binary-exploitation/freedom_of_thought/src/build/libc_pic.a(memmove-ssse3-back.os)
 .eh_frame      0x00000000000028a0       0x68 /home/arch/infosec/club/magpieCTF-2024/challenges/binary-exploitation/freedom_of_thought/src/build/libc_pic.a(memmove-avx512-no-vzeroupper.os)
 .eh_frame      0x0000000000002908       0x30 /home/arch/infosec/club/magpieCTF-2024/challenges/binary-exploitation/freedom_of_thought/src/build/libc_pic.a(strchr-sse2.os)
 .eh_frame      0x0000000000002938       0x30 /home/arch/infosec/club/magpieCTF-2024/challenges/binary-exploitation/freedom_of_thought/src/build/libc_pic.a(strchr-avx2.os)
 .eh_frame      0x0000000000002968       0x30 /home/arch/infosec/club/magpieCTF-2024/challenges/binary-exploitation/freedom_of_thought/src/build/libc_pic.a(strlen-sse2.os)
 .eh_frame      0x0000000000002998       0x30 /home/arch/infosec/club/magpieCTF-2024/challenges/binary-exploitation/freedom_of_thought/src/build/libc_pic.a(strnlen-sse2.os)
 .eh_frame      0x00000000000029c8       0x30 /home/arch/infosec/club/magpieCTF-2024/challenges/binary-exploitation/freedom_of_thought/src/build/libc_pic.a(strlen-avx2.os)
 .eh_frame      0x00000000000029f8       0x30 /home/arch/infosec/club/magpieCTF-2024/challenges/binary-exploitation/freedom_of_thought/src/build/libc_pic.a(strnlen-avx2.os)
 .eh_frame      0x0000000000002a28       0x30 /home/arch/infosec/club/magpieCTF-2024/challenges/binary-exploitation/freedom_of_thought/src/build/libc_pic.a(stpcpy-sse2.os)
 .eh_frame      0x0000000000002a58       0x30 /home/arch/infosec/club/magpieCTF-2024/challenges/binary-exploitation/freedom_of_thought/src/build/libc_pic.a(stpcpy-ssse3.os)
 .eh_frame      0x0000000000002a88       0x30 /home/arch/infosec/club/magpieCTF-2024/challenges/binary-exploitation/freedom_of_thought/src/build/libc_pic.a(stpcpy-sse2-unaligned.os)
 .eh_frame      0x0000000000002ab8       0x30 /home/arch/infosec/club/magpieCTF-2024/challenges/binary-exploitation/freedom_of_thought/src/build/libc_pic.a(strchr-sse2-no-bsf.os)
 .eh_frame      0x0000000000002ae8       0x30 /home/arch/infosec/club/magpieCTF-2024/challenges/binary-exploitation/freedom_of_thought/src/build/libc_pic.a(memcmp-ssse3.os)
 .eh_frame      0x0000000000002b18       0x38 /home/arch/infosec/club/magpieCTF-2024/challenges/binary-exploitation/freedom_of_thought/src/build/libc_pic.a(strcspn-sse2.os)
 .eh_frame      0x0000000000002b50       0x30 /home/arch/infosec/club/magpieCTF-2024/challenges/binary-exploitation/freedom_of_thought/src/build/libc_pic.a(strcspn-c.os)
 .eh_frame      0x0000000000002b80       0x40 /home/arch/infosec/club/magpieCTF-2024/challenges/binary-exploitation/freedom_of_thought/src/build/libc_pic.a(memset-avx512-no-vzeroupper.os)
 .eh_frame      0x0000000000002bc0      0x108 /home/arch/infosec/club/magpieCTF-2024/challenges/binary-exploitation/freedom_of_thought/src/build/libc_pic.a(memmove-sse2-unaligned-erms.os)
 .eh_frame      0x0000000000002cc8       0xb8 /home/arch/infosec/club/magpieCTF-2024/challenges/binary-exploitation/freedom_of_thought/src/build/libc_pic.a(memmove-avx-unaligned-erms.os)
 .eh_frame      0x0000000000002d80       0xb8 /home/arch/infosec/club/magpieCTF-2024/challenges/binary-exploitation/freedom_of_thought/src/build/libc_pic.a(memmove-avx512-unaligned-erms.os)
 .eh_frame      0x0000000000002e38       0xd0 /home/arch/infosec/club/magpieCTF-2024/challenges/binary-exploitation/freedom_of_thought/src/build/libc_pic.a(memset-sse2-unaligned-erms.os)
 .eh_frame      0x0000000000002f08       0xa8 /home/arch/infosec/club/magpieCTF-2024/challenges/binary-exploitation/freedom_of_thought/src/build/libc_pic.a(memset-avx2-unaligned-erms.os)
 .eh_frame      0x0000000000002fb0       0xa8 /home/arch/infosec/club/magpieCTF-2024/challenges/binary-exploitation/freedom_of_thought/src/build/libc_pic.a(memset-avx512-unaligned-erms.os)
 .eh_frame      0x0000000000003058      0x1a0 /home/arch/infosec/club/magpieCTF-2024/challenges/binary-exploitation/freedom_of_thought/src/build/libc_pic.a(cacheinfo.os)
 .eh_frame      0x00000000000031f8       0x40 /home/arch/infosec/club/magpieCTF-2024/challenges/binary-exploitation/freedom_of_thought/src/build/libc_pic.a(closedir.os)
 .eh_frame      0x0000000000003238       0x68 /home/arch/infosec/club/magpieCTF-2024/challenges/binary-exploitation/freedom_of_thought/src/build/libc_pic.a(readdir.os)
 .eh_frame      0x00000000000032a0       0x40 /home/arch/infosec/club/magpieCTF-2024/challenges/binary-exploitation/freedom_of_thought/src/build/libc_pic.a(rewinddir.os)
 .eh_frame      0x00000000000032e0       0x68 /home/arch/infosec/club/magpieCTF-2024/challenges/binary-exploitation/freedom_of_thought/src/build/libc_pic.a(getdents.os)
 .eh_frame      0x0000000000003348       0x48 /home/arch/infosec/club/magpieCTF-2024/challenges/binary-exploitation/freedom_of_thought/src/build/libc_pic.a(fdopendir.os)
 .eh_frame      0x0000000000003390       0x30 /home/arch/infosec/club/magpieCTF-2024/challenges/binary-exploitation/freedom_of_thought/src/build/libc_pic.a(uname.os)
 .eh_frame      0x00000000000033c0       0x30 /home/arch/infosec/club/magpieCTF-2024/challenges/binary-exploitation/freedom_of_thought/src/build/libc_pic.a(_exit.os)
 .eh_frame      0x00000000000033f0       0x30 /home/arch/infosec/club/magpieCTF-2024/challenges/binary-exploitation/freedom_of_thought/src/build/libc_pic.a(getpid.os)
 .eh_frame      0x0000000000003420       0x30 /home/arch/infosec/club/magpieCTF-2024/challenges/binary-exploitation/freedom_of_thought/src/build/libc_pic.a(xstat.os)
 .eh_frame      0x0000000000003450       0x30 /home/arch/infosec/club/magpieCTF-2024/challenges/binary-exploitation/freedom_of_thought/src/build/libc_pic.a(fxstat.os)
 .eh_frame      0x0000000000003480       0x30 /home/arch/infosec/club/magpieCTF-2024/challenges/binary-exploitation/freedom_of_thought/src/build/libc_pic.a(lxstat.os)
 .eh_frame      0x00000000000034b0       0x40 /home/arch/infosec/club/magpieCTF-2024/challenges/binary-exploitation/freedom_of_thought/src/build/libc_pic.a(open64.os)
 .eh_frame      0x00000000000034f0       0x38 /home/arch/infosec/club/magpieCTF-2024/challenges/binary-exploitation/freedom_of_thought/src/build/libc_pic.a(read.os)
 .eh_frame      0x0000000000003528       0x38 /home/arch/infosec/club/magpieCTF-2024/challenges/binary-exploitation/freedom_of_thought/src/build/libc_pic.a(write.os)
 .eh_frame      0x0000000000003560       0x30 /home/arch/infosec/club/magpieCTF-2024/challenges/binary-exploitation/freedom_of_thought/src/build/libc_pic.a(lseek64.os)
 .eh_frame      0x0000000000003590       0x30 /home/arch/infosec/club/magpieCTF-2024/challenges/binary-exploitation/freedom_of_thought/src/build/libc_pic.a(access.os)
 .eh_frame      0x00000000000035c0       0x50 /home/arch/infosec/club/magpieCTF-2024/challenges/binary-exploitation/freedom_of_thought/src/build/libc_pic.a(fcntl.os)
 .eh_frame      0x0000000000003610       0x38 /home/arch/infosec/club/magpieCTF-2024/challenges/binary-exploitation/freedom_of_thought/src/build/libc_pic.a(close.os)
 .eh_frame      0x0000000000003648       0x48 /home/arch/infosec/club/magpieCTF-2024/challenges/binary-exploitation/freedom_of_thought/src/build/libc_pic.a(mmap64.os)
 .eh_frame      0x0000000000003690       0x30 /home/arch/infosec/club/magpieCTF-2024/challenges/binary-exploitation/freedom_of_thought/src/build/libc_pic.a(munmap.os)
 .eh_frame      0x00000000000036c0       0x30 /home/arch/infosec/club/magpieCTF-2024/challenges/binary-exploitation/freedom_of_thought/src/build/libc_pic.a(mprotect.os)
 .eh_frame      0x00000000000036f0       0x88 /home/arch/infosec/club/magpieCTF-2024/challenges/binary-exploitation/freedom_of_thought/src/build/libc_pic.a(profil.os)
 .eh_frame      0x0000000000003778       0x30 /home/arch/infosec/club/magpieCTF-2024/challenges/binary-exploitation/freedom_of_thought/src/build/libc_pic.a(prof-freq.os)
 .eh_frame      0x00000000000037a8       0x60 /home/arch/infosec/club/magpieCTF-2024/challenges/binary-exploitation/freedom_of_thought/src/build/libc_pic.a(libc-lowlevellock.os)
 .eh_frame      0x0000000000003808       0x40 /home/arch/infosec/club/magpieCTF-2024/challenges/binary-exploitation/freedom_of_thought/src/build/libc_pic.a(libc-cancellation.os)
 .eh_frame      0x0000000000003848       0x30 /home/arch/infosec/club/magpieCTF-2024/challenges/binary-exploitation/freedom_of_thought/src/build/libc_pic.a(dl-addr-obj.os)
 .eh_frame      0x0000000000003878       0xe0 /home/arch/infosec/club/magpieCTF-2024/challenges/binary-exploitation/freedom_of_thought/src/build/libc_pic.a(sigaction.os)
                                         0xe8 (size before relaxing)
 .eh_frame      0x0000000000003958       0x30 /home/arch/infosec/club/magpieCTF-2024/challenges/binary-exploitation/freedom_of_thought/src/build/libc_pic.a(setitimer.os)
 .eh_frame      0x0000000000003988      0x310 /home/arch/infosec/club/magpieCTF-2024/challenges/binary-exploitation/freedom_of_thought/src/build/libc_pic.a(forward.os)
 .eh_frame      0x0000000000003c98       0x58 /home/arch/infosec/club/magpieCTF-2024/challenges/binary-exploitation/freedom_of_thought/src/build/libc_pic.a(exit.os)
 .eh_frame      0x0000000000003cf0       0xb0 /home/arch/infosec/club/magpieCTF-2024/challenges/binary-exploitation/freedom_of_thought/src/build/libc_pic.a(cxa_atexit.os)
 .eh_frame      0x0000000000003da0       0x7c /home/arch/infosec/club/magpieCTF-2024/challenges/binary-exploitation/freedom_of_thought/src/build/libc_pic.a(cxa_thread_atexit_impl.os)
                                         0x80 (size before relaxing)

.sframe
 *(.sframe)

.gcc_except_table
 *(.gcc_except_table)

.gnu_extab
 *(.gnu_extab*)

.exception_ranges
 *(.exception_ranges)

.eh_frame
 *(.eh_frame)

.sframe
 *(.sframe)

.gnu_extab
 *(.gnu_extab)

.gcc_except_table
 *(.gcc_except_table)

.exception_ranges
 *(.exception_ranges)

.tdata
 *(.tdata)

.tbss           0x0000000000000000       0x18
 *(.tbss)
 .tbss          0x0000000000000000        0x4 /home/arch/infosec/club/magpieCTF-2024/challenges/binary-exploitation/freedom_of_thought/src/build/libc_pic.a(errno.os)
                0x0000000000000000                errno
                0x0000000000000000                __libc_errno
 *fill*         0x0000000000000004        0x4 
 .tbss          0x0000000000000008       0x10 /home/arch/infosec/club/magpieCTF-2024/challenges/binary-exploitation/freedom_of_thought/src/build/libc_pic.a(cxa_thread_atexit_impl.os)

.jcr
 *(.jcr)

.dynamic
 *(.dynamic)

.got
 *(.got)

.got.plt
 *(.got.plt)

.data           0x0000000000000000      0xfb8
 *(.data)
 .data          0x0000000000000000      0xf78 /home/arch/infosec/club/magpieCTF-2024/challenges/binary-exploitation/freedom_of_thought/src/build/elf/dl-allobjs.os
                0x0000000000000000                _rtld_global
                0x0000000000000000                _rtld_local
 .data          0x0000000000000f78        0x0 /home/arch/infosec/club/magpieCTF-2024/challenges/binary-exploitation/freedom_of_thought/src/build/libc_pic.a(check_fds.os)
 .data          0x0000000000000f78        0x0 /home/arch/infosec/club/magpieCTF-2024/challenges/binary-exploitation/freedom_of_thought/src/build/libc_pic.a(errno.os)
 .data          0x0000000000000f78        0x0 /home/arch/infosec/club/magpieCTF-2024/challenges/binary-exploitation/freedom_of_thought/src/build/libc_pic.a(setjmp.os)
 .data          0x0000000000000f78        0x0 /home/arch/infosec/club/magpieCTF-2024/challenges/binary-exploitation/freedom_of_thought/src/build/libc_pic.a(__longjmp.os)
 .data          0x0000000000000f78        0x0 /home/arch/infosec/club/magpieCTF-2024/challenges/binary-exploitation/freedom_of_thought/src/build/libc_pic.a(strchr.os)
 .data          0x0000000000000f78        0x0 /home/arch/infosec/club/magpieCTF-2024/challenges/binary-exploitation/freedom_of_thought/src/build/libc_pic.a(strcmp.os)
 .data          0x0000000000000f78        0x0 /home/arch/infosec/club/magpieCTF-2024/challenges/binary-exploitation/freedom_of_thought/src/build/libc_pic.a(strcspn.os)
 .data          0x0000000000000f78        0x0 /home/arch/infosec/club/magpieCTF-2024/challenges/binary-exploitation/freedom_of_thought/src/build/libc_pic.a(strdup.os)
 .data          0x0000000000000f78        0x0 /home/arch/infosec/club/magpieCTF-2024/challenges/binary-exploitation/freedom_of_thought/src/build/libc_pic.a(strlen.os)
 .data          0x0000000000000f78        0x0 /home/arch/infosec/club/magpieCTF-2024/challenges/binary-exploitation/freedom_of_thought/src/build/libc_pic.a(strnlen.os)
 .data          0x0000000000000f78        0x0 /home/arch/infosec/club/magpieCTF-2024/challenges/binary-exploitation/freedom_of_thought/src/build/libc_pic.a(memchr.os)
 .data          0x0000000000000f78        0x0 /home/arch/infosec/club/magpieCTF-2024/challenges/binary-exploitation/freedom_of_thought/src/build/libc_pic.a(memcmp.os)
 .data          0x0000000000000f78        0x0 /home/arch/infosec/club/magpieCTF-2024/challenges/binary-exploitation/freedom_of_thought/src/build/libc_pic.a(memmove.os)
 .data          0x0000000000000f78        0x0 /home/arch/infosec/club/magpieCTF-2024/challenges/binary-exploitation/freedom_of_thought/src/build/libc_pic.a(memset.os)
 .data          0x0000000000000f78        0x0 /home/arch/infosec/club/magpieCTF-2024/challenges/binary-exploitation/freedom_of_thought/src/build/libc_pic.a(mempcpy.os)
 .data          0x0000000000000f78        0x0 /home/arch/infosec/club/magpieCTF-2024/challenges/binary-exploitation/freedom_of_thought/src/build/libc_pic.a(stpcpy.os)
 .data          0x0000000000000f78        0x0 /home/arch/infosec/club/magpieCTF-2024/challenges/binary-exploitation/freedom_of_thought/src/build/libc_pic.a(memcpy.os)
 .data          0x0000000000000f78        0x0 /home/arch/infosec/club/magpieCTF-2024/challenges/binary-exploitation/freedom_of_thought/src/build/libc_pic.a(rawmemchr.os)
 .data          0x0000000000000f78        0x0 /home/arch/infosec/club/magpieCTF-2024/challenges/binary-exploitation/freedom_of_thought/src/build/libc_pic.a(strcmp-sse2.os)
 .data          0x0000000000000f78        0x0 /home/arch/infosec/club/magpieCTF-2024/challenges/binary-exploitation/freedom_of_thought/src/build/libc_pic.a(strcmp-sse2-unaligned.os)
 .data          0x0000000000000f78        0x0 /home/arch/infosec/club/magpieCTF-2024/challenges/binary-exploitation/freedom_of_thought/src/build/libc_pic.a(strcmp-ssse3.os)
 .data          0x0000000000000f78        0x0 /home/arch/infosec/club/magpieCTF-2024/challenges/binary-exploitation/freedom_of_thought/src/build/libc_pic.a(memchr-sse2.os)
 .data          0x0000000000000f78        0x0 /home/arch/infosec/club/magpieCTF-2024/challenges/binary-exploitation/freedom_of_thought/src/build/libc_pic.a(rawmemchr-sse2.os)
 .data          0x0000000000000f78        0x0 /home/arch/infosec/club/magpieCTF-2024/challenges/binary-exploitation/freedom_of_thought/src/build/libc_pic.a(memchr-avx2.os)
 .data          0x0000000000000f78        0x0 /home/arch/infosec/club/magpieCTF-2024/challenges/binary-exploitation/freedom_of_thought/src/build/libc_pic.a(rawmemchr-avx2.os)
 .data          0x0000000000000f78        0x0 /home/arch/infosec/club/magpieCTF-2024/challenges/binary-exploitation/freedom_of_thought/src/build/libc_pic.a(memcmp-sse2.os)
 .data          0x0000000000000f78        0x0 /home/arch/infosec/club/magpieCTF-2024/challenges/binary-exploitation/freedom_of_thought/src/build/libc_pic.a(memcmp-avx2-movbe.os)
 .data          0x0000000000000f78        0x0 /home/arch/infosec/club/magpieCTF-2024/challenges/binary-exploitation/freedom_of_thought/src/build/libc_pic.a(memcmp-sse4.os)
 .data          0x0000000000000f78        0x0 /home/arch/infosec/club/magpieCTF-2024/challenges/binary-exploitation/freedom_of_thought/src/build/libc_pic.a(memcpy-ssse3.os)
 .data          0x0000000000000f78        0x0 /home/arch/infosec/club/magpieCTF-2024/challenges/binary-exploitation/freedom_of_thought/src/build/libc_pic.a(memmove-ssse3.os)
 .data          0x0000000000000f78        0x0 /home/arch/infosec/club/magpieCTF-2024/challenges/binary-exploitation/freedom_of_thought/src/build/libc_pic.a(memcpy-ssse3-back.os)
 .data          0x0000000000000f78        0x0 /home/arch/infosec/club/magpieCTF-2024/challenges/binary-exploitation/freedom_of_thought/src/build/libc_pic.a(memmove-ssse3-back.os)
 .data          0x0000000000000f78        0x0 /home/arch/infosec/club/magpieCTF-2024/challenges/binary-exploitation/freedom_of_thought/src/build/libc_pic.a(memmove-avx512-no-vzeroupper.os)
 .data          0x0000000000000f78        0x0 /home/arch/infosec/club/magpieCTF-2024/challenges/binary-exploitation/freedom_of_thought/src/build/libc_pic.a(strchr-sse2.os)
 .data          0x0000000000000f78        0x0 /home/arch/infosec/club/magpieCTF-2024/challenges/binary-exploitation/freedom_of_thought/src/build/libc_pic.a(strchr-avx2.os)
 .data          0x0000000000000f78        0x0 /home/arch/infosec/club/magpieCTF-2024/challenges/binary-exploitation/freedom_of_thought/src/build/libc_pic.a(strlen-sse2.os)
 .data          0x0000000000000f78        0x0 /home/arch/infosec/club/magpieCTF-2024/challenges/binary-exploitation/freedom_of_thought/src/build/libc_pic.a(strnlen-sse2.os)
 .data          0x0000000000000f78        0x0 /home/arch/infosec/club/magpieCTF-2024/challenges/binary-exploitation/freedom_of_thought/src/build/libc_pic.a(strlen-avx2.os)
 .data          0x0000000000000f78        0x0 /home/arch/infosec/club/magpieCTF-2024/challenges/binary-exploitation/freedom_of_thought/src/build/libc_pic.a(strnlen-avx2.os)
 .data          0x0000000000000f78        0x0 /home/arch/infosec/club/magpieCTF-2024/challenges/binary-exploitation/freedom_of_thought/src/build/libc_pic.a(stpcpy-sse2.os)
 .data          0x0000000000000f78        0x0 /home/arch/infosec/club/magpieCTF-2024/challenges/binary-exploitation/freedom_of_thought/src/build/libc_pic.a(stpcpy-ssse3.os)
 .data          0x0000000000000f78        0x0 /home/arch/infosec/club/magpieCTF-2024/challenges/binary-exploitation/freedom_of_thought/src/build/libc_pic.a(stpcpy-sse2-unaligned.os)
 .data          0x0000000000000f78        0x0 /home/arch/infosec/club/magpieCTF-2024/challenges/binary-exploitation/freedom_of_thought/src/build/libc_pic.a(strchr-sse2-no-bsf.os)
 .data          0x0000000000000f78        0x0 /home/arch/infosec/club/magpieCTF-2024/challenges/binary-exploitation/freedom_of_thought/src/build/libc_pic.a(memcmp-ssse3.os)
 .data          0x0000000000000f78        0x0 /home/arch/infosec/club/magpieCTF-2024/challenges/binary-exploitation/freedom_of_thought/src/build/libc_pic.a(strcspn-sse2.os)
 .data          0x0000000000000f78        0x0 /home/arch/infosec/club/magpieCTF-2024/challenges/binary-exploitation/freedom_of_thought/src/build/libc_pic.a(strcspn-c.os)
 .data          0x0000000000000f78        0x0 /home/arch/infosec/club/magpieCTF-2024/challenges/binary-exploitation/freedom_of_thought/src/build/libc_pic.a(varshift.os)
 .data          0x0000000000000f78        0x0 /home/arch/infosec/club/magpieCTF-2024/challenges/binary-exploitation/freedom_of_thought/src/build/libc_pic.a(memset-avx512-no-vzeroupper.os)
 .data          0x0000000000000f78        0x0 /home/arch/infosec/club/magpieCTF-2024/challenges/binary-exploitation/freedom_of_thought/src/build/libc_pic.a(memmove-sse2-unaligned-erms.os)
 .data          0x0000000000000f78        0x0 /home/arch/infosec/club/magpieCTF-2024/challenges/binary-exploitation/freedom_of_thought/src/build/libc_pic.a(memmove-avx-unaligned-erms.os)
 .data          0x0000000000000f78        0x0 /home/arch/infosec/club/magpieCTF-2024/challenges/binary-exploitation/freedom_of_thought/src/build/libc_pic.a(memmove-avx512-unaligned-erms.os)
 .data          0x0000000000000f78        0x0 /home/arch/infosec/club/magpieCTF-2024/challenges/binary-exploitation/freedom_of_thought/src/build/libc_pic.a(memset-sse2-unaligned-erms.os)
 .data          0x0000000000000f78        0x0 /home/arch/infosec/club/magpieCTF-2024/challenges/binary-exploitation/freedom_of_thought/src/build/libc_pic.a(memset-avx2-unaligned-erms.os)
 .data          0x0000000000000f78        0x0 /home/arch/infosec/club/magpieCTF-2024/challenges/binary-exploitation/freedom_of_thought/src/build/libc_pic.a(memset-avx512-unaligned-erms.os)
 .data          0x0000000000000f78       0x40 /home/arch/infosec/club/magpieCTF-2024/challenges/binary-exploitation/freedom_of_thought/src/build/libc_pic.a(cacheinfo.os)
                0x0000000000000f78                __x86_raw_shared_cache_size
                0x0000000000000f80                __x86_raw_shared_cache_size_half
                0x0000000000000f88                __x86_shared_cache_size
                0x0000000000000f90                __x86_shared_cache_size_half
                0x0000000000000f98                __x86_raw_data_cache_size
                0x0000000000000fa0                __x86_raw_data_cache_size_half
                0x0000000000000fa8                __x86_data_cache_size
                0x0000000000000fb0                __x86_data_cache_size_half
 .data          0x0000000000000fb8        0x0 /home/arch/infosec/club/magpieCTF-2024/challenges/binary-exploitation/freedom_of_thought/src/build/libc_pic.a(closedir.os)
 .data          0x0000000000000fb8        0x0 /home/arch/infosec/club/magpieCTF-2024/challenges/binary-exploitation/freedom_of_thought/src/build/libc_pic.a(readdir.os)
 .data          0x0000000000000fb8        0x0 /home/arch/infosec/club/magpieCTF-2024/challenges/binary-exploitation/freedom_of_thought/src/build/libc_pic.a(rewinddir.os)
 .data          0x0000000000000fb8        0x0 /home/arch/infosec/club/magpieCTF-2024/challenges/binary-exploitation/freedom_of_thought/src/build/libc_pic.a(getdents.os)
 .data          0x0000000000000fb8        0x0 /home/arch/infosec/club/magpieCTF-2024/challenges/binary-exploitation/freedom_of_thought/src/build/libc_pic.a(fdopendir.os)
 .data          0x0000000000000fb8        0x0 /home/arch/infosec/club/magpieCTF-2024/challenges/binary-exploitation/freedom_of_thought/src/build/libc_pic.a(uname.os)
 .data          0x0000000000000fb8        0x0 /home/arch/infosec/club/magpieCTF-2024/challenges/binary-exploitation/freedom_of_thought/src/build/libc_pic.a(_exit.os)
 .data          0x0000000000000fb8        0x0 /home/arch/infosec/club/magpieCTF-2024/challenges/binary-exploitation/freedom_of_thought/src/build/libc_pic.a(getpid.os)
 .data          0x0000000000000fb8        0x0 /home/arch/infosec/club/magpieCTF-2024/challenges/binary-exploitation/freedom_of_thought/src/build/libc_pic.a(environ.os)
 .data          0x0000000000000fb8        0x0 /home/arch/infosec/club/magpieCTF-2024/challenges/binary-exploitation/freedom_of_thought/src/build/libc_pic.a(xstat.os)
 .data          0x0000000000000fb8        0x0 /home/arch/infosec/club/magpieCTF-2024/challenges/binary-exploitation/freedom_of_thought/src/build/libc_pic.a(fxstat.os)
 .data          0x0000000000000fb8        0x0 /home/arch/infosec/club/magpieCTF-2024/challenges/binary-exploitation/freedom_of_thought/src/build/libc_pic.a(lxstat.os)
 .data          0x0000000000000fb8        0x0 /home/arch/infosec/club/magpieCTF-2024/challenges/binary-exploitation/freedom_of_thought/src/build/libc_pic.a(open64.os)
 .data          0x0000000000000fb8        0x0 /home/arch/infosec/club/magpieCTF-2024/challenges/binary-exploitation/freedom_of_thought/src/build/libc_pic.a(read.os)
 .data          0x0000000000000fb8        0x0 /home/arch/infosec/club/magpieCTF-2024/challenges/binary-exploitation/freedom_of_thought/src/build/libc_pic.a(write.os)
 .data          0x0000000000000fb8        0x0 /home/arch/infosec/club/magpieCTF-2024/challenges/binary-exploitation/freedom_of_thought/src/build/libc_pic.a(lseek64.os)
 .data          0x0000000000000fb8        0x0 /home/arch/infosec/club/magpieCTF-2024/challenges/binary-exploitation/freedom_of_thought/src/build/libc_pic.a(access.os)
 .data          0x0000000000000fb8        0x0 /home/arch/infosec/club/magpieCTF-2024/challenges/binary-exploitation/freedom_of_thought/src/build/libc_pic.a(fcntl.os)
 .data          0x0000000000000fb8        0x0 /home/arch/infosec/club/magpieCTF-2024/challenges/binary-exploitation/freedom_of_thought/src/build/libc_pic.a(close.os)
 .data          0x0000000000000fb8        0x0 /home/arch/infosec/club/magpieCTF-2024/challenges/binary-exploitation/freedom_of_thought/src/build/libc_pic.a(mmap64.os)
 .data          0x0000000000000fb8        0x0 /home/arch/infosec/club/magpieCTF-2024/challenges/binary-exploitation/freedom_of_thought/src/build/libc_pic.a(munmap.os)
 .data          0x0000000000000fb8        0x0 /home/arch/infosec/club/magpieCTF-2024/challenges/binary-exploitation/freedom_of_thought/src/build/libc_pic.a(mprotect.os)
 .data          0x0000000000000fb8        0x0 /home/arch/infosec/club/magpieCTF-2024/challenges/binary-exploitation/freedom_of_thought/src/build/libc_pic.a(profil.os)
 .data          0x0000000000000fb8        0x0 /home/arch/infosec/club/magpieCTF-2024/challenges/binary-exploitation/freedom_of_thought/src/build/libc_pic.a(prof-freq.os)
 .data          0x0000000000000fb8        0x0 /home/arch/infosec/club/magpieCTF-2024/challenges/binary-exploitation/freedom_of_thought/src/build/libc_pic.a(libc-lowlevellock.os)
 .data          0x0000000000000fb8        0x0 /home/arch/infosec/club/magpieCTF-2024/challenges/binary-exploitation/freedom_of_thought/src/build/libc_pic.a(libc-cancellation.os)
 .data          0x0000000000000fb8        0x0 /home/arch/infosec/club/magpieCTF-2024/challenges/binary-exploitation/freedom_of_thought/src/build/libc_pic.a(libc_multiple_threads.os)
 .data          0x0000000000000fb8        0x0 /home/arch/infosec/club/magpieCTF-2024/challenges/binary-exploitation/freedom_of_thought/src/build/libc_pic.a(dl-addr-obj.os)
 .data          0x0000000000000fb8        0x0 /home/arch/infosec/club/magpieCTF-2024/challenges/binary-exploitation/freedom_of_thought/src/build/libc_pic.a(sigaction.os)
 .data          0x0000000000000fb8        0x0 /home/arch/infosec/club/magpieCTF-2024/challenges/binary-exploitation/freedom_of_thought/src/build/libc_pic.a(setitimer.os)
 .data          0x0000000000000fb8        0x0 /home/arch/infosec/club/magpieCTF-2024/challenges/binary-exploitation/freedom_of_thought/src/build/libc_pic.a(forward.os)
 .data          0x0000000000000fb8        0x0 /home/arch/infosec/club/magpieCTF-2024/challenges/binary-exploitation/freedom_of_thought/src/build/libc_pic.a(exit.os)
 .data          0x0000000000000fb8        0x0 /home/arch/infosec/club/magpieCTF-2024/challenges/binary-exploitation/freedom_of_thought/src/build/libc_pic.a(cxa_atexit.os)
 .data          0x0000000000000fb8        0x0 /home/arch/infosec/club/magpieCTF-2024/challenges/binary-exploitation/freedom_of_thought/src/build/libc_pic.a(cxa_thread_atexit_impl.os)

.data.rel.ro    0x0000000000000000      0x694